#
# There is insufficient memory for the Java Runtime Environment to continue.
# Native memory allocation (mmap) failed to map 65536 bytes. Error detail: Failed to commit metaspace.
# Possible reasons:
#   The system is out of physical RAM or swap space
#   This process is running with CompressedOops enabled, and the Java Heap may be blocking the growth of the native heap
# Possible solutions:
#   Reduce memory load on the system
#   Increase physical memory or swap space
#   Check if swap backing store is full
#   Decrease Java heap size (-Xmx/-Xms)
#   Decrease number of Java threads
#   Decrease Java thread stack sizes (-Xss)
#   Set larger code cache with -XX:ReservedCodeCacheSize=
#   JVM is running with Zero Based Compressed Oops mode in which the Java heap is
#     placed in the first 32GB address space. The Java Heap base address is the
#     maximum limit for the native heap growth. Please use -XX:HeapBaseMinAddress
#     to set the Java Heap base and to place the Java Heap above 32GB virtual address.
# This output file may be truncated or incomplete.
#
#  Out of Memory Error (virtualSpaceNode.cpp:112), pid=30812, tid=4296
#
# JRE version: OpenJDK Runtime Environment (22.0.2+9) (build 22.0.2+9-70)
# Java VM: OpenJDK 64-Bit Server VM (22.0.2+9-70, mixed mode, emulated-client, sharing, tiered, compressed oops, compressed class ptrs, g1 gc, windows-amd64)
# No core dump will be written. Minidumps are not enabled by default on client versions of Windows
#

---------------  S U M M A R Y ------------

Command Line: -XX:TieredStopAtLevel=1 -Dspring.output.ansi.enabled=always -Dcom.sun.management.jmxremote -Dspring.jmx.enabled=true -Dspring.liveBeansView.mbeanDomain -Dspring.application.admin.enabled=true -Dmanagement.endpoints.jmx.exposure.include=* -javaagent:C:\Program Files\JetBrains\IntelliJ IDEA 2024.2.0.1\lib\idea_rt.jar=54333:C:\Program Files\JetBrains\IntelliJ IDEA 2024.2.0.1\bin -Dfile.encoding=UTF-8 -Dsun.stdout.encoding=UTF-8 -Dsun.stderr.encoding=UTF-8 com.fpt.config.JpapracticeApplication

Host: 11th Gen Intel(R) Core(TM) i5-1135G7 @ 2.40GHz, 8 cores, 23G,  Windows 11 , 64 bit Build 22621 (10.0.22621.5015)
Time: Wed Mar 26 21:05:43 2025 SE Asia Standard Time elapsed time: 0.397865 seconds (0d 0h 0m 0s)

---------------  T H R E A D  ---------------

Current thread (0x000001f771311980):  JavaThread "main"             [_thread_in_vm, id=4296, stack(0x0000008e00500000,0x0000008e00600000) (1024K)]

Stack: [0x0000008e00500000,0x0000008e00600000]
Native frames: (J=compiled Java code, j=interpreted, Vv=VM code, C=native code)
V  [jvm.dll+0x6e26e9]  (no source info available)
V  [jvm.dll+0x875753]  (no source info available)
V  [jvm.dll+0x877b7e]  (no source info available)
V  [jvm.dll+0x878253]  (no source info available)
V  [jvm.dll+0x27fc86]  (no source info available)
V  [jvm.dll+0x87139e]  (no source info available)
V  [jvm.dll+0x685755]  (no source info available)
V  [jvm.dll+0x6857ba]  (no source info available)
V  [jvm.dll+0x687ffa]  (no source info available)
V  [jvm.dll+0x224f6c]  (no source info available)
V  [jvm.dll+0x68616e]  (no source info available)
V  [jvm.dll+0x269dbf]  (no source info available)
V  [jvm.dll+0x6903c4]  (no source info available)
V  [jvm.dll+0x2151c1]  (no source info available)
V  [jvm.dll+0x21564a]  (no source info available)
V  [jvm.dll+0x216071]  (no source info available)
V  [jvm.dll+0x20b3ae]  (no source info available)
V  [jvm.dll+0x5c4a8f]  (no source info available)
V  [jvm.dll+0x21cb2a]  (no source info available)
V  [jvm.dll+0x7ebe8c]  (no source info available)
V  [jvm.dll+0x7ecf26]  (no source info available)
V  [jvm.dll+0x7ed534]  (no source info available)
V  [jvm.dll+0x7ed1b8]  (no source info available)
V  [jvm.dll+0x26d6ab]  (no source info available)
V  [jvm.dll+0x3d9eae]  (no source info available)
C  0x000001f77ae497ff  (no source info available)

The last pc belongs to new (printed below).
Java frames: (J=compiled Java code, j=interpreted, Vv=VM code)
j  jdk.jfr.internal.query.ViewFile.parse(Ljava/lang/String;)Ljava/util/List;+8 jdk.jfr@22.0.2
j  jdk.jfr.internal.query.ViewFile.<init>(Ljava/lang/String;)V+7 jdk.jfr@22.0.2
j  jdk.jfr.internal.query.ViewFile.getDefault()Ljdk/jfr/internal/query/ViewFile;+32 jdk.jfr@22.0.2
j  jdk.jfr.internal.query.ViewPrinter.getViewList(Ljava/lang/String;)Ljava/util/List;+8 jdk.jfr@22.0.2
j  jdk.jfr.internal.query.ViewPrinter.getAvailableViews()Ljava/util/List;+26 jdk.jfr@22.0.2
j  jdk.jfr.internal.dcmd.DCmdView.printHelp()[Ljava/lang/String;+37 jdk.jfr@22.0.2
v  ~StubRoutines::call_stub 0x000001f77ae3100d
j  com.sun.management.internal.DiagnosticCommandImpl.executeDiagnosticCommand(Ljava/lang/String;)Ljava/lang/String;+0 jdk.management@22.0.2
j  com.sun.management.internal.DiagnosticCommandImpl.commandDescriptor(Lcom/sun/management/internal/DiagnosticCommandImpl$Wrapper;)Ljavax/management/Descriptor;+153 jdk.management@22.0.2
j  com.sun.management.internal.DiagnosticCommandImpl.getMBeanInfo()Ljavax/management/MBeanInfo;+181 jdk.management@22.0.2
j  com.sun.jmx.interceptor.DefaultMBeanServerInterceptor.getNewMBeanClassName(Ljava/lang/Object;)Ljava/lang/String;+13 java.management@22.0.2
j  com.sun.jmx.interceptor.DefaultMBeanServerInterceptor.registerMBean(Ljava/lang/Object;Ljavax/management/ObjectName;)Ljavax/management/ObjectInstance;+10 java.management@22.0.2
j  com.sun.jmx.mbeanserver.JmxMBeanServer.registerMBean(Ljava/lang/Object;Ljavax/management/ObjectName;)Ljavax/management/ObjectInstance;+10 java.management@22.0.2
j  java.lang.management.ManagementFactory.lambda$addMXBean$7(Ljava/lang/Object;Ljavax/management/MBeanServer;Ljavax/management/ObjectName;)Ljava/lang/Void;+60 java.management@22.0.2
j  java.lang.management.ManagementFactory$$Lambda+0x000001f70a06d300.run()Ljava/lang/Object;+12 java.management@22.0.2
j  java.security.AccessController.executePrivileged(Ljava/security/PrivilegedExceptionAction;Ljava/security/AccessControlContext;Ljava/lang/Class;)Ljava/lang/Object;+29 java.base@22.0.2
j  java.security.AccessController.doPrivileged(Ljava/security/PrivilegedExceptionAction;)Ljava/lang/Object;+9 java.base@22.0.2
j  java.lang.management.ManagementFactory.addMXBean(Ljavax/management/MBeanServer;Ljava/lang/String;Ljava/lang/Object;)V+13 java.management@22.0.2
j  java.lang.management.ManagementFactory.lambda$getPlatformMBeanServer$1(Ljava/util/Map$Entry;)V+18 java.management@22.0.2
j  java.lang.management.ManagementFactory$$Lambda+0x000001f70a06c8f8.accept(Ljava/lang/Object;)V+4 java.management@22.0.2
j  java.util.stream.ForEachOps$ForEachOp$OfRef.accept(Ljava/lang/Object;)V+5 java.base@22.0.2
j  java.util.Collections$2.tryAdvance(Ljava/util/function/Consumer;)Z+29 java.base@22.0.2
j  java.util.Collections$2.forEachRemaining(Ljava/util/function/Consumer;)V+2 java.base@22.0.2
j  java.util.stream.ReferencePipeline$Head.forEach(Ljava/util/function/Consumer;)V+12 java.base@22.0.2
j  java.util.stream.ReferencePipeline$7$1.accept(Ljava/lang/Object;)V+41 java.base@22.0.2
j  java.util.stream.ReferencePipeline$2$1.accept(Ljava/lang/Object;)V+21 java.base@22.0.2
j  java.util.HashMap$ValueSpliterator.forEachRemaining(Ljava/util/function/Consumer;)V+145 java.base@22.0.2
j  java.util.stream.AbstractPipeline.copyInto(Ljava/util/stream/Sink;Ljava/util/Spliterator;)V+32 java.base@22.0.2
j  java.util.stream.AbstractPipeline.wrapAndCopyInto(Ljava/util/stream/Sink;Ljava/util/Spliterator;)Ljava/util/stream/Sink;+13 java.base@22.0.2
j  java.util.stream.ForEachOps$ForEachOp.evaluateSequential(Ljava/util/stream/PipelineHelper;Ljava/util/Spliterator;)Ljava/lang/Void;+3 java.base@22.0.2
j  java.util.stream.ForEachOps$ForEachOp$OfRef.evaluateSequential(Ljava/util/stream/PipelineHelper;Ljava/util/Spliterator;)Ljava/lang/Object;+3 java.base@22.0.2
j  java.util.stream.AbstractPipeline.evaluate(Ljava/util/stream/TerminalOp;)Ljava/lang/Object;+88 java.base@22.0.2
j  java.util.stream.ReferencePipeline.forEach(Ljava/util/function/Consumer;)V+6 java.base@22.0.2
j  java.lang.management.ManagementFactory.getPlatformMBeanServer()Ljavax/management/MBeanServer;+68 java.management@22.0.2
j  sun.management.jmxremote.ConnectorBootstrap.startLocalConnectorServer()Ljavax/management/remote/JMXConnectorServer;+88 jdk.management.agent@22.0.2
j  jdk.internal.agent.Agent.startLocalManagementAgent()V+13 jdk.management.agent@22.0.2
j  jdk.internal.agent.Agent.startAgent(Ljava/util/Properties;)V+58 jdk.management.agent@22.0.2
j  jdk.internal.agent.Agent.startAgent()V+20 jdk.management.agent@22.0.2
v  ~StubRoutines::call_stub 0x000001f77ae3100d
new  187 new  [0x000001f77ae49680, 0x000001f77ae49888]  520 bytes
[MachCode]
  0x000001f77ae49680: 4883 ec08 | c5fa 1104 | 24eb 1f48 | 83ec 10c5 | fb11 0424 | eb14 4883 | ec10 4889 | 0424 48c7 
  0x000001f77ae496a0: 4424 0800 | 0000 00eb | 0150 410f | b755 010f | cac1 ea10 | 488b 4de8 | 488b 4908 | 488b 4908 
  0x000001f77ae496c0: 488b 4108 | 807c 1004 | 070f 85d3 | 0000 0066 | 8b54 d148 | 488b 4928 | 488b 4cd1 | 0851 80b9 
  0x000001f77ae496e0: 2001 0000 | 050f 85b6 | 0000 008b | 5108 f6c2 | 010f 85aa | 0000 0049 | 8b87 b801 | 0000 488d 
  0x000001f77ae49700: 1c10 493b | 9fc8 0100 | 000f 8792 | 0000 0049 | 899f b801 | 0000 4883 | ea10 0f84 | 0f00 0000 
  0x000001f77ae49720: 33c9 c1ea | 0348 894c | d008 48ff | ca75 f648 | c700 0100 | 0000 5933 | f689 700c | 49ba 0000 
  0x000001f77ae49740: 0009 f701 | 0000 492b | ca89 4808 | 49ba 6d40 | 6a39 fa7f | 0000 4180 | 3a00 0f84 | 3c00 0000 
  0x000001f77ae49760: 5048 8bc8 | 4883 ec20 | 40f6 c40f | 0f84 1900 | 0000 4883 | ec08 48b8 | c0b9 1a39 | fa7f 0000 
  0x000001f77ae49780: ffd0 4883 | c408 e90c | 0000 0048 | b8c0 b91a | 39fa 7f00 | 00ff d048 | 83c4 2058 | e9cb 0000 
  0x000001f77ae497a0: 0059 488b | 55e8 488b | 5208 488b | 5208 450f | b745 0141 | 0fc8 41c1 | e810 e805 | 0000 00e9 
  0x000001f77ae497c0: a800 0000 | 488d 4424 | 084c 896d | c049 8bcf | c5f8 7749 | 89af b003 | 0000 4989 | 87a0 0300 
  0x000001f77ae497e0: 0048 83ec | 2040 f6c4 | 0f0f 8419 | 0000 0048 | 83ec 0848 | b860 9ee3 | 38fa 7f00 | 00ff d048 
  0x000001f77ae49800: 83c4 08e9 | 0c00 0000 | 48b8 609e | e338 fa7f | 0000 ffd0 | 4883 c420 | 49c7 87a0 | 0300 0000 
  0x000001f77ae49820: 0000 0049 | c787 b003 | 0000 0000 | 0000 49c7 | 87a8 0300 | 0000 0000 | 00c5 f877 | 4983 7f08 
  0x000001f77ae49840: 000f 8405 | 0000 00e9 | b476 feff | 498b 87f8 | 0300 0049 | c787 f803 | 0000 0000 | 0000 4c8b 
  0x000001f77ae49860: 6dc0 4c8b | 75c8 4e8d | 74f5 00c3 | 410f b65d | 0349 83c5 | 0349 ba30 | 096e 39fa | 7f00 0041 
  0x000001f77ae49880: ff24 da0f | 1f44 0000 
[/MachCode]

---------------  P R O C E S S  ---------------

Threads class SMR info:
_java_thread_list=0x000001f74e00e700, length=14, elements={
0x000001f771311980, 0x000001f70869d3a0, 0x000001f70869e3b0, 0x000001f708b05d20,
0x000001f708b09c70, 0x000001f708b0a7c0, 0x000001f708b0b310, 0x000001f708b0be60,
0x000001f70866ce50, 0x000001f708baab50, 0x000001f74e008a50, 0x000001f74e011550,
0x000001f74e12e770, 0x000001f74e12ede0
}

Java Threads: ( => current thread )
=>0x000001f771311980 JavaThread "main"                              [_thread_in_vm, id=4296, stack(0x0000008e00500000,0x0000008e00600000) (1024K)]
  0x000001f70869d3a0 JavaThread "Reference Handler"          daemon [_thread_blocked, id=5912, stack(0x0000008e00d00000,0x0000008e00e00000) (1024K)]
  0x000001f70869e3b0 JavaThread "Finalizer"                  daemon [_thread_blocked, id=26200, stack(0x0000008e00e00000,0x0000008e00f00000) (1024K)]
  0x000001f708b05d20 JavaThread "Signal Dispatcher"          daemon [_thread_blocked, id=30248, stack(0x0000008e00f00000,0x0000008e01000000) (1024K)]
  0x000001f708b09c70 JavaThread "Attach Listener"            daemon [_thread_blocked, id=11708, stack(0x0000008e01000000,0x0000008e01100000) (1024K)]
  0x000001f708b0a7c0 JavaThread "Service Thread"             daemon [_thread_blocked, id=17764, stack(0x0000008e01100000,0x0000008e01200000) (1024K)]
  0x000001f708b0b310 JavaThread "Monitor Deflation Thread"   daemon [_thread_blocked, id=6328, stack(0x0000008e01200000,0x0000008e01300000) (1024K)]
  0x000001f708b0be60 JavaThread "C1 CompilerThread0"         daemon [_thread_blocked, id=22704, stack(0x0000008e01300000,0x0000008e01400000) (1024K)]
  0x000001f70866ce50 JavaThread "Common-Cleaner"             daemon [_thread_blocked, id=26164, stack(0x0000008e01400000,0x0000008e01500000) (1024K)]
  0x000001f708baab50 JavaThread "C1 CompilerThread1"         daemon [_thread_blocked, id=10628, stack(0x0000008e01500000,0x0000008e01600000) (1024K)]
  0x000001f74e008a50 JavaThread "C1 CompilerThread2"         daemon [_thread_blocked, id=33872, stack(0x0000008e01600000,0x0000008e01700000) (1024K)]
  0x000001f74e011550 JavaThread "C1 CompilerThread3"         daemon [_thread_blocked, id=12204, stack(0x0000008e01700000,0x0000008e01800000) (1024K)]
  0x000001f74e12e770 JavaThread "Monitor Ctrl-Break"         daemon [_thread_in_native, id=4788, stack(0x0000008e01800000,0x0000008e01900000) (1024K)]
  0x000001f74e12ede0 JavaThread "Notification Thread"        daemon [_thread_blocked, id=1552, stack(0x0000008e01900000,0x0000008e01a00000) (1024K)]
Total: 14

Other Threads:
  0x000001f708685600 VMThread "VM Thread"                           [id=21916, stack(0x0000008e00c00000,0x0000008e00d00000) (1024K)]
  0x000001f70866bde0 WatcherThread "VM Periodic Task Thread"        [id=18280, stack(0x0000008e00b00000,0x0000008e00c00000) (1024K)]
  0x000001f771396030 WorkerThread "GC Thread#0"                     [id=4352, stack(0x0000008e00600000,0x0000008e00700000) (1024K)]
  0x000001f7713a3050 ConcurrentGCThread "G1 Main Marker"            [id=27148, stack(0x0000008e00700000,0x0000008e00800000) (1024K)]
  0x000001f7713a3b60 WorkerThread "G1 Conc#0"                       [id=32388, stack(0x0000008e00800000,0x0000008e00900000) (1024K)]
  0x000001f7085411f0 ConcurrentGCThread "G1 Refine#0"               [id=2608, stack(0x0000008e00900000,0x0000008e00a00000) (1024K)]
  0x000001f708541d70 ConcurrentGCThread "G1 Service"                [id=10320, stack(0x0000008e00a00000,0x0000008e00b00000) (1024K)]
Total: 7

Threads with active compile tasks:
Total: 0

VM state: not at safepoint (normal execution)

VM Mutex/Monitor currently owned by a thread:  ([mutex/lock_event])
[0x00007ffa396cab00] Metaspace_lock - owner thread: 0x000001f771311980

Heap address: 0x0000000683000000, size: 6096 MB, Compressed Oops mode: Zero based, Oop shift amount: 3

CDS archive(s) mapped at: [0x000001f709000000-0x000001f709c60000-0x000001f709c60000), size 12976128, SharedBaseAddress: 0x000001f709000000, ArchiveRelocationMode: 1.
Compressed class space mapped at: 0x000001f70a000000-0x000001f74a000000, reserved size: 1073741824
Narrow klass base: 0x000001f709000000, Narrow klass shift: 0, Narrow klass range: 0x41000000

GC Precious Log:
 CardTable entry size: 512
 Card Set container configuration: InlinePtr #cards 4 size 8 Array Of Cards #cards 32 size 80 Howl #buckets 8 coarsen threshold 7372 Howl Bitmap #cards 1024 size 144 coarsen threshold 921 Card regions per heap region 1 cards per card region 8192
 CPUs: 8 total, 8 available
 Memory: 24375M
 Large Page Support: Disabled
 NUMA Support: Disabled
 Compressed Oops: Enabled (Zero based)
 Heap Region Size: 4M
 Heap Min Capacity: 8M
 Heap Initial Capacity: 384M
 Heap Max Capacity: 6096M
 Pre-touch: Disabled
 Parallel Workers: 8
 Concurrent Workers: 2
 Concurrent Refinement Workers: 8
 Periodic GC: Disabled

Heap:
 garbage-first heap   total reserved 6242304K, committed 393216K, used 12288K [0x0000000683000000, 0x0000000800000000)
  region size 4096K, 4 young (16384K), 0 survivors (0K)
 Metaspace       used 2973K, committed 3072K, reserved 1114112K
  class space    used 343K, committed 384K, reserved 1048576K

Heap Regions: E=young(eden), S=young(survivor), O=old, HS=humongous(starts), HC=humongous(continues), CS=collection set, F=free, TAMS=top-at-mark-start, PB=parsable bottom
|   0|0x0000000683000000, 0x0000000683000000, 0x0000000683400000|  0%| F|  |TAMS 0x0000000683000000| PB 0x0000000683000000| Untracked |  0
|   1|0x0000000683400000, 0x0000000683400000, 0x0000000683800000|  0%| F|  |TAMS 0x0000000683400000| PB 0x0000000683400000| Untracked |  0
|   2|0x0000000683800000, 0x0000000683800000, 0x0000000683c00000|  0%| F|  |TAMS 0x0000000683800000| PB 0x0000000683800000| Untracked |  0
|   3|0x0000000683c00000, 0x0000000683c00000, 0x0000000684000000|  0%| F|  |TAMS 0x0000000683c00000| PB 0x0000000683c00000| Untracked |  0
|   4|0x0000000684000000, 0x0000000684000000, 0x0000000684400000|  0%| F|  |TAMS 0x0000000684000000| PB 0x0000000684000000| Untracked |  0
|   5|0x0000000684400000, 0x0000000684400000, 0x0000000684800000|  0%| F|  |TAMS 0x0000000684400000| PB 0x0000000684400000| Untracked |  0
|   6|0x0000000684800000, 0x0000000684800000, 0x0000000684c00000|  0%| F|  |TAMS 0x0000000684800000| PB 0x0000000684800000| Untracked |  0
|   7|0x0000000684c00000, 0x0000000684c00000, 0x0000000685000000|  0%| F|  |TAMS 0x0000000684c00000| PB 0x0000000684c00000| Untracked |  0
|   8|0x0000000685000000, 0x0000000685000000, 0x0000000685400000|  0%| F|  |TAMS 0x0000000685000000| PB 0x0000000685000000| Untracked |  0
|   9|0x0000000685400000, 0x0000000685400000, 0x0000000685800000|  0%| F|  |TAMS 0x0000000685400000| PB 0x0000000685400000| Untracked |  0
|  10|0x0000000685800000, 0x0000000685800000, 0x0000000685c00000|  0%| F|  |TAMS 0x0000000685800000| PB 0x0000000685800000| Untracked |  0
|  11|0x0000000685c00000, 0x0000000685c00000, 0x0000000686000000|  0%| F|  |TAMS 0x0000000685c00000| PB 0x0000000685c00000| Untracked |  0
|  12|0x0000000686000000, 0x0000000686000000, 0x0000000686400000|  0%| F|  |TAMS 0x0000000686000000| PB 0x0000000686000000| Untracked |  0
|  13|0x0000000686400000, 0x0000000686400000, 0x0000000686800000|  0%| F|  |TAMS 0x0000000686400000| PB 0x0000000686400000| Untracked |  0
|  14|0x0000000686800000, 0x0000000686800000, 0x0000000686c00000|  0%| F|  |TAMS 0x0000000686800000| PB 0x0000000686800000| Untracked |  0
|  15|0x0000000686c00000, 0x0000000686c00000, 0x0000000687000000|  0%| F|  |TAMS 0x0000000686c00000| PB 0x0000000686c00000| Untracked |  0
|  16|0x0000000687000000, 0x0000000687000000, 0x0000000687400000|  0%| F|  |TAMS 0x0000000687000000| PB 0x0000000687000000| Untracked |  0
|  17|0x0000000687400000, 0x0000000687400000, 0x0000000687800000|  0%| F|  |TAMS 0x0000000687400000| PB 0x0000000687400000| Untracked |  0
|  18|0x0000000687800000, 0x0000000687800000, 0x0000000687c00000|  0%| F|  |TAMS 0x0000000687800000| PB 0x0000000687800000| Untracked |  0
|  19|0x0000000687c00000, 0x0000000687c00000, 0x0000000688000000|  0%| F|  |TAMS 0x0000000687c00000| PB 0x0000000687c00000| Untracked |  0
|  20|0x0000000688000000, 0x0000000688000000, 0x0000000688400000|  0%| F|  |TAMS 0x0000000688000000| PB 0x0000000688000000| Untracked |  0
|  21|0x0000000688400000, 0x0000000688400000, 0x0000000688800000|  0%| F|  |TAMS 0x0000000688400000| PB 0x0000000688400000| Untracked |  0
|  22|0x0000000688800000, 0x0000000688800000, 0x0000000688c00000|  0%| F|  |TAMS 0x0000000688800000| PB 0x0000000688800000| Untracked |  0
|  23|0x0000000688c00000, 0x0000000688c00000, 0x0000000689000000|  0%| F|  |TAMS 0x0000000688c00000| PB 0x0000000688c00000| Untracked |  0
|  24|0x0000000689000000, 0x0000000689000000, 0x0000000689400000|  0%| F|  |TAMS 0x0000000689000000| PB 0x0000000689000000| Untracked |  0
|  25|0x0000000689400000, 0x0000000689400000, 0x0000000689800000|  0%| F|  |TAMS 0x0000000689400000| PB 0x0000000689400000| Untracked |  0
|  26|0x0000000689800000, 0x0000000689800000, 0x0000000689c00000|  0%| F|  |TAMS 0x0000000689800000| PB 0x0000000689800000| Untracked |  0
|  27|0x0000000689c00000, 0x0000000689c00000, 0x000000068a000000|  0%| F|  |TAMS 0x0000000689c00000| PB 0x0000000689c00000| Untracked |  0
|  28|0x000000068a000000, 0x000000068a000000, 0x000000068a400000|  0%| F|  |TAMS 0x000000068a000000| PB 0x000000068a000000| Untracked |  0
|  29|0x000000068a400000, 0x000000068a400000, 0x000000068a800000|  0%| F|  |TAMS 0x000000068a400000| PB 0x000000068a400000| Untracked |  0
|  30|0x000000068a800000, 0x000000068a800000, 0x000000068ac00000|  0%| F|  |TAMS 0x000000068a800000| PB 0x000000068a800000| Untracked |  0
|  31|0x000000068ac00000, 0x000000068ac00000, 0x000000068b000000|  0%| F|  |TAMS 0x000000068ac00000| PB 0x000000068ac00000| Untracked |  0
|  32|0x000000068b000000, 0x000000068b000000, 0x000000068b400000|  0%| F|  |TAMS 0x000000068b000000| PB 0x000000068b000000| Untracked |  0
|  33|0x000000068b400000, 0x000000068b400000, 0x000000068b800000|  0%| F|  |TAMS 0x000000068b400000| PB 0x000000068b400000| Untracked |  0
|  34|0x000000068b800000, 0x000000068b800000, 0x000000068bc00000|  0%| F|  |TAMS 0x000000068b800000| PB 0x000000068b800000| Untracked |  0
|  35|0x000000068bc00000, 0x000000068bc00000, 0x000000068c000000|  0%| F|  |TAMS 0x000000068bc00000| PB 0x000000068bc00000| Untracked |  0
|  36|0x000000068c000000, 0x000000068c000000, 0x000000068c400000|  0%| F|  |TAMS 0x000000068c000000| PB 0x000000068c000000| Untracked |  0
|  37|0x000000068c400000, 0x000000068c400000, 0x000000068c800000|  0%| F|  |TAMS 0x000000068c400000| PB 0x000000068c400000| Untracked |  0
|  38|0x000000068c800000, 0x000000068c800000, 0x000000068cc00000|  0%| F|  |TAMS 0x000000068c800000| PB 0x000000068c800000| Untracked |  0
|  39|0x000000068cc00000, 0x000000068cc00000, 0x000000068d000000|  0%| F|  |TAMS 0x000000068cc00000| PB 0x000000068cc00000| Untracked |  0
|  40|0x000000068d000000, 0x000000068d000000, 0x000000068d400000|  0%| F|  |TAMS 0x000000068d000000| PB 0x000000068d000000| Untracked |  0
|  41|0x000000068d400000, 0x000000068d400000, 0x000000068d800000|  0%| F|  |TAMS 0x000000068d400000| PB 0x000000068d400000| Untracked |  0
|  42|0x000000068d800000, 0x000000068d800000, 0x000000068dc00000|  0%| F|  |TAMS 0x000000068d800000| PB 0x000000068d800000| Untracked |  0
|  43|0x000000068dc00000, 0x000000068dc00000, 0x000000068e000000|  0%| F|  |TAMS 0x000000068dc00000| PB 0x000000068dc00000| Untracked |  0
|  44|0x000000068e000000, 0x000000068e000000, 0x000000068e400000|  0%| F|  |TAMS 0x000000068e000000| PB 0x000000068e000000| Untracked |  0
|  45|0x000000068e400000, 0x000000068e400000, 0x000000068e800000|  0%| F|  |TAMS 0x000000068e400000| PB 0x000000068e400000| Untracked |  0
|  46|0x000000068e800000, 0x000000068e800000, 0x000000068ec00000|  0%| F|  |TAMS 0x000000068e800000| PB 0x000000068e800000| Untracked |  0
|  47|0x000000068ec00000, 0x000000068ec00000, 0x000000068f000000|  0%| F|  |TAMS 0x000000068ec00000| PB 0x000000068ec00000| Untracked |  0
|  48|0x000000068f000000, 0x000000068f000000, 0x000000068f400000|  0%| F|  |TAMS 0x000000068f000000| PB 0x000000068f000000| Untracked |  0
|  49|0x000000068f400000, 0x000000068f400000, 0x000000068f800000|  0%| F|  |TAMS 0x000000068f400000| PB 0x000000068f400000| Untracked |  0
|  50|0x000000068f800000, 0x000000068f800000, 0x000000068fc00000|  0%| F|  |TAMS 0x000000068f800000| PB 0x000000068f800000| Untracked |  0
|  51|0x000000068fc00000, 0x000000068fc00000, 0x0000000690000000|  0%| F|  |TAMS 0x000000068fc00000| PB 0x000000068fc00000| Untracked |  0
|  52|0x0000000690000000, 0x0000000690000000, 0x0000000690400000|  0%| F|  |TAMS 0x0000000690000000| PB 0x0000000690000000| Untracked |  0
|  53|0x0000000690400000, 0x0000000690400000, 0x0000000690800000|  0%| F|  |TAMS 0x0000000690400000| PB 0x0000000690400000| Untracked |  0
|  54|0x0000000690800000, 0x0000000690800000, 0x0000000690c00000|  0%| F|  |TAMS 0x0000000690800000| PB 0x0000000690800000| Untracked |  0
|  55|0x0000000690c00000, 0x0000000690c00000, 0x0000000691000000|  0%| F|  |TAMS 0x0000000690c00000| PB 0x0000000690c00000| Untracked |  0
|  56|0x0000000691000000, 0x0000000691000000, 0x0000000691400000|  0%| F|  |TAMS 0x0000000691000000| PB 0x0000000691000000| Untracked |  0
|  57|0x0000000691400000, 0x0000000691400000, 0x0000000691800000|  0%| F|  |TAMS 0x0000000691400000| PB 0x0000000691400000| Untracked |  0
|  58|0x0000000691800000, 0x0000000691800000, 0x0000000691c00000|  0%| F|  |TAMS 0x0000000691800000| PB 0x0000000691800000| Untracked |  0
|  59|0x0000000691c00000, 0x0000000691c00000, 0x0000000692000000|  0%| F|  |TAMS 0x0000000691c00000| PB 0x0000000691c00000| Untracked |  0
|  60|0x0000000692000000, 0x0000000692000000, 0x0000000692400000|  0%| F|  |TAMS 0x0000000692000000| PB 0x0000000692000000| Untracked |  0
|  61|0x0000000692400000, 0x0000000692400000, 0x0000000692800000|  0%| F|  |TAMS 0x0000000692400000| PB 0x0000000692400000| Untracked |  0
|  62|0x0000000692800000, 0x0000000692800000, 0x0000000692c00000|  0%| F|  |TAMS 0x0000000692800000| PB 0x0000000692800000| Untracked |  0
|  63|0x0000000692c00000, 0x0000000692c00000, 0x0000000693000000|  0%| F|  |TAMS 0x0000000692c00000| PB 0x0000000692c00000| Untracked |  0
|  64|0x0000000693000000, 0x0000000693000000, 0x0000000693400000|  0%| F|  |TAMS 0x0000000693000000| PB 0x0000000693000000| Untracked |  0
|  65|0x0000000693400000, 0x0000000693400000, 0x0000000693800000|  0%| F|  |TAMS 0x0000000693400000| PB 0x0000000693400000| Untracked |  0
|  66|0x0000000693800000, 0x0000000693800000, 0x0000000693c00000|  0%| F|  |TAMS 0x0000000693800000| PB 0x0000000693800000| Untracked |  0
|  67|0x0000000693c00000, 0x0000000693c00000, 0x0000000694000000|  0%| F|  |TAMS 0x0000000693c00000| PB 0x0000000693c00000| Untracked |  0
|  68|0x0000000694000000, 0x0000000694000000, 0x0000000694400000|  0%| F|  |TAMS 0x0000000694000000| PB 0x0000000694000000| Untracked |  0
|  69|0x0000000694400000, 0x0000000694400000, 0x0000000694800000|  0%| F|  |TAMS 0x0000000694400000| PB 0x0000000694400000| Untracked |  0
|  70|0x0000000694800000, 0x0000000694800000, 0x0000000694c00000|  0%| F|  |TAMS 0x0000000694800000| PB 0x0000000694800000| Untracked |  0
|  71|0x0000000694c00000, 0x0000000694c00000, 0x0000000695000000|  0%| F|  |TAMS 0x0000000694c00000| PB 0x0000000694c00000| Untracked |  0
|  72|0x0000000695000000, 0x0000000695000000, 0x0000000695400000|  0%| F|  |TAMS 0x0000000695000000| PB 0x0000000695000000| Untracked |  0
|  73|0x0000000695400000, 0x0000000695400000, 0x0000000695800000|  0%| F|  |TAMS 0x0000000695400000| PB 0x0000000695400000| Untracked |  0
|  74|0x0000000695800000, 0x0000000695800000, 0x0000000695c00000|  0%| F|  |TAMS 0x0000000695800000| PB 0x0000000695800000| Untracked |  0
|  75|0x0000000695c00000, 0x0000000695c00000, 0x0000000696000000|  0%| F|  |TAMS 0x0000000695c00000| PB 0x0000000695c00000| Untracked |  0
|  76|0x0000000696000000, 0x0000000696000000, 0x0000000696400000|  0%| F|  |TAMS 0x0000000696000000| PB 0x0000000696000000| Untracked |  0
|  77|0x0000000696400000, 0x0000000696400000, 0x0000000696800000|  0%| F|  |TAMS 0x0000000696400000| PB 0x0000000696400000| Untracked |  0
|  78|0x0000000696800000, 0x0000000696800000, 0x0000000696c00000|  0%| F|  |TAMS 0x0000000696800000| PB 0x0000000696800000| Untracked |  0
|  79|0x0000000696c00000, 0x0000000696c00000, 0x0000000697000000|  0%| F|  |TAMS 0x0000000696c00000| PB 0x0000000696c00000| Untracked |  0
|  80|0x0000000697000000, 0x0000000697000000, 0x0000000697400000|  0%| F|  |TAMS 0x0000000697000000| PB 0x0000000697000000| Untracked |  0
|  81|0x0000000697400000, 0x0000000697400000, 0x0000000697800000|  0%| F|  |TAMS 0x0000000697400000| PB 0x0000000697400000| Untracked |  0
|  82|0x0000000697800000, 0x0000000697800000, 0x0000000697c00000|  0%| F|  |TAMS 0x0000000697800000| PB 0x0000000697800000| Untracked |  0
|  83|0x0000000697c00000, 0x0000000697c00000, 0x0000000698000000|  0%| F|  |TAMS 0x0000000697c00000| PB 0x0000000697c00000| Untracked |  0
|  84|0x0000000698000000, 0x0000000698000000, 0x0000000698400000|  0%| F|  |TAMS 0x0000000698000000| PB 0x0000000698000000| Untracked |  0
|  85|0x0000000698400000, 0x0000000698400000, 0x0000000698800000|  0%| F|  |TAMS 0x0000000698400000| PB 0x0000000698400000| Untracked |  0
|  86|0x0000000698800000, 0x0000000698800000, 0x0000000698c00000|  0%| F|  |TAMS 0x0000000698800000| PB 0x0000000698800000| Untracked |  0
|  87|0x0000000698c00000, 0x0000000698c00000, 0x0000000699000000|  0%| F|  |TAMS 0x0000000698c00000| PB 0x0000000698c00000| Untracked |  0
|  88|0x0000000699000000, 0x0000000699000000, 0x0000000699400000|  0%| F|  |TAMS 0x0000000699000000| PB 0x0000000699000000| Untracked |  0
|  89|0x0000000699400000, 0x0000000699400000, 0x0000000699800000|  0%| F|  |TAMS 0x0000000699400000| PB 0x0000000699400000| Untracked |  0
|  90|0x0000000699800000, 0x0000000699800000, 0x0000000699c00000|  0%| F|  |TAMS 0x0000000699800000| PB 0x0000000699800000| Untracked |  0
|  91|0x0000000699c00000, 0x0000000699c00000, 0x000000069a000000|  0%| F|  |TAMS 0x0000000699c00000| PB 0x0000000699c00000| Untracked |  0
|  92|0x000000069a000000, 0x000000069a2e1ce8, 0x000000069a400000| 72%| E|  |TAMS 0x000000069a000000| PB 0x000000069a000000| Complete |  0
|  93|0x000000069a400000, 0x000000069a800000, 0x000000069a800000|100%| E|CS|TAMS 0x000000069a400000| PB 0x000000069a400000| Complete |  0
|  94|0x000000069a800000, 0x000000069ac00000, 0x000000069ac00000|100%| E|CS|TAMS 0x000000069a800000| PB 0x000000069a800000| Complete |  0
|  95|0x000000069ac00000, 0x000000069b000000, 0x000000069b000000|100%| E|CS|TAMS 0x000000069ac00000| PB 0x000000069ac00000| Complete |  0

Card table byte_map: [0x000001f77f310000,0x000001f77ff00000] _byte_map_base: 0x000001f77bef8000

Marking Bits: (CMBitMap*) 0x000001f771396740
 Bits: [0x000001f700000000, 0x000001f705f40000)

Polling page: 0x000001f7713c0000

Metaspace:

Usage:
  Non-class:      2.57 MB used.
      Class:    343.54 KB used.
       Both:      2.90 MB used.

Virtual space:
  Non-class space:       64.00 MB reserved,       2.62 MB (  4%) committed,  1 nodes.
      Class space:        1.00 GB reserved,     384.00 KB ( <1%) committed,  1 nodes.
             Both:        1.06 GB reserved,       3.00 MB ( <1%) committed. 

Chunk freelists:
   Non-Class:  11.90 MB
       Class:  15.58 MB
        Both:  27.48 MB

MaxMetaspaceSize: unlimited
CompressedClassSpaceSize: 1.00 GB
Initial GC threshold: 21.00 MB
Current GC threshold: 21.00 MB
CDS: on
 - commit_granule_bytes: 65536.
 - commit_granule_words: 8192.
 - virtual_space_node_default_size: 8388608.
 - enlarge_chunks_in_place: 1.
 - use_allocation_guard: 0.


Internal statistics:

num_allocs_failed_limit: 0.
num_arena_births: 90.
num_arena_deaths: 0.
num_vsnodes_births: 2.
num_vsnodes_deaths: 0.
num_space_committed: 48.
num_space_uncommitted: 0.
num_chunks_returned_to_freelist: 0.
num_chunks_taken_from_freelist: 96.
num_chunk_merges: 0.
num_chunk_splits: 67.
num_chunks_enlarged: 41.
num_inconsistent_stats: 0.

CodeCache: size=49152Kb used=4104Kb max_used=4104Kb free=45048Kb
 bounds [0x000001f77ae30000, 0x000001f77b240000, 0x000001f77de30000]
 total_blobs=1255 nmethods=796 adapters=381
 compilation: enabled
              stopped_count=0, restarted_count=0
 full_count=0

Compilation events (20 events):
Event: 0.387 Thread 0x000001f708baab50 nmethod 781 0x000001f77b22b410 code [0x000001f77b22b6a0, 0x000001f77b22c848]
Event: 0.387 Thread 0x000001f74e008a50  784       1       java.lang.StringLatin1::indexOf (121 bytes)
Event: 0.387 Thread 0x000001f74e011550  785       1       jdk.internal.loader.URLClassPath$JarLoader::findResource (18 bytes)
Event: 0.387 Thread 0x000001f74e008a50 nmethod 784 0x000001f77b22d290 code [0x000001f77b22d440, 0x000001f77b22d660]
Event: 0.388 Thread 0x000001f74e011550 nmethod 785 0x000001f77b22d810 code [0x000001f77b22d9c0, 0x000001f77b22daf0]
Event: 0.389 Thread 0x000001f708baab50  787       1       java.util.IdentityHashMap::hash (18 bytes)
Event: 0.389 Thread 0x000001f74e011550  786       1       java.util.IdentityHashMap::maskNull (12 bytes)
Event: 0.389 Thread 0x000001f74e011550 nmethod 786 0x000001f77b22dc10 code [0x000001f77b22dda0, 0x000001f77b22de58]
Event: 0.389 Thread 0x000001f708baab50 nmethod 787 0x000001f77b22df10 code [0x000001f77b22e0a0, 0x000001f77b22e180]
Event: 0.389 Thread 0x000001f74e008a50  788       1       java.lang.Class::reflectionData (43 bytes)
Event: 0.390 Thread 0x000001f74e008a50 nmethod 788 0x000001f77b22e910 code [0x000001f77b22eac0, 0x000001f77b22ec90]
Event: 0.390 Thread 0x000001f74e011550  790       1       javax.management.MBeanFeatureInfo::getName (5 bytes)
Event: 0.390 Thread 0x000001f74e011550 nmethod 790 0x000001f77b22ed90 code [0x000001f77b22ef20, 0x000001f77b22eff0]
Event: 0.390 Thread 0x000001f74e008a50  791       1       java.lang.String::substring (10 bytes)
Event: 0.390 Thread 0x000001f74e011550  792       1       javax.management.StandardMBean::equal (23 bytes)
Event: 0.390 Thread 0x000001f74e008a50 nmethod 791 0x000001f77b22f090 code [0x000001f77b22f220, 0x000001f77b22f320]
Event: 0.390 Thread 0x000001f74e011550 nmethod 792 0x000001f77b22f410 code [0x000001f77b22f5c0, 0x000001f77b22f710]
Event: 0.394 Thread 0x000001f74e011550  793       1       java.lang.invoke.MethodType::toMethodDescriptorString (28 bytes)
Event: 0.394 Thread 0x000001f74e011550 nmethod 793 0x000001f77b230990 code [0x000001f77b230b20, 0x000001f77b230c88]
Event: 0.396 Thread 0x000001f708baab50  796       1       java.lang.invoke.MethodHandles$Lookup::checkSymbolicClass (25 bytes)

GC Heap History (0 events):
No events

Dll operation events (11 events):
Event: 0.011 Loaded shared library C:\Users\phaml\.jdks\openjdk-22.0.2\bin\java.dll
Event: 0.156 Loaded shared library C:\Users\phaml\.jdks\openjdk-22.0.2\bin\zip.dll
Event: 0.160 Loaded shared library C:\Users\phaml\.jdks\openjdk-22.0.2\bin\instrument.dll
Event: 0.165 Loaded shared library C:\Users\phaml\.jdks\openjdk-22.0.2\bin\net.dll
Event: 0.167 Loaded shared library C:\Users\phaml\.jdks\openjdk-22.0.2\bin\nio.dll
Event: 0.171 Loaded shared library C:\Users\phaml\.jdks\openjdk-22.0.2\bin\zip.dll
Event: 0.262 Loaded shared library C:\Users\phaml\.jdks\openjdk-22.0.2\bin\jimage.dll
Event: 0.284 Loaded shared library C:\Program Files\JetBrains\IntelliJ IDEA 2024.2.0.1\bin\breakgen64.dll
Event: 0.297 Loaded shared library C:\Users\phaml\.jdks\openjdk-22.0.2\bin\extnet.dll
Event: 0.308 Loaded shared library C:\Users\phaml\.jdks\openjdk-22.0.2\bin\management.dll
Event: 0.318 Loaded shared library C:\Users\phaml\.jdks\openjdk-22.0.2\bin\management_ext.dll

Deoptimization events (0 events):
No events

Classes loaded (20 events):
Event: 0.394 Loading class java/lang/StringLatin1$LinesSpliterator done
Event: 0.394 Loading class java/util/ImmutableCollections$Access
Event: 0.394 Loading class java/util/ImmutableCollections$Access done
Event: 0.394 Loading class java/util/ImmutableCollections$Access$1
Event: 0.394 Loading class jdk/internal/access/JavaUtilCollectionAccess
Event: 0.394 Loading class jdk/internal/access/JavaUtilCollectionAccess done
Event: 0.394 Loading class java/util/ImmutableCollections$Access$1 done
Event: 0.394 Loading class java/util/stream/Nodes$SpinedNodeBuilder
Event: 0.394 Loading class java/util/stream/SpinedBuffer
Event: 0.394 Loading class java/util/stream/AbstractSpinedBuffer
Event: 0.395 Loading class java/util/stream/AbstractSpinedBuffer done
Event: 0.395 Loading class java/util/stream/SpinedBuffer done
Event: 0.395 Loading class java/util/stream/Nodes$SpinedNodeBuilder done
Event: 0.395 Loading class jdk/jfr/internal/query/ViewPrinter
Event: 0.395 Loading class jdk/jfr/internal/query/ViewPrinter done
Event: 0.395 Loading class jdk/jfr/internal/util/Columnizer
Event: 0.395 Loading class jdk/jfr/internal/util/Columnizer done
Event: 0.395 Loading class jdk/jfr/internal/query/ViewFile
Event: 0.395 Loading class jdk/jfr/internal/query/ViewFile done
Event: 0.396 Loading class jdk/jfr/internal/util/Tokenizer

Classes unloaded (0 events):
No events

Classes redefined (0 events):
No events

Internal exceptions (7 events):
Event: 0.272 Thread 0x000001f771311980 Exception <a 'java/lang/NoSuchMethodError'{0x000000069a7a4a40}: 'void java.lang.invoke.DirectMethodHandle$Holder.invokeStatic(java.lang.Object, java.lang.Object, java.lang.Object)'> (0x000000069a7a4a40) 
thrown [s\open\src\hotspot\share\interpreter\linkResolver.cpp, line 774]
Event: 0.278 Thread 0x000001f771311980 Exception <a 'java/lang/NoSuchMethodError'{0x000000069a0045d8}: 'java.lang.Object java.lang.invoke.Invokers$Holder.invokeExact_MT(java.lang.Object, java.lang.Object, java.lang.Object, java.lang.Object, java.lang.Object)'> (0x000000069a0045d8) 
thrown [s\open\src\hotspot\share\interpreter\linkResolver.cpp, line 774]
Event: 0.296 Thread 0x000001f708b09c70 Exception <a 'java/lang/NoSuchMethodError'{0x000000069a0cbc98}: 'java.lang.Object java.lang.invoke.Invokers$Holder.invokeExact_MT(java.lang.Object, java.lang.Object, java.lang.Object, java.lang.Object, java.lang.Object, java.lang.Object)'> (0x000000069a0cbc98) 
thrown [s\open\src\hotspot\share\interpreter\linkResolver.cpp, line 774]
Event: 0.298 Thread 0x000001f74e12e770 Exception <a 'java/lang/NoSuchMethodError'{0x000000069a0fe3b0}: 'void java.lang.invoke.DirectMethodHandle$Holder.invokeStatic(java.lang.Object, java.lang.Object)'> (0x000000069a0fe3b0) 
thrown [s\open\src\hotspot\share\interpreter\linkResolver.cpp, line 774]
Event: 0.322 Thread 0x000001f771311980 Exception <a 'java/lang/NoSuchMethodError'{0x000000069a041920}: 'int java.lang.invoke.DirectMethodHandle$Holder.invokeInterface(java.lang.Object, java.lang.Object)'> (0x000000069a041920) 
thrown [s\open\src\hotspot\share\interpreter\linkResolver.cpp, line 774]
Event: 0.322 Thread 0x000001f771311980 Exception <a 'java/lang/IncompatibleClassChangeError'{0x000000069a044b30}: Found class java.lang.Object, but interface was expected> (0x000000069a044b30) 
thrown [s\open\src\hotspot\share\interpreter\linkResolver.cpp, line 841]
Event: 0.369 Thread 0x000001f771311980 Exception <a 'java/lang/NoSuchMethodError'{0x000000069a201500}: 'int java.lang.invoke.DirectMethodHandle$Holder.invokeSpecial(java.lang.Object, java.lang.Object, java.lang.Object)'> (0x000000069a201500) 
thrown [s\open\src\hotspot\share\interpreter\linkResolver.cpp, line 774]

ZGC Phase Switch (0 events):
No events

VM Operations (12 events):
Event: 0.140 Executing VM operation: HandshakeAllThreads (Deoptimize)
Event: 0.140 Executing VM operation: HandshakeAllThreads (Deoptimize) done
Event: 0.272 Executing VM operation: HandshakeAllThreads (Deoptimize)
Event: 0.272 Executing VM operation: HandshakeAllThreads (Deoptimize) done
Event: 0.288 Executing VM operation: HandshakeAllThreads (Deoptimize)
Event: 0.288 Executing VM operation: HandshakeAllThreads (Deoptimize) done
Event: 0.289 Executing VM operation: HandshakeAllThreads (Deoptimize)
Event: 0.290 Executing VM operation: HandshakeAllThreads (Deoptimize) done
Event: 0.313 Executing VM operation: HandshakeAllThreads (Deoptimize)
Event: 0.313 Executing VM operation: HandshakeAllThreads (Deoptimize) done
Event: 0.326 Executing VM operation: HandshakeAllThreads (Deoptimize)
Event: 0.326 Executing VM operation: HandshakeAllThreads (Deoptimize) done

Memory protections (0 events):
No events

Nmethod flushes (0 events):
No events

Events (14 events):
Event: 0.027 Thread 0x000001f771311980 Thread added: 0x000001f771311980
Event: 0.042 Thread 0x000001f771311980 Thread added: 0x000001f70869d3a0
Event: 0.042 Thread 0x000001f771311980 Thread added: 0x000001f70869e3b0
Event: 0.042 Thread 0x000001f771311980 Thread added: 0x000001f708b05d20
Event: 0.043 Thread 0x000001f771311980 Thread added: 0x000001f708b09c70
Event: 0.043 Thread 0x000001f771311980 Thread added: 0x000001f708b0a7c0
Event: 0.043 Thread 0x000001f771311980 Thread added: 0x000001f708b0b310
Event: 0.043 Thread 0x000001f771311980 Thread added: 0x000001f708b0be60
Event: 0.131 Thread 0x000001f771311980 Thread added: 0x000001f70866ce50
Event: 0.140 Thread 0x000001f708b0be60 Thread added: 0x000001f708baab50
Event: 0.251 Thread 0x000001f708b0be60 Thread added: 0x000001f74e008a50
Event: 0.251 Thread 0x000001f708b0be60 Thread added: 0x000001f74e011550
Event: 0.285 Thread 0x000001f771311980 Thread added: 0x000001f74e12e770
Event: 0.285 Thread 0x000001f771311980 Thread added: 0x000001f74e12ede0


Dynamic libraries:
0x00007ff692610000 - 0x00007ff69261e000 	C:\Users\phaml\.jdks\openjdk-22.0.2\bin\java.exe
0x00007ffab4610000 - 0x00007ffab4827000 	C:\WINDOWS\SYSTEM32\ntdll.dll
0x00007ffab2df0000 - 0x00007ffab2eb4000 	C:\WINDOWS\System32\KERNEL32.DLL
0x00007ffab1980000 - 0x00007ffab1d53000 	C:\WINDOWS\System32\KERNELBASE.dll
0x00007ffab17e0000 - 0x00007ffab18f1000 	C:\WINDOWS\System32\ucrtbase.dll
0x00007ffaab860000 - 0x00007ffaab877000 	C:\Users\phaml\.jdks\openjdk-22.0.2\bin\jli.dll
0x00007ffaab840000 - 0x00007ffaab85b000 	C:\Users\phaml\.jdks\openjdk-22.0.2\bin\VCRUNTIME140.dll
0x00007ffab4130000 - 0x00007ffab42e1000 	C:\WINDOWS\System32\USER32.dll
0x00007ffab21d0000 - 0x00007ffab21f6000 	C:\WINDOWS\System32\win32u.dll
0x00007ffaa0520000 - 0x00007ffaa07ba000 	C:\WINDOWS\WinSxS\amd64_microsoft.windows.common-controls_6595b64144ccf1df_6.0.22621.5090_none_2715ec9973802129\COMCTL32.dll
0x00007ffab2dc0000 - 0x00007ffab2de9000 	C:\WINDOWS\System32\GDI32.dll
0x00007ffab24b0000 - 0x00007ffab2557000 	C:\WINDOWS\System32\msvcrt.dll
0x00007ffab1d60000 - 0x00007ffab1e7b000 	C:\WINDOWS\System32\gdi32full.dll
0x00007ffab2130000 - 0x00007ffab21ca000 	C:\WINDOWS\System32\msvcp_win.dll
0x00007ffab2b20000 - 0x00007ffab2b51000 	C:\WINDOWS\System32\IMM32.DLL
0x00007ffaac960000 - 0x00007ffaac96c000 	C:\Users\phaml\.jdks\openjdk-22.0.2\bin\vcruntime140_1.dll
0x00007ffaa7b60000 - 0x00007ffaa7bee000 	C:\Users\phaml\.jdks\openjdk-22.0.2\bin\msvcp140.dll
0x00007ffa38a60000 - 0x00007ffa397a9000 	C:\Users\phaml\.jdks\openjdk-22.0.2\bin\server\jvm.dll
0x00007ffab2370000 - 0x00007ffab2421000 	C:\WINDOWS\System32\ADVAPI32.dll
0x00007ffab2d10000 - 0x00007ffab2db7000 	C:\WINDOWS\System32\sechost.dll
0x00007ffab2280000 - 0x00007ffab22a8000 	C:\WINDOWS\System32\bcrypt.dll
0x00007ffab2600000 - 0x00007ffab2714000 	C:\WINDOWS\System32\RPCRT4.dll
0x00007ffab2430000 - 0x00007ffab24a1000 	C:\WINDOWS\System32\WS2_32.dll
0x00007ffab0ff0000 - 0x00007ffab103d000 	C:\WINDOWS\SYSTEM32\POWRPROF.dll
0x00007ffaa9c20000 - 0x00007ffaa9c54000 	C:\WINDOWS\SYSTEM32\WINMM.dll
0x00007ffaa9a90000 - 0x00007ffaa9a9a000 	C:\WINDOWS\SYSTEM32\VERSION.dll
0x00007ffab0fd0000 - 0x00007ffab0fe3000 	C:\WINDOWS\SYSTEM32\UMPDC.dll
0x00007ffab0720000 - 0x00007ffab0738000 	C:\WINDOWS\SYSTEM32\kernel.appcore.dll
0x00007ffaab830000 - 0x00007ffaab83a000 	C:\Users\phaml\.jdks\openjdk-22.0.2\bin\jimage.dll
0x00007ffaaea20000 - 0x00007ffaaec52000 	C:\WINDOWS\SYSTEM32\DBGHELP.DLL
0x00007ffab2720000 - 0x00007ffab2ab2000 	C:\WINDOWS\System32\combase.dll
0x00007ffab3760000 - 0x00007ffab3837000 	C:\WINDOWS\System32\OLEAUT32.dll
0x00007ffa7fc30000 - 0x00007ffa7fc62000 	C:\WINDOWS\SYSTEM32\dbgcore.DLL
0x00007ffab1900000 - 0x00007ffab197b000 	C:\WINDOWS\System32\bcryptPrimitives.dll
0x00007ffaab820000 - 0x00007ffaab82f000 	C:\Users\phaml\.jdks\openjdk-22.0.2\bin\instrument.dll
0x00007ffaa9c90000 - 0x00007ffaa9cae000 	C:\Users\phaml\.jdks\openjdk-22.0.2\bin\java.dll
0x00007ffab2ec0000 - 0x00007ffab375b000 	C:\WINDOWS\System32\SHELL32.dll
0x00007ffab1e80000 - 0x00007ffab1fbf000 	C:\WINDOWS\System32\wintypes.dll
0x00007ffab2b60000 - 0x00007ffab2d01000 	C:\WINDOWS\System32\ole32.dll
0x00007ffaaf610000 - 0x00007ffaaff2e000 	C:\WINDOWS\SYSTEM32\windows.storage.dll
0x00007ffab44c0000 - 0x00007ffab45ca000 	C:\WINDOWS\System32\SHCORE.dll
0x00007ffab2560000 - 0x00007ffab25c8000 	C:\WINDOWS\System32\shlwapi.dll
0x00007ffab1650000 - 0x00007ffab167b000 	C:\WINDOWS\SYSTEM32\profapi.dll
0x00007ffaa7f90000 - 0x00007ffaa7fa7000 	C:\Users\phaml\.jdks\openjdk-22.0.2\bin\zip.dll
0x00007ffaab7f0000 - 0x00007ffaab800000 	C:\Users\phaml\.jdks\openjdk-22.0.2\bin\net.dll
0x00007ffab0ba0000 - 0x00007ffab0c0a000 	C:\WINDOWS\system32\mswsock.dll
0x00007ffaa9780000 - 0x00007ffaa9796000 	C:\Users\phaml\.jdks\openjdk-22.0.2\bin\nio.dll
0x00007ffaa7f50000 - 0x00007ffaa7f6a000 	C:\Program Files\JetBrains\IntelliJ IDEA 2024.2.0.1\bin\breakgen64.dll
0x00007ffab0200000 - 0x00007ffab0302000 	C:\WINDOWS\SYSTEM32\DNSAPI.dll
0x00007ffab01d0000 - 0x00007ffab01fd000 	C:\WINDOWS\SYSTEM32\IPHLPAPI.DLL
0x00007ffab25d0000 - 0x00007ffab25d9000 	C:\WINDOWS\System32\NSI.dll
0x00007ffaa7ee0000 - 0x00007ffaa7ee9000 	C:\Users\phaml\.jdks\openjdk-22.0.2\bin\extnet.dll
0x0000000062130000 - 0x0000000062156000 	C:\Program Files\Bonjour\mdnsNSP.dll
0x00007ffaa9a50000 - 0x00007ffaa9a5a000 	C:\Windows\System32\rasadhlp.dll
0x00007ffaabd90000 - 0x00007ffaabe13000 	C:\WINDOWS\System32\fwpuclnt.dll
0x00007ffaa7ea0000 - 0x00007ffaa7eaa000 	C:\Users\phaml\.jdks\openjdk-22.0.2\bin\management.dll
0x00007ffaa7e90000 - 0x00007ffaa7e9b000 	C:\Users\phaml\.jdks\openjdk-22.0.2\bin\management_ext.dll
0x00007ffab42f0000 - 0x00007ffab42f8000 	C:\WINDOWS\System32\PSAPI.DLL

dbghelp: loaded successfully - version: 4.0.5 - missing functions: none
symbol engine: initialized successfully - sym options: 0x614 - pdb path: .;C:\Users\phaml\.jdks\openjdk-22.0.2\bin;C:\WINDOWS\SYSTEM32;C:\WINDOWS\WinSxS\amd64_microsoft.windows.common-controls_6595b64144ccf1df_6.0.22621.5090_none_2715ec9973802129;C:\Users\phaml\.jdks\openjdk-22.0.2\bin\server;C:\Program Files\JetBrains\IntelliJ IDEA 2024.2.0.1\bin;C:\Program Files\Bonjour

VM Arguments:
jvm_args: -XX:TieredStopAtLevel=1 -Dspring.output.ansi.enabled=always -Dcom.sun.management.jmxremote -Dspring.jmx.enabled=true -Dspring.liveBeansView.mbeanDomain -Dspring.application.admin.enabled=true -Dmanagement.endpoints.jmx.exposure.include=* -javaagent:C:\Program Files\JetBrains\IntelliJ IDEA 2024.2.0.1\lib\idea_rt.jar=54333:C:\Program Files\JetBrains\IntelliJ IDEA 2024.2.0.1\bin -Dfile.encoding=UTF-8 -Dsun.stdout.encoding=UTF-8 -Dsun.stderr.encoding=UTF-8 
java_command: com.fpt.config.JpapracticeApplication
java_class_path (initial): C:\FPTU\OJT\Spring\jpapractice\jpapractice\target\classes;C:\Users\phaml\.m2\repository\org\springframework\boot\spring-boot-starter-data-jpa\3.4.3\spring-boot-starter-data-jpa-3.4.3.jar;C:\Users\phaml\.m2\repository\org\springframework\boot\spring-boot-starter\3.4.3\spring-boot-starter-3.4.3.jar;C:\Users\phaml\.m2\repository\org\springframework\boot\spring-boot-starter-logging\3.4.3\spring-boot-starter-logging-3.4.3.jar;C:\Users\phaml\.m2\repository\ch\qos\logback\logback-classic\1.5.16\logback-classic-1.5.16.jar;C:\Users\phaml\.m2\repository\ch\qos\logback\logback-core\1.5.16\logback-core-1.5.16.jar;C:\Users\phaml\.m2\repository\org\apache\logging\log4j\log4j-to-slf4j\2.24.3\log4j-to-slf4j-2.24.3.jar;C:\Users\phaml\.m2\repository\org\apache\logging\log4j\log4j-api\2.24.3\log4j-api-2.24.3.jar;C:\Users\phaml\.m2\repository\org\slf4j\jul-to-slf4j\2.0.16\jul-to-slf4j-2.0.16.jar;C:\Users\phaml\.m2\repository\org\yaml\snakeyaml\2.3\snakeyaml-2.3.jar;C:\Users\phaml\.m2\repository\org\springframework\boot\spring-boot-starter-jdbc\3.4.3\spring-boot-starter-jdbc-3.4.3.jar;C:\Users\phaml\.m2\repository\com\zaxxer\HikariCP\5.1.0\HikariCP-5.1.0.jar;C:\Users\phaml\.m2\repository\org\springframework\spring-jdbc\6.2.3\spring-jdbc-6.2.3.jar;C:\Users\phaml\.m2\repository\org\springframework\data\spring-data-jpa\3.4.3\spring-data-jpa-3.4.3.jar;C:\Users\phaml\.m2\repository\org\springframework\data\spring-data-commons\3.4.3\spring-data-commons-3.4.3.jar;C:\Users\phaml\.m2\repository\org\springframework\spring-orm\6.2.3\spring-orm-6.2.3.jar;C:\Users\phaml\.m2\repository\org\springframework\spring-context\6.2.3\spring-context-6.2.3.jar;C:\Users\phaml\.m2\repository\org\springframework\spring-aop\6.2.3\spring-aop-6.2.3.jar;C:\Users\phaml\.m2\repository\org\springframework\spring-tx\6.2.3\spring-tx-6.2.3.jar;C:\Users\phaml\.m2\repository\org\springframework\spring-beans\6.2.3\spring-beans-6.2.3.jar;C:\Users\phaml\.m2\repository\org\slf4j\slf4j-api\2.0.16\slf4j-api-2.0.16.jar;C:\Users\phaml\.m2\repository\org\springframework\spring-aspects\6.2.3\spring-aspects-6.2.3.jar;C:\Users\phaml\.m2\repository\org\aspectj\aspectjweaver\1.9.22.1\aspectjweaver-1.9.22.1.jar;C:\Users\phaml\.m2\repository\com\microsoft\sqlserver\mssql-jdbc\12.4.2.jre11\mssql-jdbc-12.4.2.jre11.jar;C:\Users\phaml\.m2\repository\jakarta\xml\bind\jakarta.xml.bind-api\4.0.2\jakarta.xml.bind-api-4.0.2.jar;C:\Users\phaml\.m2\repository\jakarta\activation\jakarta.activation-api\2.1.3\jakarta.activation-api-2.1.3.jar;C:\Users\phaml\.m2\repository\org\springframework\spring-core\6.2.3\spring-core-6.2.3.jar;C:\Users\phaml\.m2\repository\org\springframework\spring-jcl\6.2.3\spring-jcl-6.2.3.jar;C:\Users\phaml\.m2\repository\org\springframework\boot\spring-boot-devtools\3.4.3\spring-boot-devtools-3.4.3.jar;C:\Users\phaml\.m2\repository\org\springframework\boot\spring-boot\3.4.3\spring-boot-3.4.3.jar;C:\Users\phaml\.m2\repository\org\springframework\boot\spring-boot-autoconfigure\3.4.3\spring-boot-autoconfigure-3.4.3.jar;C:\Users\phaml\.m2\repository\org\springframework\boot\spring-boot-starter-thymeleaf\3.4.3\spring-boot-starter-thymeleaf-3.4.3.jar;C:\Users\phaml\.m2\repository\org\thymeleaf\thymeleaf-spring6\3.1.3.RELEASE\thymeleaf-spring6-3.1.3.RELEASE.jar;C:\Users\phaml\.m2\repository\org\thymeleaf\thymeleaf\3.1.3.RELEASE\thymeleaf-3.1.3.RELEASE.jar;C:\Users\phaml\.m2\repository\org\attoparser\attoparser\2.0.7.RELEASE\attoparser-2.0.7.RELEASE.jar;C:\Users\phaml\.m2\repository\org\unbescape\unbescape\1.1.6.RELEASE\unbescape-1.1.6.RELEASE.jar;C:\Users\phaml\.m2\repository\org\springframework\boot\spring-boot-starter-tomcat\3.4.3\spring-boot-starter-tomcat-3.4.3.jar;C:\Users\phaml\.m2\repository\jakarta\annotation\jakarta.annotation-api\2.1.1\jakarta.annotation-api-2.1.1.jar;C:\Users\phaml\.m2\repository\org\apache\tomcat\embed\tomcat-embed-core\10.1.36\tomcat-embed-core-10.1.36.jar;C:\Users\phaml\.m2\repository\org\apache\tomcat\embed\tomcat-embed-el\10.1.36\tomcat-embed-el-10.1.36.jar;C:\Users\phaml\.m2\repository\org\apache\tomcat\embed\tomcat-embed-websocket\10.1.36\tomcat-embed-websocket-10.1.36.jar;C:\Users\phaml\.m2\repository\org\apache\tomcat\embed\tomcat-embed-jasper\10.1.36\tomcat-embed-jasper-10.1.36.jar;C:\Users\phaml\.m2\repository\org\eclipse\jdt\ecj\3.33.0\ecj-3.33.0.jar;C:\Users\phaml\.m2\repository\org\springframework\boot\spring-boot-starter-web\3.4.3\spring-boot-starter-web-3.4.3.jar;C:\Users\phaml\.m2\repository\org\springframework\boot\spring-boot-starter-json\3.4.3\spring-boot-starter-json-3.4.3.jar;C:\Users\phaml\.m2\repository\com\fasterxml\jackson\core\jackson-databind\2.18.2\jackson-databind-2.18.2.jar;C:\Users\phaml\.m2\repository\com\fasterxml\jackson\core\jackson-annotations\2.18.2\jackson-annotations-2.18.2.jar;C:\Users\phaml\.m2\repository\com\fasterxml\jackson\core\jackson-core\2.18.2\jackson-core-2.18.2.jar;C:\Users\phaml\.m2\repository\com\fasterxml\jackson\datatype\jackson-datatype-jdk8\2.18.2\jackson-datatype-jdk8-2.18.2.jar;C:\Users\phaml\.m2\repository\com\fasterxml\jackson\datatype\jackson-datatype-jsr310\2.18.2\jackson-datatype-jsr310-2.18.2.jar;C:\Users\phaml\.m2\repository\com\fasterxml\jackson\module\jackson-module-parameter-names\2.18.2\jackson-module-parameter-names-2.18.2.jar;C:\Users\phaml\.m2\repository\org\springframework\spring-web\6.2.3\spring-web-6.2.3.jar;C:\Users\phaml\.m2\repository\org\springframework\spring-webmvc\6.2.3\spring-webmvc-6.2.3.jar;C:\Users\phaml\.m2\repository\org\springframework\spring-expression\6.2.3\spring-expression-6.2.3.jar;C:\Users\phaml\.m2\repository\javax\servlet\javax.servlet-api\4.0.1\javax.servlet-api-4.0.1.jar;C:\Users\phaml\.m2\repository\org\hibernate\orm\hibernate-core\6.2.3.Final\hibernate-core-6.2.3.Final.jar;C:\Users\phaml\.m2\repository\jakarta\persistence\jakarta.persistence-api\3.1.0\jakarta.persistence-api-3.1.0.jar;C:\Users\phaml\.m2\repository\jakarta\transaction\jakarta.transaction-api\2.0.1\jakarta.transaction-api-2.0.1.jar;C:\Users\phaml\.m2\repository\org\jboss\logging\jboss-logging\3.6.1.Final\jboss-logging-3.6.1.Final.jar;C:\Users\phaml\.m2\repository\org\hibernate\common\hibernate-commons-annotations\6.0.6.Final\hibernate-commons-annotations-6.0.6.Final.jar;C:\Users\phaml\.m2\repository\io\smallrye\jandex\3.0.5\jandex-3.0.5.jar;C:\Users\phaml\.m2\repository\com\fasterxml\classmate\1.7.0\classmate-1.7.0.jar;C:\Users\phaml\.m2\repository\net\bytebuddy\byte-buddy\1.15.11\byte-buddy-1.15.11.jar;C:\Users\phaml\.m2\repository\org\glassfish\jaxb\jaxb-runtime\4.0.5\jaxb-runtime-4.0.5.jar;C:\Users\phaml\.m2\repository\org\glassfish\jaxb\jaxb-core\4.0.5\jaxb-core-4.0.5.jar;C:\Users\phaml\.m2\repository\org\eclipse\angus\angus-activation\2.0.2\angus-activation-2.0.2.jar;C:\Users\phaml\.m2\repository\org\glassfish\jaxb\txw2\4.0.5\txw2-4.0.5.jar;C:\Users\phaml\.m2\repository\com\sun\istack\istack-commons-runtime\4.1.2\istack-commons-runtime-4.1.2.jar;C:\Users\phaml\.m2\repository\jakarta\inject\jakarta.inject-api\2.0.1\jakarta.inject-api-2.0.1.jar;C:\Users\phaml\.m2\repository\org\antlr\antlr4-runtime\4.10.1\antlr4-runtime-4.10.1.jar;C:\Users\phaml\.m2\repository\org\springframework\boot\spring-boot-starter-actuator\3.4.3\spring-boot-starter-actuator-3.4.3.jar;C:\Users\phaml\.m2\repository\org\springframework\boot\spring-boot-actuator-autoconfigure\3.4.3\spring-boot-actuator-autoconfigure-3.4.3.jar;C:\Users\phaml\.m2\repository\org\springframework\boot\spring-boot-actuator\3.4.3\spring-boot-actuator-3.4.3.jar;C:\Users\phaml\.m2\repository\io\micrometer\micrometer-observation\1.14.4\micrometer-observation-1.14.4.jar;C:\Users\phaml\.m2\repository\io\micrometer\micrometer-commons\1.14.4\micrometer-commons-1.14.4.jar;C:\Users\phaml\.m2\repository\io\micrometer\micrometer-jakarta9\1.14.4\micrometer-jakarta9-1.14.4.jar;C:\Users\phaml\.m2\repository\io\micrometer\micrometer-core\1.14.4\micrometer-core-1.14.4.jar;C:\Users\phaml\.m2\repository\org\hdrhistogram\HdrHistogram\2.2.2\HdrHistogram-2.2.2.jar;C:\Users\phaml\.m2\repository\org\latencyutils\LatencyUtils\2.0.3\LatencyUtils-2.0.3.jar;C:\Users\phaml\.m2\repository\org\projectlombok\lombok\1.18.36\lombok-1.18.36.jar;C:\Users\phaml\.m2\repository\org\springframework\boot\spring-boot-starter-validation\3.4.3\spring-boot-starter-validation-3.4.3.jar;C:\Users\phaml\.m2\repository\org\hibernate\validator\hibernate-validator\8.0.2.Final\hibernate-validator-8.0.2.Final.jar;C:\Users\phaml\.m2\repository\jakarta\validation\jakarta.validation-api\3.0.2\jakarta.validation-api-3.0.2.jar
Launcher Type: SUN_STANDARD

[Global flags]
     intx CICompilerCount                          = 4                                         {product} {ergonomic}
     uint ConcGCThreads                            = 2                                         {product} {ergonomic}
     uint G1ConcRefinementThreads                  = 8                                         {product} {ergonomic}
   size_t G1HeapRegionSize                         = 4194304                                   {product} {ergonomic}
   size_t InitialHeapSize                          = 402653184                                 {product} {ergonomic}
     bool ManagementServer                         = true                                      {product} {command line}
   size_t MarkStackSize                            = 4194304                                   {product} {ergonomic}
   size_t MaxHeapSize                              = 6392119296                                {product} {ergonomic}
   size_t MaxNewSize                               = 3833593856                                {product} {ergonomic}
   size_t MinHeapDeltaBytes                        = 4194304                                   {product} {ergonomic}
   size_t MinHeapSize                              = 8388608                                   {product} {ergonomic}
    uintx NonNMethodCodeHeapSize                   = 4096                                   {pd product} {ergonomic}
    uintx NonProfiledCodeHeapSize                  = 0                                      {pd product} {ergonomic}
     bool ProfileInterpreter                       = false                                  {pd product} {command line}
    uintx ProfiledCodeHeapSize                     = 0                                      {pd product} {ergonomic}
   size_t SoftMaxHeapSize                          = 6392119296                             {manageable} {ergonomic}
     intx TieredStopAtLevel                        = 1                                         {product} {command line}
     bool UseCompressedOops                        = true                           {product lp64_product} {ergonomic}
     bool UseG1GC                                  = true                                      {product} {ergonomic}
     bool UseLargePagesIndividualAllocation        = false                                  {pd product} {ergonomic}

Logging:
Log output configuration:
 #0: stdout all=warning uptime,level,tags foldmultilines=false
 #1: stderr all=off uptime,level,tags foldmultilines=false

Environment Variables:
PATH=c:\Users\phaml\AppData\Local\Programs\cursor\resources\app\bin;C:\Program Files\Common Files\Oracle\Java\javapath_target_4825531;C:\Python312\;C:\Program Files\Common Files\Oracle\Java\javapath;C:\Program Files (x86)\VMware\VMware Workstation\bin\;C:\WINDOWS\system32;C:\WINDOWS;C:\WINDOWS\System32\Wbem;C:\WINDOWS\System32\WindowsPowerShell\v1.0\;C:\WINDOWS\System32\OpenSSH\;C:\Program Files\dotnet\;C:\msys64\mingw64\bin;C:\Program Files\nodejs\;C:\ProgramData\chocolatey\bin;C:\Program Files (x86)\Microsoft SQL Server\160\DTS\Binn\;C:\Program Files\Azure Data Studio\bin;C:\Program Files (x86)\Microsoft SQL Server\160\Tools\Binn\;C:\Program Files\Microsoft SQL Server\160\Tools\Binn\;C:\Program Files\Microsoft SQL Server\Client SDK\ODBC\170\Tools\Binn\;C:\Program Files\Microsoft SQL Server\160\DTS\Binn\;C:\Program Files\Microsoft SQL Server\120\Tools\Binn\;C:\Program Files\Java\jdk-17\bin;C:\Python312\~cripts;C:\Program Files\Docker\Docker\resources\bin;C:\;C:\Program Files\MongoDB\Server\8.0\bin;C:\Users\phaml\Downloads\mongosh-2.3.8-win32-x64\mongosh-2.3.8-win32-x64\bin;C:\Users\phaml\AppData\Local\Programs\Python\Python313\Scripts;C:\Users\phaml\AppData\Local\Programs\Python\Python313\Scripts;C:\Program Files\PowerShell\7\;C:\Program Files\JetBrains\IntelliJ IDEA 2024.2.0.1\bin\idea64.exe;C:\apache-maven-3.9.9-bin\apache-maven-3.9.9\bin;C:\Program Files\Git\cmd;C:\Users\phaml\AppData\Local\Microsoft\WindowsApps;C:\MinGW\bin;C:\Users\phaml\AppData\Roaming\npm;C:\Program Files\Azure Data Studio\bin;C:\Users\phaml\AppData\Local\Programs\Azure Data Studio\bin;C:\Program Files\Azure Data Studio\bin;C:\Program Files\JetBrains\IntelliJ IDEA 2024.2.0.1\bin;;C:\Program Files\JetBrains\PyCharm 2024.1.1\bin;;C:\Program Files\JetBrains\GoLand 2024.1.1\bin;;C:\Users\phaml\AppData\Local\GitHubDesktop\bin;C:\Program Files\NetBeans-17\netbeans\java\gradle\bin;C:\Users\phaml\Downloads\gradle-8.10.1-bin\gradle\bin;C:\FALL24\apache-maven-3.9.9\bin;C:\Users\phaml\AppData\Local\Programs\mongosh\;C:\Program Files\JetBrains\IntelliJ IDEA 2024.2.0.1\bin\idea64.exe;C:\Users\phaml\AppData\Local\Microsoft\WinGet\Packages\Schniz.fnm_Microsoft.Winget.Source_8wekyb3d8bbwe;C:\Users\phaml\AppData\Local\Programs\cursor\resources\app\bin
USERNAME=phaml
OS=Windows_NT
PROCESSOR_IDENTIFIER=Intel64 Family 6 Model 140 Stepping 1, GenuineIntel
TMP=C:\Users\phaml\AppData\Local\Temp
TEMP=C:\Users\phaml\AppData\Local\Temp




Periodic native trim disabled

---------------  S Y S T E M  ---------------

OS:
 Windows 11 , 64 bit Build 22621 (10.0.22621.5015)
OS uptime: 7 days 12:27 hours
Hyper-V role detected

CPU: total 8 (initial active 8) (4 cores per cpu, 2 threads per core) family 6 model 140 stepping 1 microcode 0x8a, cx8, cmov, fxsr, ht, mmx, 3dnowpref, sse, sse2, sse3, ssse3, sse4.1, sse4.2, popcnt, lzcnt, tsc, tscinvbit, avx, avx2, aes, erms, clmul, bmi1, bmi2, adx, avx512f, avx512dq, avx512cd, avx512bw, avx512vl, sha, fma, vzeroupper, avx512_vpopcntdq, avx512_vpclmulqdq, avx512_vaes, avx512_vnni, clflush, clflushopt, clwb, avx512_vbmi2, avx512_vbmi, hv, rdtscp, rdpid, fsrm, gfni, avx512_bitalg, f16c, cet_ibt, cet_ss, avx512_ifma
Processor Information for all 8 processors :
  Max Mhz: 2419, Current Mhz: 2419, Mhz Limit: 2419

Memory: 4k page, system-wide physical 24375M (5413M free)
TotalPageFile size 32567M (AvailPageFile size 413M)
current process WorkingSet (physical memory assigned to process): 55M, peak: 55M
current process commit charge ("private bytes"): 475M, peak: 475M

vm_info: OpenJDK 64-Bit Server VM (22.0.2+9-70) for windows-amd64 JRE (22.0.2+9-70), built on 2024-06-04T16:52:23Z by "mach5one" with MS VC++ 17.6 (VS2022)

END.
