#
# There is insufficient memory for the Java Runtime Environment to continue.
# Native memory allocation (mmap) failed to map 65536 bytes. Error detail: Failed to commit metaspace.
# Possible reasons:
#   The system is out of physical RAM or swap space
#   This process is running with CompressedOops enabled, and the Java Heap may be blocking the growth of the native heap
# Possible solutions:
#   Reduce memory load on the system
#   Increase physical memory or swap space
#   Check if swap backing store is full
#   Decrease Java heap size (-Xmx/-Xms)
#   Decrease number of Java threads
#   Decrease Java thread stack sizes (-Xss)
#   Set larger code cache with -XX:ReservedCodeCacheSize=
#   JVM is running with Zero Based Compressed Oops mode in which the Java heap is
#     placed in the first 32GB address space. The Java Heap base address is the
#     maximum limit for the native heap growth. Please use -XX:HeapBaseMinAddress
#     to set the Java Heap base and to place the Java Heap above 32GB virtual address.
# This output file may be truncated or incomplete.
#
#  Out of Memory Error (virtualSpaceNode.cpp:112), pid=24672, tid=28804
#
# JRE version: OpenJDK Runtime Environment (22.0.2+9) (build 22.0.2+9-70)
# Java VM: OpenJDK 64-Bit Server VM (22.0.2+9-70, mixed mode, emulated-client, sharing, tiered, compressed oops, compressed class ptrs, g1 gc, windows-amd64)
# No core dump will be written. Minidumps are not enabled by default on client versions of Windows
#

---------------  S U M M A R Y ------------

Command Line: -XX:TieredStopAtLevel=1 -Dspring.output.ansi.enabled=always -Dcom.sun.management.jmxremote -Dspring.jmx.enabled=true -Dspring.liveBeansView.mbeanDomain -Dspring.application.admin.enabled=true -Dmanagement.endpoints.jmx.exposure.include=* -javaagent:C:\Program Files\JetBrains\IntelliJ IDEA 2024.2.0.1\lib\idea_rt.jar=58567:C:\Program Files\JetBrains\IntelliJ IDEA 2024.2.0.1\bin -Dfile.encoding=UTF-8 -Dsun.stdout.encoding=UTF-8 -Dsun.stderr.encoding=UTF-8 com.fpt.config.JpapracticeApplication

Host: 11th Gen Intel(R) Core(TM) i5-1135G7 @ 2.40GHz, 8 cores, 23G,  Windows 11 , 64 bit Build 22621 (10.0.22621.5015)
Time: Wed Mar 26 21:33:29 2025 SE Asia Standard Time elapsed time: 1.941363 seconds (0d 0h 0m 1s)

---------------  T H R E A D  ---------------

Current thread (0x000001d2469511e0):  JavaThread "restartedMain"        [_thread_in_vm, id=28804, stack(0x000000c0b8c00000,0x000000c0b8d00000) (1024K)]

Stack: [0x000000c0b8c00000,0x000000c0b8d00000]
Native frames: (J=compiled Java code, j=interpreted, Vv=VM code, C=native code)
V  [jvm.dll+0x6e26e9]  (no source info available)
V  [jvm.dll+0x875753]  (no source info available)
V  [jvm.dll+0x877b7e]  (no source info available)
V  [jvm.dll+0x878253]  (no source info available)
V  [jvm.dll+0x27fc86]  (no source info available)
V  [jvm.dll+0x87139e]  (no source info available)
V  [jvm.dll+0x685755]  (no source info available)
V  [jvm.dll+0x1e3cdc]  (no source info available)
V  [jvm.dll+0x1e3aae]  (no source info available)
V  [jvm.dll+0x6880a8]  (no source info available)
V  [jvm.dll+0x224f6c]  (no source info available)
V  [jvm.dll+0x68616e]  (no source info available)
V  [jvm.dll+0x26b0a0]  (no source info available)
V  [jvm.dll+0x215bb7]  (no source info available)
V  [jvm.dll+0x20b3ae]  (no source info available)
V  [jvm.dll+0x5c4a8f]  (no source info available)
V  [jvm.dll+0x7ec9bd]  (no source info available)
V  [jvm.dll+0x47d622]  (no source info available)
V  [jvm.dll+0x490c06]  (no source info available)
C  [java.dll+0x164f]  (no source info available)
C  0x000001d26622c457  (no source info available)

The last pc belongs to native nmethod (printed below).
Java frames: (J=compiled Java code, j=interpreted, Vv=VM code)
J 2003  java.lang.ClassLoader.defineClass0(Ljava/lang/ClassLoader;Ljava/lang/Class;Ljava/lang/String;[BIILjava/security/ProtectionDomain;ZILjava/lang/Object;)Ljava/lang/Class; java.base@22.0.2 (0 bytes) @ 0x000001d26622c3bc [0x000001d26622c2c0+0x00000000000000fc]
J 1533 c1 java.lang.System$2.defineClass(Ljava/lang/ClassLoader;Ljava/lang/Class;Ljava/lang/String;[BLjava/security/ProtectionDomain;ZILjava/lang/Object;)Ljava/lang/Class; java.base@22.0.2 (21 bytes) @ 0x000001d26616c19c [0x000001d26616c120+0x000000000000007c]
J 1532 c1 java.lang.invoke.MethodHandles$Lookup$ClassDefiner.defineClass(ZLjava/lang/Object;)Ljava/lang/Class; java.base@22.0.2 (213 bytes) @ 0x000001d26616e614 [0x000001d26616e400+0x0000000000000214]
J 2149 c1 java.lang.invoke.InnerClassLambdaMetafactory.generateInnerClass()Ljava/lang/Class; java.base@22.0.2 (506 bytes) @ 0x000001d26626ecdc [0x000001d26626e040+0x0000000000000c9c]
J 2286 c1 java.lang.invoke.InnerClassLambdaMetafactory.spinInnerClass()Ljava/lang/Class; java.base@22.0.2 (124 bytes) @ 0x000001d26629dbb4 [0x000001d26629dac0+0x00000000000000f4]
J 2285 c1 java.lang.invoke.InnerClassLambdaMetafactory.buildCallSite()Ljava/lang/invoke/CallSite; java.base@22.0.2 (150 bytes) @ 0x000001d26629f854 [0x000001d26629f800+0x0000000000000054]
J 2028 c1 java.lang.invoke.LambdaMetafactory.metafactory(Ljava/lang/invoke/MethodHandles$Lookup;Ljava/lang/String;Ljava/lang/invoke/MethodType;Ljava/lang/invoke/MethodType;Ljava/lang/invoke/MethodHandle;Ljava/lang/invoke/MethodType;)Ljava/lang/invoke/CallSite; java.base@22.0.2 (71 bytes) @ 0x000001d266240a04 [0x000001d2662408a0+0x0000000000000164]
J 2336 c1 java.lang.invoke.LambdaForm$DMH+0x000001d2010fc800.invokeStatic(Ljava/lang/Object;Ljava/lang/Object;Ljava/lang/Object;Ljava/lang/Object;Ljava/lang/Object;Ljava/lang/Object;Ljava/lang/Object;)Ljava/lang/Object; java.base@22.0.2 (31 bytes) @ 0x000001d2662aed94 [0x000001d2662aed40+0x0000000000000054]
J 1827 c1 java.lang.invoke.BootstrapMethodInvoker.invoke(Ljava/lang/Class;Ljava/lang/invoke/MethodHandle;Ljava/lang/String;Ljava/lang/Object;Ljava/lang/Object;Ljava/lang/Class;)Ljava/lang/Object; java.base@22.0.2 (974 bytes) @ 0x000001d2661eec9c [0x000001d2661ed620+0x000000000000167c]
J 1826 c1 java.lang.invoke.CallSite.makeSite(Ljava/lang/invoke/MethodHandle;Ljava/lang/String;Ljava/lang/invoke/MethodType;Ljava/lang/Object;Ljava/lang/Class;)Ljava/lang/invoke/CallSite; java.base@22.0.2 (95 bytes) @ 0x000001d2661e8c14 [0x000001d2661e8bc0+0x0000000000000054]
J 1825 c1 java.lang.invoke.MethodHandleNatives.linkCallSiteImpl(Ljava/lang/Class;Ljava/lang/invoke/MethodHandle;Ljava/lang/String;Ljava/lang/invoke/MethodType;Ljava/lang/Object;[Ljava/lang/Object;)Ljava/lang/invoke/MemberName; java.base@22.0.2 (119 bytes) @ 0x000001d2661e71c4 [0x000001d2661e7180+0x0000000000000044]
J 1824 c1 java.lang.invoke.MethodHandleNatives.linkCallSite(Ljava/lang/Object;Ljava/lang/Object;Ljava/lang/Object;Ljava/lang/Object;Ljava/lang/Object;[Ljava/lang/Object;)Ljava/lang/invoke/MemberName; java.base@22.0.2 (65 bytes) @ 0x000001d2661e6a8c [0x000001d2661e6960+0x000000000000012c]
v  ~StubRoutines::call_stub 0x000001d265c4100d
j  org.springframework.beans.factory.support.DefaultSingletonBeanRegistry.registerDependentBean(Ljava/lang/String;Ljava/lang/String;)V+76
j  org.springframework.beans.factory.support.BeanDefinitionValueResolver.resolveReference(Ljava/lang/Object;Lorg/springframework/beans/factory/config/RuntimeBeanReference;)Ljava/lang/Object;+162
j  org.springframework.beans.factory.support.BeanDefinitionValueResolver.resolveValueIfNecessary(Ljava/lang/Object;Ljava/lang/Object;)Ljava/lang/Object;+15
j  org.springframework.beans.factory.support.AbstractAutowireCapableBeanFactory.applyPropertyValues(Ljava/lang/String;Lorg/springframework/beans/factory/config/BeanDefinition;Lorg/springframework/beans/BeanWrapper;Lorg/springframework/beans/PropertyValues;)V+277
j  org.springframework.beans.factory.support.AbstractAutowireCapableBeanFactory.populateBean(Ljava/lang/String;Lorg/springframework/beans/factory/support/RootBeanDefinition;Lorg/springframework/beans/BeanWrapper;)V+351
j  org.springframework.beans.factory.support.AbstractAutowireCapableBeanFactory.doCreateBean(Ljava/lang/String;Lorg/springframework/beans/factory/support/RootBeanDefinition;[Ljava/lang/Object;)Ljava/lang/Object;+220
j  org.springframework.beans.factory.support.AbstractAutowireCapableBeanFactory.createBean(Ljava/lang/String;Lorg/springframework/beans/factory/support/RootBeanDefinition;[Ljava/lang/Object;)Ljava/lang/Object;+153
j  org.springframework.beans.factory.support.AbstractBeanFactory.lambda$doGetBean$0(Ljava/lang/String;Lorg/springframework/beans/factory/support/RootBeanDefinition;[Ljava/lang/Object;)Ljava/lang/Object;+4
j  org.springframework.beans.factory.support.AbstractBeanFactory$$Lambda+0x000001d2012710d8.getObject()Ljava/lang/Object;+16
j  org.springframework.beans.factory.support.DefaultSingletonBeanRegistry.getSingleton(Ljava/lang/String;Lorg/springframework/beans/factory/ObjectFactory;)Ljava/lang/Object;+687
j  org.springframework.beans.factory.support.AbstractBeanFactory.doGetBean(Ljava/lang/String;Ljava/lang/Class;[Ljava/lang/Object;Z)Ljava/lang/Object;+476
j  org.springframework.beans.factory.support.AbstractBeanFactory.getBean(Ljava/lang/String;Ljava/lang/Class;)Ljava/lang/Object;+5
j  org.springframework.context.support.PostProcessorRegistrationDelegate.invokeBeanFactoryPostProcessors(Lorg/springframework/beans/factory/config/ConfigurableListableBeanFactory;Ljava/util/List;)V+184
j  org.springframework.context.support.AbstractApplicationContext.invokeBeanFactoryPostProcessors(Lorg/springframework/beans/factory/config/ConfigurableListableBeanFactory;)V+5
j  org.springframework.context.support.AbstractApplicationContext.refresh()V+62
j  org.springframework.boot.web.servlet.context.ServletWebServerApplicationContext.refresh()V+1
j  org.springframework.boot.SpringApplication.refresh(Lorg/springframework/context/ConfigurableApplicationContext;)V+1
j  org.springframework.boot.SpringApplication.refreshContext(Lorg/springframework/context/ConfigurableApplicationContext;)V+19
j  org.springframework.boot.SpringApplication.run([Ljava/lang/String;)Lorg/springframework/context/ConfigurableApplicationContext;+113
j  org.springframework.boot.SpringApplication.run([Ljava/lang/Class;[Ljava/lang/String;)Lorg/springframework/context/ConfigurableApplicationContext;+9
j  org.springframework.boot.SpringApplication.run(Ljava/lang/Class;[Ljava/lang/String;)Lorg/springframework/context/ConfigurableApplicationContext;+9
j  com.fpt.config.JpapracticeApplication.main([Ljava/lang/String;)V+3
j  java.lang.invoke.LambdaForm$DMH+0x000001d201003c00.invokeStatic(Ljava/lang/Object;Ljava/lang/Object;)V+10 java.base@22.0.2
j  java.lang.invoke.LambdaForm$MH+0x000001d20111d000.invoke(Ljava/lang/Object;Ljava/lang/Object;Ljava/lang/Object;)Ljava/lang/Object;+33 java.base@22.0.2
j  java.lang.invoke.Invokers$Holder.invokeExact_MT(Ljava/lang/Object;Ljava/lang/Object;Ljava/lang/Object;Ljava/lang/Object;)Ljava/lang/Object;+20 java.base@22.0.2
j  jdk.internal.reflect.DirectMethodHandleAccessor.invokeImpl(Ljava/lang/Object;[Ljava/lang/Object;)Ljava/lang/Object;+55 java.base@22.0.2
j  jdk.internal.reflect.DirectMethodHandleAccessor.invoke(Ljava/lang/Object;[Ljava/lang/Object;)Ljava/lang/Object;+23 java.base@22.0.2
j  java.lang.reflect.Method.invoke(Ljava/lang/Object;[Ljava/lang/Object;)Ljava/lang/Object;+102 java.base@22.0.2
j  org.springframework.boot.devtools.restart.RestartLauncher.run()V+47
v  ~StubRoutines::call_stub 0x000001d265c4100d

Compiled method (n/a) 2040 2003     n 0       java.lang.ClassLoader::defineClass0 (native)
 total in heap  [0x000001d26622c110,0x000001d26622c8a0] = 1936
 relocation     [0x000001d26622c268,0x000001d26622c2a8] = 64
 main code      [0x000001d26622c2c0,0x000001d26622c89a] = 1498
 stub code      [0x000001d26622c89a,0x000001d26622c8a0] = 6

[Constant Pool (empty)]

[MachCode]
[Entry Point]
  # {method} {0x000001d2003fd850} 'defineClass0' '(Ljava/lang/ClassLoader;Ljava/lang/Class;Ljava/lang/String;[BIILjava/security/ProtectionDomain;ZILjava/lang/Object;)Ljava/lang/Class;' in 'java/lang/ClassLoader'
  # parm0:    rdx:rdx   = 'java/lang/ClassLoader'
  # parm1:    r8:r8     = 'java/lang/Class'
  # parm2:    r9:r9     = 'java/lang/String'
  # parm3:    rdi:rdi   = '[B'
  # parm4:    rsi       = int
  # parm5:    rcx       = int
  # parm6:    [sp+0xb0]   = 'java/security/ProtectionDomain'  (sp of caller)
  # parm7:    [sp+0xb8]   = boolean
  # parm8:    [sp+0xc0]   = int
  # parm9:    [sp+0xc8]   = 'java/lang/Object'
  0x000001d26622c2c0: 448b 5208 | 49bb 0000 | 0000 d201 | 0000 4d03 | d349 3bc2 | 0f84 0600 

  0x000001d26622c2d8: ;   {runtime_call ic_miss_stub}
  0x000001d26622c2d8: 0000 e9a1 | 26a6 ff90 
[Verified Entry Point]
  0x000001d26622c2e0: 8984 2400 | 80ff ff55 | 488b ec48 | 81ec a000 | 0000 6690 | 4181 7f20 | 0100 0000 

  0x000001d26622c2fc: ;   {runtime_call StubRoutines (final stubs)}
  0x000001d26622c2fc: 7405 e87d | a7a4 ff48 | 837d 2800 | 488d 4528 | 480f 4445 | 2848 8944 | 2458 4863 | 4520 4889 
  0x000001d26622c31c: 4424 5048 | 6345 1848 | 8944 2448 | 4883 7d10 | 0048 8d45 | 1048 0f44 | 4510 4889 | 4424 4048 
  0x000001d26622c33c: 894c 2438 | 4889 7424 | 3048 897c | 2478 4883 | ff00 488d | 4424 7848 | 0f44 4424 | 7848 8944 
  0x000001d26622c35c: 2428 4c89 | 4c24 7049 | 83f9 0048 | 8d44 2470 | 480f 4444 | 2470 4889 | 4424 204c | 8944 2468 
  0x000001d26622c37c: 4983 f800 | 4c8d 4c24 | 684c 0f44 | 4c24 6848 | 8954 2460 | 4883 fa00 | 4c8d 4424 | 604c 0f44 
  0x000001d26622c39c: ;   {oop(a 'java/lang/Class'{0x00000006834fd660} = 'java/lang/ClassLoader')}
  0x000001d26622c39c: 4424 6049 | be60 d64f | 8306 0000 | 004c 89b4 | 2490 0000 | 004c 8db4 | 2490 0000 | 0049 8bd6 
  0x000001d26622c3bc: ;   {internal_word}
  0x000001d26622c3bc: c5f8 7749 | babc c322 | 66d2 0100 | 004d 8997 | a803 0000 | 4989 a7a0 

  0x000001d26622c3d4: ;   {external_word}
  0x000001d26622c3d4: 0300 0049 | ba6c 401b | fef9 7f00 | 0041 803a | 000f 844e | 0000 0052 | 4150 4151 

  0x000001d26622c3f0: ;   {metadata({method} {0x000001d2003fd850} 'defineClass0' '(Ljava/lang/ClassLoader;Ljava/lang/Class;Ljava/lang/String;[BIILjava/security/ProtectionDomain;ZILjava/lang/Object;)Ljava/lang/Class;' in 'java/lang/ClassLoader')}
  0x000001d26622c3f0: 48ba 48d8 | 3f00 d201 | 0000 498b | cf48 83ec | 2040 f6c4 | 0f0f 8419 | 0000 0048 

  0x000001d26622c40c: ;   {runtime_call}
  0x000001d26622c40c: 83ec 0848 | b880 b9cb | fdf9 7f00 | 00ff d048 | 83c4 08e9 | 0c00 0000 

  0x000001d26622c424: ;   {runtime_call}
  0x000001d26622c424: 48b8 80b9 | cbfd f97f | 0000 ffd0 | 4883 c420 | 4159 4158 | 5a49 8d8f | c003 0000 | 41c7 8754 
  0x000001d26622c444: 0400 0004 

  0x000001d26622c448: ;   {runtime_call}
  0x000001d26622c448: 0000 0048 | b814 15bb | a0fa 7f00 | 00ff d0c5 | f877 41c7 | 8754 0400 | 0005 0000 | 00f0 8344 
  0x000001d26622c468: 24c0 0049 | 3baf 5804 | 0000 0f87 | 0e00 0000 | 4183 bf50 | 0400 0000 | 0f84 2b00 | 0000 c5f8 
  0x000001d26622c488: 7748 8945 | f849 8bcf | 4c8b e448 | 83ec 2048 

  0x000001d26622c498: ;   {runtime_call}
  0x000001d26622c498: 83e4 f048 | b840 2396 | fdf9 7f00 | 00ff d049 | 8be4 4d33 | e448 8b45 | f841 c787 | 5404 0000 
  0x000001d26622c4b8: 0800 0000 | 4183 bfd0 | 0400 0002 | 0f84 a303 

  0x000001d26622c4c8: ;   {external_word}
  0x000001d26622c4c8: 0000 49ba | 6c40 1bfe | f97f 0000 | 4180 3a00 | 0f84 4c00 | 0000 4889 

  0x000001d26622c4e0: ;   {metadata({method} {0x000001d2003fd850} 'defineClass0' '(Ljava/lang/ClassLoader;Ljava/lang/Class;Ljava/lang/String;[BIILjava/security/ProtectionDomain;ZILjava/lang/Object;)Ljava/lang/Class;' in 'java/lang/ClassLoader')}
  0x000001d26622c4e0: 45f8 48ba | 48d8 3f00 | d201 0000 | 498b cf48 | 83ec 2040 | f6c4 0f0f | 8419 0000 | 0048 83ec 
  0x000001d26622c500: ;   {runtime_call}
  0x000001d26622c500: 0848 b880 | b9cb fdf9 | 7f00 00ff | d048 83c4 | 08e9 0c00 

  0x000001d26622c514: ;   {runtime_call}
  0x000001d26622c514: 0000 48b8 | 80b9 cbfd | f97f 0000 | ffd0 4883 | c420 488b | 45f8 49c7 | 87a0 0300 | 0000 0000 
  0x000001d26622c534: 0049 c787 | a803 0000 | 0000 0000 | c5f8 7748 | 85c0 0f84 | fe02 0000 | a803 0f85 | 0800 0000 
  0x000001d26622c554: 488b 00e9 | ee02 0000 | a801 0f85 | 0900 0000 | 488b 40fe | e9dd 0200 | 0048 8b40 | ff41 807f 
  0x000001d26622c574: 3800 0f84 | ce02 0000 | 4883 f800 | 0f84 c402 | 0000 498b | 4f28 4883 | f900 0f84 | 1400 0000 
  0x000001d26622c594: 4883 e908 | 4989 4f28 | 4903 4f30 | 4889 01e9 | a202 0000 | 4881 ec50 | 0100 0048 | 8904 2448 
  0x000001d26622c5b4: 894c 2408 | 4889 5424 | 1048 8974 | 2418 4889 | 7c24 204c | 8944 2428 | 4c89 4c24 | 304c 8954 
  0x000001d26622c5d4: 2438 4c89 | 5c24 40c5 | fb11 4424 | 50c5 fb11 | 4c24 58c5 | fb11 5424 | 60c5 fb11 | 5c24 68c5 
  0x000001d26622c5f4: fb11 6424 | 70c5 fb11 | 6c24 78c5 | fb11 b424 | 8000 0000 | c5fb 11bc | 2488 0000 | 00c5 7b11 
  0x000001d26622c614: ;   {no_reloc}
  0x000001d26622c614: 8424 9000 | 0000 c57b | 118c 2498 | 0000 00c5 | 7b11 9424 | a000 0000 | c57b 119c | 24a8 0000 
  0x000001d26622c634: 00c5 7b11 | a424 b000 | 0000 c57b | 11ac 24b8 | 0000 00c5 | 7b11 b424 | c000 0000 | c57b 11bc 
  0x000001d26622c654: 24c8 0000 | 0062 e1ff | 0811 4424 | 1a62 e1ff | 0811 4c24 | 1b62 e1ff | 0811 5424 | 1c62 e1ff 
  0x000001d26622c674: 0811 5c24 | 1d62 e1ff | 0811 6424 | 1e62 e1ff | 0811 6c24 | 1f62 e1ff | 0811 7424 | 2062 e1ff 
  0x000001d26622c694: 0811 7c24 | 2162 61ff | 0811 4424 | 2262 61ff | 0811 4c24 | 2362 61ff | 0811 5424 | 2462 61ff 
  0x000001d26622c6b4: 0811 5c24 | 2562 61ff | 0811 6424 | 2662 61ff | 0811 6c24 | 2762 61ff | 0811 7424 | 2862 61ff 
  0x000001d26622c6d4: 0811 7c24 | 2949 8bd7 | 488b c848 | 83ec 2040 | f6c4 0f0f | 8419 0000 | 0048 83ec 

  0x000001d26622c6f0: ;   {runtime_call}
  0x000001d26622c6f0: 0848 b830 | 3f89 fdf9 | 7f00 00ff | d048 83c4 | 08e9 0c00 

  0x000001d26622c704: ;   {runtime_call}
  0x000001d26622c704: 0000 48b8 | 303f 89fd | f97f 0000 | ffd0 4883 | c420 6261 | ff08 107c | 2429 6261 | ff08 1074 
  0x000001d26622c724: 2428 6261 | ff08 106c | 2427 6261 | ff08 1064 | 2426 6261 | ff08 105c | 2425 6261 | ff08 1054 
  0x000001d26622c744: 2424 6261 | ff08 104c | 2423 6261 | ff08 1044 | 2422 62e1 | ff08 107c | 2421 62e1 | ff08 1074 
  0x000001d26622c764: 2420 62e1 | ff08 106c | 241f 62e1 | ff08 1064 | 241e 62e1 | ff08 105c | 241d 62e1 | ff08 1054 
  0x000001d26622c784: 241c 62e1 | ff08 104c | 241b 62e1 | ff08 1044 | 241a c57b | 10bc 24c8 | 0000 00c5 | 7b10 b424 
  0x000001d26622c7a4: c000 0000 | c57b 10ac | 24b8 0000 | 00c5 7b10 | a424 b000 | 0000 c57b | 109c 24a8 | 0000 00c5 
  0x000001d26622c7c4: 7b10 9424 | a000 0000 | c57b 108c | 2498 0000 | 00c5 7b10 | 8424 9000 | 0000 c5fb | 10bc 2488 
  0x000001d26622c7e4: 0000 00c5 | fb10 b424 | 8000 0000 | c5fb 106c | 2478 c5fb | 1064 2470 | c5fb 105c | 2468 c5fb 
  0x000001d26622c804: ;   {no_reloc}
  0x000001d26622c804: 1054 2460 | c5fb 104c | 2458 c5fb | 1044 2450 | 4c8b 5c24 | 404c 8b54 | 2438 4c8b | 4c24 304c 
  0x000001d26622c824: 8b44 2428 | 488b 7c24 | 2048 8b74 | 2418 488b | 5424 1048 | 8b4c 2408 | 488b 0424 | 4881 c450 
  0x000001d26622c844: 0100 00c5 | f877 498b | 8f30 0400 | 00c7 8100 | 0100 0000 | 0000 00c9 | 4983 7f08 | 000f 8501 
  0x000001d26622c864: 0000 00c3 

  0x000001d26622c868: ;   {runtime_call StubRoutines (initial stubs)}
  0x000001d26622c868: e993 46a1 | ffc5 f877 | 4889 45f8 | 4c8b e448 | 83ec 2048 

  0x000001d26622c87c: ;   {runtime_call}
  0x000001d26622c87c: 83e4 f048 | b8d0 f1cb | fdf9 7f00 | 00ff d049 | 8be4 4d33 | e448 8b45 | f8e9 30fc | ffff f4f4 
  0x000001d26622c89c: f4f4 f4f4 
[/MachCode]


Compiled method (c1) 2059 1533       1       java.lang.System$2::defineClass (21 bytes)
 total in heap  [0x000001d26616bf90,0x000001d26616c2c0] = 816
 relocation     [0x000001d26616c0e8,0x000001d26616c120] = 56
 main code      [0x000001d26616c120,0x000001d26616c200] = 224
 stub code      [0x000001d26616c200,0x000001d26616c240] = 64
 metadata       [0x000001d26616c240,0x000001d26616c248] = 8
 scopes data    [0x000001d26616c248,0x000001d26616c268] = 32
 scopes pcs     [0x000001d26616c268,0x000001d26616c2a8] = 64
 dependencies   [0x000001d26616c2a8,0x000001d26616c2b0] = 8
 nul chk table  [0x000001d26616c2b0,0x000001d26616c2c0] = 16

[Constant Pool (empty)]

[MachCode]
[Entry Point]
  # {method} {0x000001d200019138} 'defineClass' '(Ljava/lang/ClassLoader;Ljava/lang/Class;Ljava/lang/String;[BLjava/security/ProtectionDomain;ZILjava/lang/Object;)Ljava/lang/Class;' in 'java/lang/System$2'
  # this:     rdx:rdx   = 'java/lang/System$2'
  # parm0:    r8:r8     = 'java/lang/ClassLoader'
  # parm1:    r9:r9     = 'java/lang/Class'
  # parm2:    rdi:rdi   = 'java/lang/String'
  # parm3:    rsi:rsi   = '[B'
  # parm4:    rcx:rcx   = 'java/security/ProtectionDomain'
  # parm5:    [sp+0x70]   = boolean  (sp of caller)
  # parm6:    [sp+0x78]   = int
  # parm7:    [sp+0x80]   = 'java/lang/Object'
  0x000001d26616c120: 448b 5208 | 49bb 0000 | 0000 d201 | 0000 4d03 | d34c 3bd0 

  0x000001d26616c134: ;   {runtime_call ic_miss_stub}
  0x000001d26616c134: 0f85 4628 | b2ff 660f | 1f44 0000 
[Verified Entry Point]
  0x000001d26616c140: 8984 2400 | 80ff ff55 | 4883 ec60 | 4181 7f20 | 0100 0000 

  0x000001d26616c154: ;   {runtime_call StubRoutines (final stubs)}
  0x000001d26616c154: 7405 e825 | a9b0 ff48 | 8bd9 4c8b | ac24 8000 | 0000 448b | 5c24 788b | 4424 708b | 4e0c 498b 
  0x000001d26616c174: d04d 8bc1 | 4c8b cf48 | 8bfe be00 | 0000 0048 | 891c 2489 | 4424 0844 | 895c 2410 | 4c89 6c24 
  0x000001d26616c194: ;   {static_call}
  0x000001d26616c194: 1866 90e8 

  0x000001d26616c198: ; ImmutableOopMap {}
                      ;*invokestatic defineClass0 {reexecute=0 rethrow=0 return_oop=0}
                      ; - java.lang.System$2::defineClass@17 (line 2402)
  0x000001d26616c198: 4401 0c00 

  0x000001d26616c19c: ;   {other}
  0x000001d26616c19c: 0f1f 8400 | 0c02 0000 | 4883 c460 

  0x000001d26616c1a8: ;   {poll_return}
  0x000001d26616c1a8: 5d49 3ba7 | 5804 0000 | 0f87 0600 

  0x000001d26616c1b4: ;   {runtime_call throw_null_pointer_exception Runtime1 stub}
  0x000001d26616c1b4: 0000 c3e8 

  0x000001d26616c1b8: ; ImmutableOopMap {r8=Oop r9=Oop rdi=Oop rsi=Oop rbx=Oop r13=Oop [128]=Oop }
                      ;*arraylength {reexecute=0 rethrow=0 return_oop=0}
                      ; - java.lang.System$2::defineClass@8 (line 2402)
  0x000001d26616c1b8: 6455 beff 

  0x000001d26616c1bc: ;   {internal_word}
  0x000001d26616c1bc: 49ba a9c1 | 1666 d201 | 0000 4d89 | 9770 0400 

  0x000001d26616c1cc: ;   {runtime_call SafepointBlob}
  0x000001d26616c1cc: 00e9 aea9 | b2ff 498b | 8708 0500 | 0049 c787 | 0805 0000 | 0000 0000 | 49c7 8710 | 0500 0000 
  0x000001d26616c1ec: 0000 0048 | 83c4 605d 

  0x000001d26616c1f4: ;   {runtime_call unwind_exception Runtime1 stub}
  0x000001d26616c1f4: e907 46be | fff4 f4f4 | f4f4 f4f4 
[Stub Code]
  0x000001d26616c200: ;   {no_reloc}
  0x000001d26616c200: 48bb 48d8 | 3f00 d201 

  0x000001d26616c208: ;   {runtime_call I2C/C2I adapters}
  0x000001d26616c208: 0000 e9ae 

  0x000001d26616c20c: ;   {runtime_call handle_exception_from_callee Runtime1 stub}
  0x000001d26616c20c: 2fb1 ffe8 | 6c98 beff 

  0x000001d26616c214: ;   {external_word}
  0x000001d26616c214: 48b9 b028 | f3fd f97f | 0000 4883 

  0x000001d26616c220: ;   {runtime_call}
  0x000001d26616c220: e4f0 48b8 | 3099 bafd | f97f 0000 

  0x000001d26616c22c: ;   {section_word}
  0x000001d26616c22c: ffd0 f449 | ba2f c216 | 66d2 0100 

  0x000001d26616c238: ;   {runtime_call DeoptimizationBlob}
  0x000001d26616c238: 0041 52e9 | e0bd b2ff 
[/MachCode]


Compiled method (c1) 2065 1532   !   1       java.lang.invoke.MethodHandles$Lookup$ClassDefiner::defineClass (213 bytes)
 total in heap  [0x000001d26616e210,0x000001d26616eb78] = 2408
 relocation     [0x000001d26616e368,0x000001d26616e400] = 152
 main code      [0x000001d26616e400,0x000001d26616e818] = 1048
 stub code      [0x000001d26616e818,0x000001d26616e890] = 120
 metadata       [0x000001d26616e890,0x000001d26616e8d8] = 72
 scopes data    [0x000001d26616e8d8,0x000001d26616e9e0] = 264
 scopes pcs     [0x000001d26616e9e0,0x000001d26616eae0] = 256
 dependencies   [0x000001d26616eae0,0x000001d26616eaf0] = 16
 handler table  [0x000001d26616eaf0,0x000001d26616eb38] = 72
 nul chk table  [0x000001d26616eb38,0x000001d26616eb78] = 64

[Constant Pool (empty)]

[MachCode]
[Entry Point]
  # {method} {0x000001d20019e278} 'defineClass' '(ZLjava/lang/Object;)Ljava/lang/Class;' in 'java/lang/invoke/MethodHandles$Lookup$ClassDefiner'
  # this:     rdx:rdx   = 'java/lang/invoke/MethodHandles$Lookup$ClassDefiner'
  # parm0:    r8        = boolean
  # parm1:    r9:r9     = 'java/lang/Object'
  #           [sp+0xf0]  (sp of caller)
  0x000001d26616e400: 448b 5208 | 49bb 0000 | 0000 d201 | 0000 4d03 | d34c 3bd0 

  0x000001d26616e414: ;   {runtime_call ic_miss_stub}
  0x000001d26616e414: 0f85 6605 | b2ff 660f | 1f44 0000 
[Verified Entry Point]
  0x000001d26616e420: 8984 2400 | 80ff ff55 | 4881 ece0 | 0000 0090 | 4181 7f20 | 0100 0000 

  0x000001d26616e438: ;   {runtime_call StubRoutines (final stubs)}
  0x000001d26616e438: 7405 e841 | 86b0 ff48 | 8994 2498 | 0000 0044 | 8984 24b0 | 0000 004c | 898c 24b8 | 0000 008b 
  0x000001d26616e458: 7210 48c1 | e603 4889 | b424 9000 | 0000 8b7e | 1048 c1e7 | 0348 89bc | 24a8 0000 | 008b 5f34 
  0x000001d26616e478: 48c1 e303 | 4885 db0f | 850a 0000 

  0x000001d26616e484: ;   {oop(nullptr)}
  0x000001d26616e484: 0048 bb00 | 0000 0000 | 0000 0048 | 85db 0f84 | bc00 0000 | 8b46 1848 | c1e0 0348 | 85c0 4889 
  0x000001d26616e4a4: 9c24 a000 | 0000 0f85 | b600 0000 

  0x000001d26616e4b0: ;   {oop(a 'java/lang/Class'{0x0000000683804360} = 'jdk/internal/access/SharedSecrets')}
  0x000001d26616e4b0: 48b8 6043 | 8083 0600 | 0000 8b40 | 7c48 c1e0 | 038b 4e10 | 48c1 e103 | 4885 c00f | 842a 0000 
  0x000001d26616e4d0: ;   {metadata('java/lang/System$2')}
  0x000001d26616e4d0: 0048 beb0 | 7c01 00d2 | 0100 0044 | 8b70 0849 | ba00 0000 | 00d2 0100 | 004d 03f2 | 493b 7638 
  0x000001d26616e4f0: 0f85 6d02 | 0000 e900 | 0000 004c | 8bd8 483b | 0048 3b01 

  0x000001d26616e504: ;   {optimized virtual_call}
  0x000001d26616e504: 488b d1e8 

  0x000001d26616e508: ; ImmutableOopMap {[144]=Oop [152]=Oop [160]=Oop [168]=Oop [184]=Oop }
                      ;*invokevirtual protectionDomain {reexecute=0 rethrow=0 return_oop=0}
                      ; - java.lang.System$2::protectionDomain@1 (line 2523)
                      ; - java.lang.invoke.MethodHandles$Lookup::lookupClassProtectionDomain@17 (line 2531)
                      ; - java.lang.invoke.MethodHandles$Lookup$ClassDefiner::defineClass@23 (line 2488)
  0x000001d26616e508: 3489 1400 

  0x000001d26616e50c: ;   {other}
  0x000001d26616e50c: 0f1f 8400 | fc02 0000 | 450f be47 | 3845 85c0 | 488b b424 | 9000 0000 | 0f85 4802 | 0000 4c8b 
  0x000001d26616e52c: d049 c1ea | 0344 8956 | 18f0 8344 | 24c0 004c | 8bc6 4c33 | c049 c1e8 | 1649 83f8 | 000f 8543 
  0x000001d26616e54c: 0200 00e9 | 1200 0000 | 4889 9c24 | a000 0000 

  0x000001d26616e55c: ;   {oop(nullptr)}
  0x000001d26616e55c: 48b8 0000 | 0000 0000 | 0000 488b | 9c24 a000 | 0000 488b | bc24 a800 | 0000 488b | 9424 9800 
  0x000001d26616e57c: ;   {oop(a 'java/lang/Class'{0x0000000683804360} = 'jdk/internal/access/SharedSecrets')}
  0x000001d26616e57c: 0000 49b8 | 6043 8083 | 0600 0000 | 458b 707c | 49c1 e603 | 8b72 1448 | c1e6 038b | 4a18 48c1 
  0x000001d26616e59c: e103 448b | 4a0c 4d85 | f60f 842a 

  0x000001d26616e5a8: ;   {metadata('java/lang/System$2')}
  0x000001d26616e5a8: 0000 0049 | bbb0 7c01 | 00d2 0100 | 0045 8b6e | 0849 ba00 | 0000 00d2 | 0100 004d | 03ea 4d3b 
  0x000001d26616e5c8: 5d38 0f85 | da01 0000 | e900 0000 | 004d 8bc6 

  0x000001d26616e5d8: ; implicit exception: dispatches to 0x000001d26616e7af
  0x000001d26616e5d8: 493b 064c | 8bc3 498b | d14c 8bcf | 488b fe48 | 8bf1 488b | c88b 8424 | b000 0000 | 8904 2489 
  0x000001d26616e5f8: 5424 0848 | 8b94 24b8 | 0000 0048 | 8954 2410 | 498b d60f 

  0x000001d26616e60c: ;   {optimized virtual_call}
  0x000001d26616e60c: 1f40 00e8 

  0x000001d26616e610: ; ImmutableOopMap {[152]=Oop [168]=Oop }
                      ;*invokeinterface defineClass {reexecute=0 rethrow=0 return_oop=0}
                      ; - java.lang.invoke.MethodHandles$Lookup$ClassDefiner::defineClass@57 (line 2492)
  0x000001d26616e610: 2cdb ffff 

  0x000001d26616e614: ;   {other}
  0x000001d26616e614: 0f1f 8400 | 0404 0001 | 488b 9424 | 9800 0000 | 8b72 1c48 | c1e6 0344 | 0fbe 460c | 4183 e001 
  0x000001d26616e634: 4585 c00f | 84cf 0000 | 008b 7a14 | 48c1 e703 | 4885 c00f | 848d 0000 | 00e9 4100 | 0000 488b 
  0x000001d26616e654: 9424 9800 | 0000 498b | 8708 0500 | 004d 33d2 | 4d89 9708 | 0500 004d | 33d2 4d89 | 9710 0500 
  0x000001d26616e674: 008b 721c | 48c1 e603 

  0x000001d26616e67c: ; implicit exception: dispatches to 0x000001d26616e7b9
  0x000001d26616e67c: 440f be46 | 0c41 83e0 | 0145 85c0 | 0f84 c600 | 0000 e98f | 0000 008b | 5218 48c1 | e203 4c8b 
  0x000001d26616e69c: c74c 8bc8 | 488b fa48 | 8bd6 4889 | 8424 c000 

  0x000001d26616e6ac: ;   {optimized virtual_call}
  0x000001d26616e6ac: 0000 90e8 

  0x000001d26616e6b0: ; ImmutableOopMap {[192]=Oop }
                      ;*invokevirtual dumpClass {reexecute=0 rethrow=0 return_oop=0}
                      ; - java.lang.invoke.MethodHandles$Lookup$ClassDefiner::defineClass@134 (line 2500)
  0x000001d26616e6b0: cc07 b2ff 

  0x000001d26616e6b4: ;   {other}
  0x000001d26616e6b4: 0f1f 8400 | a404 0002 | 488b 8424 | c000 0000 | 4881 c4e0 | 0000 005d 

  0x000001d26616e6cc: ;   {poll_return}
  0x000001d26616e6cc: 493b a758 | 0400 000f | 87e5 0000 | 00c3 4889 | 8424 c000 | 0000 448b | 4a18 49c1 | e103 4c8b 
  0x000001d26616e6ec: c748 8bd6 | 0f1f 8000 

  0x000001d26616e6f4: ;   {optimized virtual_call}
  0x000001d26616e6f4: 0000 00e8 

  0x000001d26616e6f8: ; ImmutableOopMap {[192]=Oop }
                      ;*invokevirtual dumpFailedClass {reexecute=0 rethrow=0 return_oop=0}
                      ; - java.lang.invoke.MethodHandles$Lookup$ClassDefiner::defineClass@150 (line 2502)
  0x000001d26616e6f8: 8407 b2ff 

  0x000001d26616e6fc: ;   {other}
  0x000001d26616e6fc: 0f1f 8400 | ec04 0003 | 488b 8424 | c000 0000 | 4881 c4e0 | 0000 005d 

  0x000001d26616e714: ;   {poll_return}
  0x000001d26616e714: 493b a758 | 0400 000f | 87b3 0000 | 00c3 4889 | 8424 c800 | 0000 448b | 4214 49c1 | e003 448b 
  0x000001d26616e734: 4a18 49c1 | e103 488b 

  0x000001d26616e73c: ;   {optimized virtual_call}
  0x000001d26616e73c: d666 90e8 

  0x000001d26616e740: ; ImmutableOopMap {[200]=Oop }
                      ;*invokevirtual dumpFailedClass {reexecute=0 rethrow=0 return_oop=0}
                      ; - java.lang.invoke.MethodHandles$Lookup$ClassDefiner::defineClass@207 (line 2502)
  0x000001d26616e740: 3c07 b2ff 

  0x000001d26616e744: ;   {other}
  0x000001d26616e744: 0f1f 8400 | 3405 0004 | 488b 8424 | c800 0000 | e9ae 0000 

  0x000001d26616e758: ;   {runtime_call throw_null_pointer_exception Runtime1 stub}
  0x000001d26616e758: 00e8 c22f 

  0x000001d26616e75c: ; ImmutableOopMap {rdx=Oop r9=Oop rsi=Oop [144]=Oop [152]=Oop [184]=Oop }
                      ;*invokevirtual lookupClass {reexecute=0 rethrow=0 return_oop=0}
                      ; - java.lang.invoke.MethodHandles$Lookup$ClassDefiner::defineClass@4 (line 2486)
                      ;   {runtime_call throw_null_pointer_exception Runtime1 stub}
  0x000001d26616e75c: beff e8bd 

  0x000001d26616e760: ; ImmutableOopMap {rdx=Oop r9=Oop rsi=Oop rdi=Oop [144]=Oop [152]=Oop [168]=Oop [184]=Oop }
                      ;*invokevirtual getClassLoader {reexecute=0 rethrow=0 return_oop=0}
                      ; - java.lang.invoke.MethodHandles$Lookup$ClassDefiner::defineClass@9 (line 2487)
                      ;   {runtime_call throw_incompatible_class_change_error Runtime1 stub}
  0x000001d26616e760: 2fbe ffe8 

  0x000001d26616e764: ; ImmutableOopMap {rax=Oop rcx=Oop [144]=Oop [152]=Oop [160]=Oop [168]=Oop [184]=Oop }
                      ;*invokeinterface protectionDomain {reexecute=0 rethrow=0 return_oop=0}
                      ; - java.lang.invoke.MethodHandles$Lookup::lookupClassProtectionDomain@17 (line 2531)
                      ; - java.lang.invoke.MethodHandles$Lookup$ClassDefiner::defineClass@23 (line 2488)
  0x000001d26616e764: 387c beff 

  0x000001d26616e768: ;   {runtime_call throw_null_pointer_exception Runtime1 stub}
  0x000001d26616e768: e8b3 2fbe 

  0x000001d26616e76c: ; ImmutableOopMap {rcx=Oop [144]=Oop [152]=Oop [160]=Oop [168]=Oop [184]=Oop }
                      ;*invokeinterface protectionDomain {reexecute=0 rethrow=0 return_oop=0}
                      ; - java.lang.invoke.MethodHandles$Lookup::lookupClassProtectionDomain@17 (line 2531)
                      ; - java.lang.invoke.MethodHandles$Lookup$ClassDefiner::defineClass@23 (line 2488)
                      ;   {runtime_call throw_null_pointer_exception Runtime1 stub}
  0x000001d26616e76c: ffe8 ae2f 

  0x000001d26616e770: ; ImmutableOopMap {rcx=Oop [144]=Oop [152]=Oop [160]=Oop [168]=Oop [184]=Oop }
                      ;*invokevirtual protectionDomain {reexecute=0 rethrow=0 return_oop=0}
                      ; - java.lang.System$2::protectionDomain@1 (line 2523)
                      ; - java.lang.invoke.MethodHandles$Lookup::lookupClassProtectionDomain@17 (line 2531)
                      ; - java.lang.invoke.MethodHandles$Lookup$ClassDefiner::defineClass@23 (line 2488)
  0x000001d26616e770: beff 448b | 4618 49c1 | e003 4983 | f800 0f84 | a6fd ffff | 4c89 0424 

  0x000001d26616e788: ;   {runtime_call g1_pre_barrier_slow}
  0x000001d26616e788: e873 cebe | ffe9 98fd | ffff 4883 | f800 0f84 | b3fd ffff | 4889 3424 

  0x000001d26616e7a0: ;   {runtime_call g1_post_barrier_slow}
  0x000001d26616e7a0: e8db d1be | ffe9 a5fd 

  0x000001d26616e7a8: ;   {runtime_call throw_incompatible_class_change_error Runtime1 stub}
  0x000001d26616e7a8: ffff e8f1 

  0x000001d26616e7ac: ; ImmutableOopMap {rax=Oop rdi=Oop rbx=Oop r14=Oop rsi=Oop rcx=Oop [152]=Oop [168]=Oop [184]=Oop }
                      ;*invokeinterface defineClass {reexecute=0 rethrow=0 return_oop=0}
                      ; - java.lang.invoke.MethodHandles$Lookup$ClassDefiner::defineClass@57 (line 2492)
                      ;   {runtime_call throw_null_pointer_exception Runtime1 stub}
  0x000001d26616e7ac: 7bbe ffe8 

  0x000001d26616e7b0: ; ImmutableOopMap {rax=Oop rdi=Oop rbx=Oop r14=Oop rsi=Oop rcx=Oop [152]=Oop [168]=Oop [184]=Oop }
                      ;*invokeinterface defineClass {reexecute=0 rethrow=0 return_oop=0}
                      ; - java.lang.invoke.MethodHandles$Lookup$ClassDefiner::defineClass@57 (line 2492)
  0x000001d26616e7b0: 6c2f beff 

  0x000001d26616e7b4: ;   {runtime_call throw_null_pointer_exception Runtime1 stub}
  0x000001d26616e7b4: e867 2fbe 

  0x000001d26616e7b8: ; ImmutableOopMap {rax=Oop rdx=Oop rsi=Oop [152]=Oop }
                      ;*invokevirtual isEnabled {reexecute=0 rethrow=0 return_oop=0}
                      ; - java.lang.invoke.MethodHandles$Lookup$ClassDefiner::defineClass@105 (line 2497)
                      ;   {runtime_call throw_null_pointer_exception Runtime1 stub}
  0x000001d26616e7b8: ffe8 622f 

  0x000001d26616e7bc: ; ImmutableOopMap {rdx=Oop rax=Oop rsi=Oop [152]=Oop }
                      ;*invokevirtual isEnabled {reexecute=0 rethrow=0 return_oop=0}
                      ; - java.lang.invoke.MethodHandles$Lookup$ClassDefiner::defineClass@162 (line 2497)
                      ;   {internal_word}
  0x000001d26616e7bc: beff 49ba | cce6 1666 | d201 0000 | 4d89 9770 

  0x000001d26616e7cc: ;   {runtime_call SafepointBlob}
  0x000001d26616e7cc: 0400 00e9 | ac83 b2ff 

  0x000001d26616e7d4: ;   {internal_word}
  0x000001d26616e7d4: 49ba 14e7 | 1666 d201 | 0000 4d89 | 9770 0400 

  0x000001d26616e7e4: ;   {runtime_call SafepointBlob}
  0x000001d26616e7e4: 00e9 9683 | b2ff 498b | 8708 0500 | 0049 c787 | 0805 0000 | 0000 0000 | 49c7 8710 | 0500 0000 
  0x000001d26616e804: 0000 0048 | 81c4 e000 

  0x000001d26616e80c: ;   {runtime_call unwind_exception Runtime1 stub}
  0x000001d26616e80c: 0000 5de9 | ec1f beff | f4f4 f4f4 
[Stub Code]
  0x000001d26616e818: ;   {no_reloc}
  0x000001d26616e818: 0f1f 4400 

  0x000001d26616e81c: ;   {static_stub}
  0x000001d26616e81c: 0048 bb00 | 0000 0000 

  0x000001d26616e824: ;   {runtime_call}
  0x000001d26616e824: 0000 00e9 | fbff ffff 

  0x000001d26616e82c: ;   {static_stub}
  0x000001d26616e82c: 48bb 28cc | 4200 d201 

  0x000001d26616e834: ;   {runtime_call I2C/C2I adapters}
  0x000001d26616e834: 0000 e948 

  0x000001d26616e838: ;   {static_stub}
  0x000001d26616e838: 56b2 ff48 | bb00 0000 | 0000 0000 

  0x000001d26616e844: ;   {runtime_call}
  0x000001d26616e844: 00e9 fbff 

  0x000001d26616e848: ;   {static_stub}
  0x000001d26616e848: ffff 48bb | 0000 0000 | 0000 0000 

  0x000001d26616e854: ;   {runtime_call}
  0x000001d26616e854: e9fb ffff 

  0x000001d26616e858: ;   {runtime_call handle_exception_from_callee Runtime1 stub}
  0x000001d26616e858: ffe8 2272 

  0x000001d26616e85c: ;   {external_word}
  0x000001d26616e85c: beff 48b9 | b028 f3fd | f97f 0000 | 4883 e4f0 

  0x000001d26616e86c: ;   {runtime_call}
  0x000001d26616e86c: 48b8 3099 | bafd f97f | 0000 ffd0 

  0x000001d26616e878: ;   {section_word}
  0x000001d26616e878: f449 ba79 | e816 66d2 | 0100 0041 

  0x000001d26616e884: ;   {runtime_call DeoptimizationBlob}
  0x000001d26616e884: 52e9 9697 | b2ff f4f4 | f4f4 f4f4 
[/MachCode]


---------------  P R O C E S S  ---------------

Threads class SMR info:
_java_thread_list=0x000001d24698fbd0, length=22, elements={
0x000001d25c100690, 0x000001d2734eadb0, 0x000001d2734ebdc0, 0x000001d2734f13e0,
0x000001d2734f31d0, 0x000001d2734f74d0, 0x000001d2734f4170, 0x000001d2734f5350,
0x000001d245194570, 0x000001d2451fea00, 0x000001d245625c00, 0x000001d24562a680,
0x000001d245638500, 0x000001d245648ca0, 0x000001d24593e260, 0x000001d24594b4d0,
0x000001d2459b92d0, 0x000001d2459660a0, 0x000001d2469532b0, 0x000001d2469511e0,
0x000001d246950b50, 0x000001d246952590
}

Java Threads: ( => current thread )
  0x000001d25c100690 JavaThread "main"                              [_thread_blocked, id=32592, stack(0x000000c0b6b00000,0x000000c0b6c00000) (1024K)]
  0x000001d2734eadb0 JavaThread "Reference Handler"          daemon [_thread_blocked, id=23856, stack(0x000000c0b7300000,0x000000c0b7400000) (1024K)]
  0x000001d2734ebdc0 JavaThread "Finalizer"                  daemon [_thread_blocked, id=32460, stack(0x000000c0b7400000,0x000000c0b7500000) (1024K)]
  0x000001d2734f13e0 JavaThread "Signal Dispatcher"          daemon [_thread_blocked, id=32008, stack(0x000000c0b7500000,0x000000c0b7600000) (1024K)]
  0x000001d2734f31d0 JavaThread "Attach Listener"            daemon [_thread_blocked, id=31392, stack(0x000000c0b7600000,0x000000c0b7700000) (1024K)]
  0x000001d2734f74d0 JavaThread "Service Thread"             daemon [_thread_blocked, id=19348, stack(0x000000c0b7700000,0x000000c0b7800000) (1024K)]
  0x000001d2734f4170 JavaThread "Monitor Deflation Thread"   daemon [_thread_blocked, id=26452, stack(0x000000c0b7800000,0x000000c0b7900000) (1024K)]
  0x000001d2734f5350 JavaThread "C1 CompilerThread0"         daemon [_thread_blocked, id=640, stack(0x000000c0b7900000,0x000000c0b7a00000) (1024K)]
  0x000001d245194570 JavaThread "Common-Cleaner"             daemon [_thread_blocked, id=460, stack(0x000000c0b7a00000,0x000000c0b7b00000) (1024K)]
  0x000001d2451fea00 JavaThread "C1 CompilerThread1"         daemon [_thread_blocked, id=33968, stack(0x000000c0b7b00000,0x000000c0b7c00000) (1024K)]
  0x000001d245625c00 JavaThread "C1 CompilerThread2"         daemon [_thread_blocked, id=22020, stack(0x000000c0b7c00000,0x000000c0b7d00000) (1024K)]
  0x000001d24562a680 JavaThread "C1 CompilerThread3"         daemon [_thread_blocked, id=8352, stack(0x000000c0b7d00000,0x000000c0b7e00000) (1024K)]
  0x000001d245638500 JavaThread "Monitor Ctrl-Break"         daemon [_thread_in_native, id=10228, stack(0x000000c0b7e00000,0x000000c0b7f00000) (1024K)]
  0x000001d245648ca0 JavaThread "Notification Thread"        daemon [_thread_blocked, id=17772, stack(0x000000c0b7f00000,0x000000c0b8000000) (1024K)]
  0x000001d24593e260 JavaThread "RMI TCP Accept-0"           daemon [_thread_in_native, id=15436, stack(0x000000c0b8000000,0x000000c0b8100000) (1024K)]
  0x000001d24594b4d0 JavaThread "RMI TCP Connection(1)-172.16.11.182" daemon [_thread_in_native, id=33768, stack(0x000000c0b8100000,0x000000c0b8200000) (1024K)]
  0x000001d2459b92d0 JavaThread "RMI Scheduler(0)"           daemon [_thread_blocked, id=1244, stack(0x000000c0b8200000,0x000000c0b8300000) (1024K)]
  0x000001d2459660a0 JavaThread "JMX server connection timeout 26" daemon [_thread_blocked, id=5392, stack(0x000000c0b8300000,0x000000c0b8400000) (1024K)]
  0x000001d2469532b0 JavaThread "Thread-0"                          [_thread_blocked, id=28336, stack(0x000000c0b8b00000,0x000000c0b8c00000) (1024K)]
=>0x000001d2469511e0 JavaThread "restartedMain"                     [_thread_in_vm, id=28804, stack(0x000000c0b8c00000,0x000000c0b8d00000) (1024K)]
  0x000001d246950b50 JavaThread "RMI TCP Connection(2)-172.16.11.182" daemon [_thread_in_native, id=22256, stack(0x000000c0b8d00000,0x000000c0b8e00000) (1024K)]
  0x000001d246952590 JavaThread "background-preinit"                [_thread_in_vm, id=23632, stack(0x000000c0b8e00000,0x000000c0b8f00000) (1024K)]
Total: 22

Other Threads:
  0x000001d2734ceb80 VMThread "VM Thread"                           [id=6620, stack(0x000000c0b7200000,0x000000c0b7300000) (1024K)]
  0x000001d2734b6db0 WatcherThread "VM Periodic Task Thread"        [id=15400, stack(0x000000c0b7100000,0x000000c0b7200000) (1024K)]
  0x000001d25c186ef0 WorkerThread "GC Thread#0"                     [id=24328, stack(0x000000c0b6c00000,0x000000c0b6d00000) (1024K)]
  0x000001d245a5a6b0 WorkerThread "GC Thread#1"                     [id=13348, stack(0x000000c0b8400000,0x000000c0b8500000) (1024K)]
  0x000001d245a79870 WorkerThread "GC Thread#2"                     [id=27256, stack(0x000000c0b8500000,0x000000c0b8600000) (1024K)]
  0x000001d245a794c0 WorkerThread "GC Thread#3"                     [id=13424, stack(0x000000c0b8600000,0x000000c0b8700000) (1024K)]
  0x000001d245a79c20 WorkerThread "GC Thread#4"                     [id=13500, stack(0x000000c0b8700000,0x000000c0b8800000) (1024K)]
  0x000001d245a78d60 WorkerThread "GC Thread#5"                     [id=17456, stack(0x000000c0b8800000,0x000000c0b8900000) (1024K)]
  0x000001d245a79fd0 WorkerThread "GC Thread#6"                     [id=27284, stack(0x000000c0b8900000,0x000000c0b8a00000) (1024K)]
  0x000001d245a7a380 WorkerThread "GC Thread#7"                     [id=27668, stack(0x000000c0b8a00000,0x000000c0b8b00000) (1024K)]
  0x000001d25c193f10 ConcurrentGCThread "G1 Main Marker"            [id=35292, stack(0x000000c0b6d00000,0x000000c0b6e00000) (1024K)]
  0x000001d25c1951c0 WorkerThread "G1 Conc#0"                       [id=33400, stack(0x000000c0b6e00000,0x000000c0b6f00000) (1024K)]
  0x000001d27338b6c0 ConcurrentGCThread "G1 Refine#0"               [id=23368, stack(0x000000c0b6f00000,0x000000c0b7000000) (1024K)]
  0x000001d27338c240 ConcurrentGCThread "G1 Service"                [id=22824, stack(0x000000c0b7000000,0x000000c0b7100000) (1024K)]
Total: 14

Threads with active compile tasks:
Total: 0

VM state: not at safepoint (normal execution)

VM Mutex/Monitor currently owned by a thread:  ([mutex/lock_event])
[0x00007ff9fe1dab00] Metaspace_lock - owner thread: 0x000001d2469511e0

Heap address: 0x0000000683000000, size: 6096 MB, Compressed Oops mode: Zero based, Oop shift amount: 3

CDS archive(s) mapped at: [0x000001d200000000-0x000001d200c60000-0x000001d200c60000), size 12976128, SharedBaseAddress: 0x000001d200000000, ArchiveRelocationMode: 1.
Compressed class space mapped at: 0x000001d201000000-0x000001d241000000, reserved size: 1073741824
Narrow klass base: 0x000001d200000000, Narrow klass shift: 0, Narrow klass range: 0x41000000

GC Precious Log:
 CardTable entry size: 512
 Card Set container configuration: InlinePtr #cards 4 size 8 Array Of Cards #cards 32 size 80 Howl #buckets 8 coarsen threshold 7372 Howl Bitmap #cards 1024 size 144 coarsen threshold 921 Card regions per heap region 1 cards per card region 8192
 CPUs: 8 total, 8 available
 Memory: 24375M
 Large Page Support: Disabled
 NUMA Support: Disabled
 Compressed Oops: Enabled (Zero based)
 Heap Region Size: 4M
 Heap Min Capacity: 8M
 Heap Initial Capacity: 384M
 Heap Max Capacity: 6096M
 Pre-touch: Disabled
 Parallel Workers: 8
 Concurrent Workers: 2
 Concurrent Refinement Workers: 8
 Periodic GC: Disabled

Heap:
 garbage-first heap   total reserved 6242304K, committed 393216K, used 38475K [0x0000000683000000, 0x0000000800000000)
  region size 4096K, 9 young (36864K), 1 survivors (4096K)
 Metaspace       used 15864K, committed 16256K, reserved 1114112K
  class space    used 2309K, committed 2496K, reserved 1048576K

Heap Regions: E=young(eden), S=young(survivor), O=old, HS=humongous(starts), HC=humongous(continues), CS=collection set, F=free, TAMS=top-at-mark-start, PB=parsable bottom
|   0|0x0000000683000000, 0x0000000683400000, 0x0000000683400000|100%| O|  |TAMS 0x0000000683000000| PB 0x0000000683000000| Untracked |  0
|   1|0x0000000683400000, 0x0000000683800000, 0x0000000683800000|100%| O|  |TAMS 0x0000000683400000| PB 0x0000000683400000| Untracked |  0
|   2|0x0000000683800000, 0x0000000683840808, 0x0000000683c00000|  6%| O|  |TAMS 0x0000000683800000| PB 0x0000000683800000| Untracked |  0
|   3|0x0000000683c00000, 0x0000000683c00000, 0x0000000684000000|  0%| F|  |TAMS 0x0000000683c00000| PB 0x0000000683c00000| Untracked |  0
|   4|0x0000000684000000, 0x0000000684000000, 0x0000000684400000|  0%| F|  |TAMS 0x0000000684000000| PB 0x0000000684000000| Untracked |  0
|   5|0x0000000684400000, 0x0000000684400000, 0x0000000684800000|  0%| F|  |TAMS 0x0000000684400000| PB 0x0000000684400000| Untracked |  0
|   6|0x0000000684800000, 0x0000000684800000, 0x0000000684c00000|  0%| F|  |TAMS 0x0000000684800000| PB 0x0000000684800000| Untracked |  0
|   7|0x0000000684c00000, 0x0000000684c00000, 0x0000000685000000|  0%| F|  |TAMS 0x0000000684c00000| PB 0x0000000684c00000| Untracked |  0
|   8|0x0000000685000000, 0x0000000685000000, 0x0000000685400000|  0%| F|  |TAMS 0x0000000685000000| PB 0x0000000685000000| Untracked |  0
|   9|0x0000000685400000, 0x0000000685400000, 0x0000000685800000|  0%| F|  |TAMS 0x0000000685400000| PB 0x0000000685400000| Untracked |  0
|  10|0x0000000685800000, 0x0000000685800000, 0x0000000685c00000|  0%| F|  |TAMS 0x0000000685800000| PB 0x0000000685800000| Untracked |  0
|  11|0x0000000685c00000, 0x0000000685c00000, 0x0000000686000000|  0%| F|  |TAMS 0x0000000685c00000| PB 0x0000000685c00000| Untracked |  0
|  12|0x0000000686000000, 0x0000000686000000, 0x0000000686400000|  0%| F|  |TAMS 0x0000000686000000| PB 0x0000000686000000| Untracked |  0
|  13|0x0000000686400000, 0x0000000686400000, 0x0000000686800000|  0%| F|  |TAMS 0x0000000686400000| PB 0x0000000686400000| Untracked |  0
|  14|0x0000000686800000, 0x0000000686800000, 0x0000000686c00000|  0%| F|  |TAMS 0x0000000686800000| PB 0x0000000686800000| Untracked |  0
|  15|0x0000000686c00000, 0x0000000686c00000, 0x0000000687000000|  0%| F|  |TAMS 0x0000000686c00000| PB 0x0000000686c00000| Untracked |  0
|  16|0x0000000687000000, 0x0000000687000000, 0x0000000687400000|  0%| F|  |TAMS 0x0000000687000000| PB 0x0000000687000000| Untracked |  0
|  17|0x0000000687400000, 0x0000000687400000, 0x0000000687800000|  0%| F|  |TAMS 0x0000000687400000| PB 0x0000000687400000| Untracked |  0
|  18|0x0000000687800000, 0x0000000687800000, 0x0000000687c00000|  0%| F|  |TAMS 0x0000000687800000| PB 0x0000000687800000| Untracked |  0
|  19|0x0000000687c00000, 0x0000000687c00000, 0x0000000688000000|  0%| F|  |TAMS 0x0000000687c00000| PB 0x0000000687c00000| Untracked |  0
|  20|0x0000000688000000, 0x0000000688000000, 0x0000000688400000|  0%| F|  |TAMS 0x0000000688000000| PB 0x0000000688000000| Untracked |  0
|  21|0x0000000688400000, 0x0000000688400000, 0x0000000688800000|  0%| F|  |TAMS 0x0000000688400000| PB 0x0000000688400000| Untracked |  0
|  22|0x0000000688800000, 0x0000000688800000, 0x0000000688c00000|  0%| F|  |TAMS 0x0000000688800000| PB 0x0000000688800000| Untracked |  0
|  23|0x0000000688c00000, 0x0000000688c00000, 0x0000000689000000|  0%| F|  |TAMS 0x0000000688c00000| PB 0x0000000688c00000| Untracked |  0
|  24|0x0000000689000000, 0x0000000689000000, 0x0000000689400000|  0%| F|  |TAMS 0x0000000689000000| PB 0x0000000689000000| Untracked |  0
|  25|0x0000000689400000, 0x0000000689400000, 0x0000000689800000|  0%| F|  |TAMS 0x0000000689400000| PB 0x0000000689400000| Untracked |  0
|  26|0x0000000689800000, 0x0000000689800000, 0x0000000689c00000|  0%| F|  |TAMS 0x0000000689800000| PB 0x0000000689800000| Untracked |  0
|  27|0x0000000689c00000, 0x0000000689c00000, 0x000000068a000000|  0%| F|  |TAMS 0x0000000689c00000| PB 0x0000000689c00000| Untracked |  0
|  28|0x000000068a000000, 0x000000068a000000, 0x000000068a400000|  0%| F|  |TAMS 0x000000068a000000| PB 0x000000068a000000| Untracked |  0
|  29|0x000000068a400000, 0x000000068a400000, 0x000000068a800000|  0%| F|  |TAMS 0x000000068a400000| PB 0x000000068a400000| Untracked |  0
|  30|0x000000068a800000, 0x000000068a800000, 0x000000068ac00000|  0%| F|  |TAMS 0x000000068a800000| PB 0x000000068a800000| Untracked |  0
|  31|0x000000068ac00000, 0x000000068ac00000, 0x000000068b000000|  0%| F|  |TAMS 0x000000068ac00000| PB 0x000000068ac00000| Untracked |  0
|  32|0x000000068b000000, 0x000000068b000000, 0x000000068b400000|  0%| F|  |TAMS 0x000000068b000000| PB 0x000000068b000000| Untracked |  0
|  33|0x000000068b400000, 0x000000068b400000, 0x000000068b800000|  0%| F|  |TAMS 0x000000068b400000| PB 0x000000068b400000| Untracked |  0
|  34|0x000000068b800000, 0x000000068b800000, 0x000000068bc00000|  0%| F|  |TAMS 0x000000068b800000| PB 0x000000068b800000| Untracked |  0
|  35|0x000000068bc00000, 0x000000068bc00000, 0x000000068c000000|  0%| F|  |TAMS 0x000000068bc00000| PB 0x000000068bc00000| Untracked |  0
|  36|0x000000068c000000, 0x000000068c000000, 0x000000068c400000|  0%| F|  |TAMS 0x000000068c000000| PB 0x000000068c000000| Untracked |  0
|  37|0x000000068c400000, 0x000000068c400000, 0x000000068c800000|  0%| F|  |TAMS 0x000000068c400000| PB 0x000000068c400000| Untracked |  0
|  38|0x000000068c800000, 0x000000068c800000, 0x000000068cc00000|  0%| F|  |TAMS 0x000000068c800000| PB 0x000000068c800000| Untracked |  0
|  39|0x000000068cc00000, 0x000000068cc00000, 0x000000068d000000|  0%| F|  |TAMS 0x000000068cc00000| PB 0x000000068cc00000| Untracked |  0
|  40|0x000000068d000000, 0x000000068d000000, 0x000000068d400000|  0%| F|  |TAMS 0x000000068d000000| PB 0x000000068d000000| Untracked |  0
|  41|0x000000068d400000, 0x000000068d400000, 0x000000068d800000|  0%| F|  |TAMS 0x000000068d400000| PB 0x000000068d400000| Untracked |  0
|  42|0x000000068d800000, 0x000000068d800000, 0x000000068dc00000|  0%| F|  |TAMS 0x000000068d800000| PB 0x000000068d800000| Untracked |  0
|  43|0x000000068dc00000, 0x000000068dc00000, 0x000000068e000000|  0%| F|  |TAMS 0x000000068dc00000| PB 0x000000068dc00000| Untracked |  0
|  44|0x000000068e000000, 0x000000068e000000, 0x000000068e400000|  0%| F|  |TAMS 0x000000068e000000| PB 0x000000068e000000| Untracked |  0
|  45|0x000000068e400000, 0x000000068e400000, 0x000000068e800000|  0%| F|  |TAMS 0x000000068e400000| PB 0x000000068e400000| Untracked |  0
|  46|0x000000068e800000, 0x000000068e800000, 0x000000068ec00000|  0%| F|  |TAMS 0x000000068e800000| PB 0x000000068e800000| Untracked |  0
|  47|0x000000068ec00000, 0x000000068ec00000, 0x000000068f000000|  0%| F|  |TAMS 0x000000068ec00000| PB 0x000000068ec00000| Untracked |  0
|  48|0x000000068f000000, 0x000000068f000000, 0x000000068f400000|  0%| F|  |TAMS 0x000000068f000000| PB 0x000000068f000000| Untracked |  0
|  49|0x000000068f400000, 0x000000068f400000, 0x000000068f800000|  0%| F|  |TAMS 0x000000068f400000| PB 0x000000068f400000| Untracked |  0
|  50|0x000000068f800000, 0x000000068f800000, 0x000000068fc00000|  0%| F|  |TAMS 0x000000068f800000| PB 0x000000068f800000| Untracked |  0
|  51|0x000000068fc00000, 0x000000068fc00000, 0x0000000690000000|  0%| F|  |TAMS 0x000000068fc00000| PB 0x000000068fc00000| Untracked |  0
|  52|0x0000000690000000, 0x0000000690000000, 0x0000000690400000|  0%| F|  |TAMS 0x0000000690000000| PB 0x0000000690000000| Untracked |  0
|  53|0x0000000690400000, 0x0000000690400000, 0x0000000690800000|  0%| F|  |TAMS 0x0000000690400000| PB 0x0000000690400000| Untracked |  0
|  54|0x0000000690800000, 0x0000000690800000, 0x0000000690c00000|  0%| F|  |TAMS 0x0000000690800000| PB 0x0000000690800000| Untracked |  0
|  55|0x0000000690c00000, 0x0000000690c00000, 0x0000000691000000|  0%| F|  |TAMS 0x0000000690c00000| PB 0x0000000690c00000| Untracked |  0
|  56|0x0000000691000000, 0x0000000691000000, 0x0000000691400000|  0%| F|  |TAMS 0x0000000691000000| PB 0x0000000691000000| Untracked |  0
|  57|0x0000000691400000, 0x0000000691400000, 0x0000000691800000|  0%| F|  |TAMS 0x0000000691400000| PB 0x0000000691400000| Untracked |  0
|  58|0x0000000691800000, 0x0000000691800000, 0x0000000691c00000|  0%| F|  |TAMS 0x0000000691800000| PB 0x0000000691800000| Untracked |  0
|  59|0x0000000691c00000, 0x0000000691c00000, 0x0000000692000000|  0%| F|  |TAMS 0x0000000691c00000| PB 0x0000000691c00000| Untracked |  0
|  60|0x0000000692000000, 0x0000000692000000, 0x0000000692400000|  0%| F|  |TAMS 0x0000000692000000| PB 0x0000000692000000| Untracked |  0
|  61|0x0000000692400000, 0x0000000692400000, 0x0000000692800000|  0%| F|  |TAMS 0x0000000692400000| PB 0x0000000692400000| Untracked |  0
|  62|0x0000000692800000, 0x0000000692800000, 0x0000000692c00000|  0%| F|  |TAMS 0x0000000692800000| PB 0x0000000692800000| Untracked |  0
|  63|0x0000000692c00000, 0x0000000692c00000, 0x0000000693000000|  0%| F|  |TAMS 0x0000000692c00000| PB 0x0000000692c00000| Untracked |  0
|  64|0x0000000693000000, 0x0000000693000000, 0x0000000693400000|  0%| F|  |TAMS 0x0000000693000000| PB 0x0000000693000000| Untracked |  0
|  65|0x0000000693400000, 0x0000000693400000, 0x0000000693800000|  0%| F|  |TAMS 0x0000000693400000| PB 0x0000000693400000| Untracked |  0
|  66|0x0000000693800000, 0x0000000693800000, 0x0000000693c00000|  0%| F|  |TAMS 0x0000000693800000| PB 0x0000000693800000| Untracked |  0
|  67|0x0000000693c00000, 0x0000000693c00000, 0x0000000694000000|  0%| F|  |TAMS 0x0000000693c00000| PB 0x0000000693c00000| Untracked |  0
|  68|0x0000000694000000, 0x0000000694000000, 0x0000000694400000|  0%| F|  |TAMS 0x0000000694000000| PB 0x0000000694000000| Untracked |  0
|  69|0x0000000694400000, 0x0000000694400000, 0x0000000694800000|  0%| F|  |TAMS 0x0000000694400000| PB 0x0000000694400000| Untracked |  0
|  70|0x0000000694800000, 0x0000000694800000, 0x0000000694c00000|  0%| F|  |TAMS 0x0000000694800000| PB 0x0000000694800000| Untracked |  0
|  71|0x0000000694c00000, 0x0000000694c00000, 0x0000000695000000|  0%| F|  |TAMS 0x0000000694c00000| PB 0x0000000694c00000| Untracked |  0
|  72|0x0000000695000000, 0x0000000695000000, 0x0000000695400000|  0%| F|  |TAMS 0x0000000695000000| PB 0x0000000695000000| Untracked |  0
|  73|0x0000000695400000, 0x0000000695400000, 0x0000000695800000|  0%| F|  |TAMS 0x0000000695400000| PB 0x0000000695400000| Untracked |  0
|  74|0x0000000695800000, 0x0000000695800000, 0x0000000695c00000|  0%| F|  |TAMS 0x0000000695800000| PB 0x0000000695800000| Untracked |  0
|  75|0x0000000695c00000, 0x0000000695c00000, 0x0000000696000000|  0%| F|  |TAMS 0x0000000695c00000| PB 0x0000000695c00000| Untracked |  0
|  76|0x0000000696000000, 0x0000000696000000, 0x0000000696400000|  0%| F|  |TAMS 0x0000000696000000| PB 0x0000000696000000| Untracked |  0
|  77|0x0000000696400000, 0x0000000696400000, 0x0000000696800000|  0%| F|  |TAMS 0x0000000696400000| PB 0x0000000696400000| Untracked |  0
|  78|0x0000000696800000, 0x0000000696800000, 0x0000000696c00000|  0%| F|  |TAMS 0x0000000696800000| PB 0x0000000696800000| Untracked |  0
|  79|0x0000000696c00000, 0x0000000696c00000, 0x0000000697000000|  0%| F|  |TAMS 0x0000000696c00000| PB 0x0000000696c00000| Untracked |  0
|  80|0x0000000697000000, 0x0000000697000000, 0x0000000697400000|  0%| F|  |TAMS 0x0000000697000000| PB 0x0000000697000000| Untracked |  0
|  81|0x0000000697400000, 0x0000000697400000, 0x0000000697800000|  0%| F|  |TAMS 0x0000000697400000| PB 0x0000000697400000| Untracked |  0
|  82|0x0000000697800000, 0x0000000697800000, 0x0000000697c00000|  0%| F|  |TAMS 0x0000000697800000| PB 0x0000000697800000| Untracked |  0
|  83|0x0000000697c00000, 0x0000000697c00000, 0x0000000698000000|  0%| F|  |TAMS 0x0000000697c00000| PB 0x0000000697c00000| Untracked |  0
|  84|0x0000000698000000, 0x0000000698000000, 0x0000000698400000|  0%| F|  |TAMS 0x0000000698000000| PB 0x0000000698000000| Untracked |  0
|  85|0x0000000698400000, 0x0000000698400000, 0x0000000698800000|  0%| F|  |TAMS 0x0000000698400000| PB 0x0000000698400000| Untracked |  0
|  86|0x0000000698800000, 0x0000000698800000, 0x0000000698c00000|  0%| F|  |TAMS 0x0000000698800000| PB 0x0000000698800000| Untracked |  0
|  87|0x0000000698c00000, 0x0000000698dad868, 0x0000000699000000| 41%| E|  |TAMS 0x0000000698c00000| PB 0x0000000698c00000| Complete |  1
|  88|0x0000000699000000, 0x0000000699400000, 0x0000000699400000|100%| E|CS|TAMS 0x0000000699000000| PB 0x0000000699000000| Complete |  0
|  89|0x0000000699400000, 0x0000000699800000, 0x0000000699800000|100%| E|CS|TAMS 0x0000000699400000| PB 0x0000000699400000| Complete |  0
|  90|0x0000000699800000, 0x00000006999527e8, 0x0000000699c00000| 33%| S|CS|TAMS 0x0000000699800000| PB 0x0000000699800000| Complete |  0
|  91|0x0000000699c00000, 0x000000069a000000, 0x000000069a000000|100%| E|CS|TAMS 0x0000000699c00000| PB 0x0000000699c00000| Complete |  0
|  92|0x000000069a000000, 0x000000069a400000, 0x000000069a400000|100%| E|CS|TAMS 0x000000069a000000| PB 0x000000069a000000| Complete |  0
|  93|0x000000069a400000, 0x000000069a800000, 0x000000069a800000|100%| E|CS|TAMS 0x000000069a400000| PB 0x000000069a400000| Complete |  0
|  94|0x000000069a800000, 0x000000069ac00000, 0x000000069ac00000|100%| E|CS|TAMS 0x000000069a800000| PB 0x000000069a800000| Complete |  0
|  95|0x000000069ac00000, 0x000000069b000000, 0x000000069b000000|100%| E|CS|TAMS 0x000000069ac00000| PB 0x000000069ac00000| Complete |  0

Card table byte_map: [0x000001d26a110000,0x000001d26ad00000] _byte_map_base: 0x000001d266cf8000

Marking Bits: (CMBitMap*) 0x000001d25c187600
 Bits: [0x000001d26ad00000, 0x000001d270c40000)

Polling page: 0x000001d25c1b0000

Metaspace:

Usage:
  Non-class:     13.24 MB used.
      Class:      2.26 MB used.
       Both:     15.49 MB used.

Virtual space:
  Non-class space:       64.00 MB reserved,      13.44 MB ( 21%) committed,  1 nodes.
      Class space:        1.00 GB reserved,       2.44 MB ( <1%) committed,  1 nodes.
             Both:        1.06 GB reserved,      15.88 MB (  1%) committed. 

Chunk freelists:
   Non-Class:  2.48 MB
       Class:  13.48 MB
        Both:  15.97 MB

MaxMetaspaceSize: unlimited
CompressedClassSpaceSize: 1.00 GB
Initial GC threshold: 21.00 MB
Current GC threshold: 21.00 MB
CDS: on
 - commit_granule_bytes: 65536.
 - commit_granule_words: 8192.
 - virtual_space_node_default_size: 8388608.
 - enlarge_chunks_in_place: 1.
 - use_allocation_guard: 0.


Internal statistics:

num_allocs_failed_limit: 0.
num_arena_births: 454.
num_arena_deaths: 0.
num_vsnodes_births: 2.
num_vsnodes_deaths: 0.
num_space_committed: 254.
num_space_uncommitted: 0.
num_chunks_returned_to_freelist: 0.
num_chunks_taken_from_freelist: 934.
num_chunk_merges: 0.
num_chunk_splits: 595.
num_chunks_enlarged: 374.
num_inconsistent_stats: 0.

CodeCache: size=49152Kb used=6919Kb max_used=6919Kb free=42232Kb
 bounds [0x000001d265c40000, 0x000001d266310000, 0x000001d268c40000]
 total_blobs=3068 nmethods=2553 adapters=435
 compilation: enabled
              stopped_count=0, restarted_count=0
 full_count=0

Compilation events (20 events):
Event: 1.888 Thread 0x000001d245625c00 2544       1       java.lang.Class::getAnnotation (22 bytes)
Event: 1.889 Thread 0x000001d245625c00 nmethod 2544 0x000001d2662fe990 code [0x000001d2662feb60, 0x000001d2662fed88]
Event: 1.898 Thread 0x000001d2734f5350 2546       1       sun.reflect.annotation.AnnotationType::memberDefaults (5 bytes)
Event: 1.898 Thread 0x000001d2451fea00 2545       1       sun.reflect.annotation.AnnotationType::memberTypes (5 bytes)
Event: 1.898 Thread 0x000001d2734f5350 nmethod 2546 0x000001d2662fee90 code [0x000001d2662ff020, 0x000001d2662ff0f0]
Event: 1.898 Thread 0x000001d2451fea00 nmethod 2545 0x000001d2662ff190 code [0x000001d2662ff320, 0x000001d2662ff3f0]
Event: 1.898 Thread 0x000001d2451fea00 2547       1       java.util.LinkedHashMap::values (5 bytes)
Event: 1.899 Thread 0x000001d2451fea00 nmethod 2547 0x000001d2662ff490 code [0x000001d2662ff640, 0x000001d2662ff8c0]
Event: 1.899 Thread 0x000001d245625c00 2548       1       java.lang.Class::getMethodsRecursive (104 bytes)
Event: 1.900 Thread 0x000001d245625c00 nmethod 2548 0x000001d2662ff990 code [0x000001d2662ffb80, 0x000001d2662ffeb8]
Event: 1.903 Thread 0x000001d24562a680 2549       1       java.lang.System$2::getConstantPool (5 bytes)
Event: 1.903 Thread 0x000001d24562a680 nmethod 2549 0x000001d266300190 code [0x000001d266300320, 0x000001d266300410]
Event: 1.904 Thread 0x000001d24562a680 2550       1       java.util.LinkedHashMap::<init> (15 bytes)
Event: 1.904 Thread 0x000001d24562a680 nmethod 2550 0x000001d266300490 code [0x000001d266300620, 0x000001d2663006f8]
Event: 1.906 Thread 0x000001d24562a680 2551       1       java.util.Collections$EmptyMap::entrySet (4 bytes)
Event: 1.907 Thread 0x000001d24562a680 nmethod 2551 0x000001d266300790 code [0x000001d266300920, 0x000001d2663009f0]
Event: 1.910 Thread 0x000001d24562a680 2552       1       java.lang.reflect.Constructor::getRoot (5 bytes)
Event: 1.910 Thread 0x000001d24562a680 nmethod 2552 0x000001d266300a90 code [0x000001d266300c20, 0x000001d266300cf0]
Event: 1.939 Thread 0x000001d2451fea00 2553       1       java.util.concurrent.ConcurrentHashMap::containsKey (14 bytes)
Event: 1.939 Thread 0x000001d2451fea00 nmethod 2553 0x000001d266301990 code [0x000001d266301b20, 0x000001d266301c18]

GC Heap History (4 events):
Event: 0.791 GC heap before
{Heap before GC invocations=0 (full 0):
 garbage-first heap   total reserved 6242304K, committed 393216K, used 24576K [0x0000000683000000, 0x0000000800000000)
  region size 4096K, 6 young (24576K), 0 survivors (0K)
 Metaspace       used 6617K, committed 6912K, reserved 1114112K
  class space    used 804K, committed 960K, reserved 1048576K
}
Event: 0.797 GC heap after
{Heap after GC invocations=1 (full 0):
 garbage-first heap   total reserved 6242304K, committed 393216K, used 8696K [0x0000000683000000, 0x0000000800000000)
  region size 4096K, 1 young (4096K), 1 survivors (4096K)
 Metaspace       used 6617K, committed 6912K, reserved 1114112K
  class space    used 804K, committed 960K, reserved 1048576K
}
Event: 1.344 GC heap before
{Heap before GC invocations=1 (full 0):
 garbage-first heap   total reserved 6242304K, committed 393216K, used 29176K [0x0000000683000000, 0x0000000800000000)
  region size 4096K, 6 young (24576K), 1 survivors (4096K)
 Metaspace       used 10294K, committed 10624K, reserved 1114112K
  class space    used 1353K, committed 1472K, reserved 1048576K
}
Event: 1.348 GC heap after
{Heap after GC invocations=2 (full 0):
 garbage-first heap   total reserved 6242304K, committed 393216K, used 9803K [0x0000000683000000, 0x0000000800000000)
  region size 4096K, 1 young (4096K), 1 survivors (4096K)
 Metaspace       used 10294K, committed 10624K, reserved 1114112K
  class space    used 1353K, committed 1472K, reserved 1048576K
}

Dll operation events (11 events):
Event: 0.015 Loaded shared library C:\Users\phaml\.jdks\openjdk-22.0.2\bin\java.dll
Event: 0.193 Loaded shared library C:\Users\phaml\.jdks\openjdk-22.0.2\bin\zip.dll
Event: 0.198 Loaded shared library C:\Users\phaml\.jdks\openjdk-22.0.2\bin\instrument.dll
Event: 0.210 Loaded shared library C:\Users\phaml\.jdks\openjdk-22.0.2\bin\net.dll
Event: 0.213 Loaded shared library C:\Users\phaml\.jdks\openjdk-22.0.2\bin\nio.dll
Event: 0.217 Loaded shared library C:\Users\phaml\.jdks\openjdk-22.0.2\bin\zip.dll
Event: 0.354 Loaded shared library C:\Users\phaml\.jdks\openjdk-22.0.2\bin\jimage.dll
Event: 0.355 Loaded shared library C:\Program Files\JetBrains\IntelliJ IDEA 2024.2.0.1\bin\breakgen64.dll
Event: 0.368 Loaded shared library C:\Users\phaml\.jdks\openjdk-22.0.2\bin\extnet.dll
Event: 0.390 Loaded shared library C:\Users\phaml\.jdks\openjdk-22.0.2\bin\management.dll
Event: 0.401 Loaded shared library C:\Users\phaml\.jdks\openjdk-22.0.2\bin\management_ext.dll

Deoptimization events (0 events):
No events

Classes loaded (20 events):
Event: 1.798 Loading class java/time/chrono/MinguoDate
Event: 1.798 Loading class java/time/chrono/MinguoDate done
Event: 1.799 Loading class java/time/chrono/ThaiBuddhistDate
Event: 1.799 Loading class java/time/chrono/ThaiBuddhistDate done
Event: 1.811 Loading class java/lang/annotation/Repeatable
Event: 1.811 Loading class java/lang/annotation/Repeatable done
Event: 1.839 Loading class sun/reflect/generics/tree/BooleanSignature
Event: 1.839 Loading class sun/reflect/generics/tree/BooleanSignature done
Event: 1.839 Loading class sun/reflect/generics/tree/DoubleSignature
Event: 1.839 Loading class sun/reflect/generics/tree/DoubleSignature done
Event: 1.839 Loading class sun/reflect/generics/tree/FloatSignature
Event: 1.839 Loading class sun/reflect/generics/tree/FloatSignature done
Event: 1.839 Loading class sun/reflect/generics/tree/IntSignature
Event: 1.839 Loading class sun/reflect/generics/tree/IntSignature done
Event: 1.839 Loading class sun/reflect/generics/tree/ShortSignature
Event: 1.839 Loading class sun/reflect/generics/tree/ShortSignature done
Event: 1.938 Loading class java/lang/invoke/DirectMethodHandle$Special
Event: 1.938 Loading class java/util/concurrent/ExecutionException
Event: 1.938 Loading class java/util/concurrent/ExecutionException done
Event: 1.938 Loading class java/lang/invoke/DirectMethodHandle$Special done

Classes unloaded (0 events):
No events

Classes redefined (0 events):
No events

Internal exceptions (20 events):
Event: 1.361 Thread 0x000001d2469511e0 Exception <a 'java/lang/NoSuchMethodError'{0x000000069ad27290}: 'java.lang.Object java.lang.invoke.DirectMethodHandle$Holder.newInvokeSpecial(java.lang.Object, java.lang.Object, java.lang.Object, java.lang.Object, java.lang.Object, java.lang.Object, int)'> (0x000000069ad27290) 
thrown [s\open\src\hotspot\share\interpreter\linkResolver.cpp, line 774]
Event: 1.362 Thread 0x000001d2469511e0 Exception <a 'java/lang/NoSuchMethodError'{0x000000069ad2b920}: 'java.lang.Object java.lang.invoke.DirectMethodHandle$Holder.invokeSpecial(java.lang.Object, java.lang.Object, java.lang.Object, java.lang.Object, java.lang.Object, java.lang.Object, java.lang.Object, int)'> (0x000000069ad2b920) 
thrown [s\open\src\hotspot\share\interpreter\linkResolver.cpp, line 774]
Event: 1.365 Thread 0x000001d24594b4d0 Exception <a 'java/lang/NoSuchMethodError'{0x000000069acc6f08}: 'long java.lang.invoke.DirectMethodHandle$Holder.invokeVirtual(java.lang.Object, java.lang.Object)'> (0x000000069acc6f08) 
thrown [s\open\src\hotspot\share\interpreter\linkResolver.cpp, line 774]
Event: 1.365 Thread 0x000001d24594b4d0 Exception <a 'java/lang/NoSuchMethodError'{0x000000069acca4e8}: 'long java.lang.invoke.DelegatingMethodHandle$Holder.reinvoke_L(java.lang.Object, java.lang.Object)'> (0x000000069acca4e8) 
thrown [s\open\src\hotspot\share\interpreter\linkResolver.cpp, line 774]
Event: 1.409 Thread 0x000001d2469511e0 Exception <a 'java/lang/NoSuchMethodError'{0x000000069af12b40}: 'void java.lang.invoke.DirectMethodHandle$Holder.invokeSpecial(java.lang.Object, java.lang.Object, java.lang.Object, java.lang.Object, java.lang.Object)'> (0x000000069af12b40) 
thrown [s\open\src\hotspot\share\interpreter\linkResolver.cpp, line 774]
Event: 1.420 Thread 0x000001d2469511e0 Exception <a 'java/lang/NoSuchMethodError'{0x000000069af5cac8}: 'int java.lang.invoke.DirectMethodHandle$Holder.invokeVirtual(java.lang.Object, java.lang.Object)'> (0x000000069af5cac8) 
thrown [s\open\src\hotspot\share\interpreter\linkResolver.cpp, line 774]
Event: 1.440 Thread 0x000001d2469511e0 Exception <a 'java/lang/NoSuchMethodError'{0x000000069aff6658}: 'java.lang.Object java.lang.invoke.DirectMethodHandle$Holder.invokeSpecial(java.lang.Object, java.lang.Object, java.lang.Object, int, java.lang.Object)'> (0x000000069aff6658) 
thrown [s\open\src\hotspot\share\interpreter\linkResolver.cpp, line 774]
Event: 1.440 Thread 0x000001d2469511e0 Exception <a 'java/lang/NoSuchMethodError'{0x000000069affe000}: 'java.lang.Object java.lang.invoke.DirectMethodHandle$Holder.newInvokeSpecial(java.lang.Object, java.lang.Object, java.lang.Object, int, java.lang.Object)'> (0x000000069affe000) 
thrown [s\open\src\hotspot\share\interpreter\linkResolver.cpp, line 774]
Event: 1.441 Thread 0x000001d2469511e0 Exception <a 'java/lang/NoSuchMethodError'{0x000000069a8056f0}: 'java.lang.Object java.lang.invoke.Invokers$Holder.linkToTargetMethod(java.lang.Object, java.lang.Object, int, java.lang.Object, java.lang.Object)'> (0x000000069a8056f0) 
thrown [s\open\src\hotspot\share\interpreter\linkResolver.cpp, line 774]
Event: 1.442 Thread 0x000001d2469511e0 Exception <a 'java/lang/NoSuchMethodError'{0x000000069a813828}: 'java.lang.Object java.lang.invoke.DirectMethodHandle$Holder.newInvokeSpecial(java.lang.Object, int, java.lang.Object)'> (0x000000069a813828) 
thrown [s\open\src\hotspot\share\interpreter\linkResolver.cpp, line 774]
Event: 1.442 Thread 0x000001d2469511e0 Exception <a 'java/lang/NoSuchMethodError'{0x000000069a817650}: 'int java.lang.invoke.DirectMethodHandle$Holder.invokeSpecialIFC(java.lang.Object, java.lang.Object, java.lang.Object, java.lang.Object)'> (0x000000069a817650) 
thrown [s\open\src\hotspot\share\interpreter\linkResolver.cpp, line 774]
Event: 1.467 Thread 0x000001d2469511e0 Exception <a 'java/lang/NoSuchMethodError'{0x000000069a900180}: 'void java.lang.invoke.DirectMethodHandle$Holder.invokeInterface(java.lang.Object, java.lang.Object, java.lang.Object)'> (0x000000069a900180) 
thrown [s\open\src\hotspot\share\interpreter\linkResolver.cpp, line 774]
Event: 1.493 Thread 0x000001d2469511e0 Exception <a 'java/lang/NoSuchMethodError'{0x000000069a9a5548}: 'java.lang.Object java.lang.invoke.DirectMethodHandle$Holder.invokeVirtual(java.lang.Object, java.lang.Object, java.lang.Object)'> (0x000000069a9a5548) 
thrown [s\open\src\hotspot\share\interpreter\linkResolver.cpp, line 774]
Event: 1.519 Thread 0x000001d2469511e0 Exception <a 'java/lang/NoSuchMethodError'{0x000000069aa89ff8}: 'void java.lang.invoke.DirectMethodHandle$Holder.invokeStatic(java.lang.Object, java.lang.Object, int)'> (0x000000069aa89ff8) 
thrown [s\open\src\hotspot\share\interpreter\linkResolver.cpp, line 774]
Event: 1.524 Thread 0x000001d2469511e0 Exception <a 'java/lang/NoSuchMethodError'{0x000000069aa9a628}: 'void java.lang.invoke.DirectMethodHandle$Holder.invokeStaticInit(java.lang.Object, java.lang.Object, java.lang.Object)'> (0x000000069aa9a628) 
thrown [s\open\src\hotspot\share\interpreter\linkResolver.cpp, line 774]
Event: 1.544 Thread 0x000001d2469511e0 Exception <a 'java/lang/NoSuchMethodError'{0x000000069ab3dea8}: 'void java.lang.invoke.DirectMethodHandle$Holder.invokeVirtual(java.lang.Object, java.lang.Object, java.lang.Object, java.lang.Object)'> (0x000000069ab3dea8) 
thrown [s\open\src\hotspot\share\interpreter\linkResolver.cpp, line 774]
Event: 1.625 Thread 0x000001d2469511e0 Exception <a 'java/lang/NoSuchMethodError'{0x000000069a5afa90}: 'java.lang.reflect.Field[] java.lang.Class.getDeclaredFields(java.lang.Class)'> (0x000000069a5afa90) 
thrown [s\open\src\hotspot\share\interpreter\linkResolver.cpp, line 774]
Event: 1.626 Thread 0x000001d2469511e0 Exception <a 'java/lang/NoSuchMethodError'{0x000000069a5d6760}: 'java.lang.Object java.lang.invoke.DirectMethodHandle$Holder.invokeStatic(java.lang.Object, java.lang.Object, int)'> (0x000000069a5d6760) 
thrown [s\open\src\hotspot\share\interpreter\linkResolver.cpp, line 774]
Event: 1.627 Thread 0x000001d2469511e0 Exception <a 'java/lang/NoSuchMethodError'{0x000000069a5e1b80}: 'void java.lang.invoke.DelegatingMethodHandle$Holder.delegate(java.lang.Object, java.lang.Object, int, java.lang.Object)'> (0x000000069a5e1b80) 
thrown [s\open\src\hotspot\share\interpreter\linkResolver.cpp, line 774]
Event: 1.640 Thread 0x000001d2469511e0 Exception <a 'java/lang/IncompatibleClassChangeError'{0x000000069a713cf8}: Found class java.lang.Object, but interface was expected> (0x000000069a713cf8) 
thrown [s\open\src\hotspot\share\interpreter\linkResolver.cpp, line 841]

ZGC Phase Switch (0 events):
No events

VM Operations (20 events):
Event: 0.746 Executing VM operation: HandshakeAllThreads (Deoptimize)
Event: 0.746 Executing VM operation: HandshakeAllThreads (Deoptimize) done
Event: 0.758 Executing VM operation: ICBufferFull
Event: 0.758 Executing VM operation: ICBufferFull done
Event: 0.791 Executing VM operation: G1CollectForAllocation (G1 Evacuation Pause)
Event: 0.798 Executing VM operation: G1CollectForAllocation (G1 Evacuation Pause) done
Event: 1.150 Executing VM operation: HandshakeAllThreads (Deoptimize)
Event: 1.150 Executing VM operation: HandshakeAllThreads (Deoptimize) done
Event: 1.344 Executing VM operation: G1CollectForAllocation (G1 Evacuation Pause)
Event: 1.348 Executing VM operation: G1CollectForAllocation (G1 Evacuation Pause) done
Event: 1.417 Executing VM operation: HandshakeAllThreads (Deoptimize)
Event: 1.417 Executing VM operation: HandshakeAllThreads (Deoptimize) done
Event: 1.608 Executing VM operation: HandshakeAllThreads (Deoptimize)
Event: 1.608 Executing VM operation: HandshakeAllThreads (Deoptimize) done
Event: 1.613 Executing VM operation: HandshakeAllThreads (Deoptimize)
Event: 1.613 Executing VM operation: HandshakeAllThreads (Deoptimize) done
Event: 1.880 Executing VM operation: ICBufferFull
Event: 1.880 Executing VM operation: ICBufferFull done
Event: 1.904 Executing VM operation: HandshakeAllThreads (Deoptimize)
Event: 1.904 Executing VM operation: HandshakeAllThreads (Deoptimize) done

Memory protections (0 events):
No events

Nmethod flushes (0 events):
No events

Events (20 events):
Event: 0.059 Thread 0x000001d25c100690 Thread added: 0x000001d2734f4170
Event: 0.059 Thread 0x000001d25c100690 Thread added: 0x000001d2734f5350
Event: 0.161 Thread 0x000001d25c100690 Thread added: 0x000001d245194570
Event: 0.172 Thread 0x000001d2734f5350 Thread added: 0x000001d2451fea00
Event: 0.341 Thread 0x000001d2734f5350 Thread added: 0x000001d245625c00
Event: 0.341 Thread 0x000001d2734f5350 Thread added: 0x000001d24562a680
Event: 0.356 Thread 0x000001d25c100690 Thread added: 0x000001d245638500
Event: 0.356 Thread 0x000001d25c100690 Thread added: 0x000001d245648ca0
Event: 0.681 Thread 0x000001d25c100690 Thread added: 0x000001d24593e260
Event: 0.701 Thread 0x000001d24593e260 Thread added: 0x000001d24594b4d0
Event: 0.726 Thread 0x000001d24594b4d0 Thread added: 0x000001d2459b92d0
Event: 0.736 Thread 0x000001d24594b4d0 Thread added: 0x000001d2459660a0
Event: 1.066 Thread 0x000001d25c100690 Thread added: 0x000001d2469532b0
Event: 1.069 Thread 0x000001d2469532b0 Thread added: 0x000001d2469511e0
Event: 1.215 Thread 0x000001d24593e260 Thread added: 0x000001d246950b50
Event: 1.217 Thread 0x000001d246950b50 Thread added: 0x000001d246953940
Event: 1.232 Thread 0x000001d246953940 Thread exited: 0x000001d246953940
Event: 1.620 Thread 0x000001d2469511e0 Thread added: 0x000001d246952590
Event: 1.737 Thread 0x000001d24594b4d0 Thread added: 0x000001d246951f00
Event: 1.748 Thread 0x000001d246951f00 Thread exited: 0x000001d246951f00


Dynamic libraries:
0x00007ff692610000 - 0x00007ff69261e000 	C:\Users\phaml\.jdks\openjdk-22.0.2\bin\java.exe
0x00007ffab4610000 - 0x00007ffab4827000 	C:\WINDOWS\SYSTEM32\ntdll.dll
0x00007ffab2df0000 - 0x00007ffab2eb4000 	C:\WINDOWS\System32\KERNEL32.DLL
0x00007ffab1980000 - 0x00007ffab1d53000 	C:\WINDOWS\System32\KERNELBASE.dll
0x00007ffab17e0000 - 0x00007ffab18f1000 	C:\WINDOWS\System32\ucrtbase.dll
0x00007ffaa2a70000 - 0x00007ffaa2a8b000 	C:\Users\phaml\.jdks\openjdk-22.0.2\bin\VCRUNTIME140.dll
0x00007ffaa2af0000 - 0x00007ffaa2b07000 	C:\Users\phaml\.jdks\openjdk-22.0.2\bin\jli.dll
0x00007ffab4130000 - 0x00007ffab42e1000 	C:\WINDOWS\System32\USER32.dll
0x00007ffab21d0000 - 0x00007ffab21f6000 	C:\WINDOWS\System32\win32u.dll
0x00007ffab2dc0000 - 0x00007ffab2de9000 	C:\WINDOWS\System32\GDI32.dll
0x00007ffaa0520000 - 0x00007ffaa07ba000 	C:\WINDOWS\WinSxS\amd64_microsoft.windows.common-controls_6595b64144ccf1df_6.0.22621.5090_none_2715ec9973802129\COMCTL32.dll
0x00007ffab1d60000 - 0x00007ffab1e7b000 	C:\WINDOWS\System32\gdi32full.dll
0x00007ffab24b0000 - 0x00007ffab2557000 	C:\WINDOWS\System32\msvcrt.dll
0x00007ffab2130000 - 0x00007ffab21ca000 	C:\WINDOWS\System32\msvcp_win.dll
0x00007ffab2b20000 - 0x00007ffab2b51000 	C:\WINDOWS\System32\IMM32.DLL
0x00007ffaa7f50000 - 0x00007ffaa7f5c000 	C:\Users\phaml\.jdks\openjdk-22.0.2\bin\vcruntime140_1.dll
0x00007ffa76010000 - 0x00007ffa7609e000 	C:\Users\phaml\.jdks\openjdk-22.0.2\bin\msvcp140.dll
0x00007ff9fd570000 - 0x00007ff9fe2b9000 	C:\Users\phaml\.jdks\openjdk-22.0.2\bin\server\jvm.dll
0x00007ffab2370000 - 0x00007ffab2421000 	C:\WINDOWS\System32\ADVAPI32.dll
0x00007ffab2d10000 - 0x00007ffab2db7000 	C:\WINDOWS\System32\sechost.dll
0x00007ffab2280000 - 0x00007ffab22a8000 	C:\WINDOWS\System32\bcrypt.dll
0x00007ffab2600000 - 0x00007ffab2714000 	C:\WINDOWS\System32\RPCRT4.dll
0x00007ffab2430000 - 0x00007ffab24a1000 	C:\WINDOWS\System32\WS2_32.dll
0x00007ffab0ff0000 - 0x00007ffab103d000 	C:\WINDOWS\SYSTEM32\POWRPROF.dll
0x00007ffaa9c20000 - 0x00007ffaa9c54000 	C:\WINDOWS\SYSTEM32\WINMM.dll
0x00007ffaa9a90000 - 0x00007ffaa9a9a000 	C:\WINDOWS\SYSTEM32\VERSION.dll
0x00007ffab0fd0000 - 0x00007ffab0fe3000 	C:\WINDOWS\SYSTEM32\UMPDC.dll
0x00007ffab0720000 - 0x00007ffab0738000 	C:\WINDOWS\SYSTEM32\kernel.appcore.dll
0x00007ffaa7770000 - 0x00007ffaa777a000 	C:\Users\phaml\.jdks\openjdk-22.0.2\bin\jimage.dll
0x00007ffaaea20000 - 0x00007ffaaec52000 	C:\WINDOWS\SYSTEM32\DBGHELP.DLL
0x00007ffab2720000 - 0x00007ffab2ab2000 	C:\WINDOWS\System32\combase.dll
0x00007ffab3760000 - 0x00007ffab3837000 	C:\WINDOWS\System32\OLEAUT32.dll
0x00007ffa7fc30000 - 0x00007ffa7fc62000 	C:\WINDOWS\SYSTEM32\dbgcore.DLL
0x00007ffab1900000 - 0x00007ffab197b000 	C:\WINDOWS\System32\bcryptPrimitives.dll
0x00007ffaa43e0000 - 0x00007ffaa43ef000 	C:\Users\phaml\.jdks\openjdk-22.0.2\bin\instrument.dll
0x00007ffaa0bb0000 - 0x00007ffaa0bce000 	C:\Users\phaml\.jdks\openjdk-22.0.2\bin\java.dll
0x00007ffab2ec0000 - 0x00007ffab375b000 	C:\WINDOWS\System32\SHELL32.dll
0x00007ffab1e80000 - 0x00007ffab1fbf000 	C:\WINDOWS\System32\wintypes.dll
0x00007ffab2b60000 - 0x00007ffab2d01000 	C:\WINDOWS\System32\ole32.dll
0x00007ffaaf610000 - 0x00007ffaaff2e000 	C:\WINDOWS\SYSTEM32\windows.storage.dll
0x00007ffab44c0000 - 0x00007ffab45ca000 	C:\WINDOWS\System32\SHCORE.dll
0x00007ffab2560000 - 0x00007ffab25c8000 	C:\WINDOWS\System32\shlwapi.dll
0x00007ffab1650000 - 0x00007ffab167b000 	C:\WINDOWS\SYSTEM32\profapi.dll
0x00007ffa9fb00000 - 0x00007ffa9fb17000 	C:\Users\phaml\.jdks\openjdk-22.0.2\bin\zip.dll
0x00007ffaa3a30000 - 0x00007ffaa3a40000 	C:\Users\phaml\.jdks\openjdk-22.0.2\bin\net.dll
0x00007ffab0ba0000 - 0x00007ffab0c0a000 	C:\WINDOWS\system32\mswsock.dll
0x00007ffa9fb60000 - 0x00007ffa9fb76000 	C:\Users\phaml\.jdks\openjdk-22.0.2\bin\nio.dll
0x00007ffa9a490000 - 0x00007ffa9a4aa000 	C:\Program Files\JetBrains\IntelliJ IDEA 2024.2.0.1\bin\breakgen64.dll
0x00007ffaa2eb0000 - 0x00007ffaa2eb9000 	C:\Users\phaml\.jdks\openjdk-22.0.2\bin\extnet.dll
0x00007ffab0200000 - 0x00007ffab0302000 	C:\WINDOWS\SYSTEM32\DNSAPI.dll
0x00007ffab01d0000 - 0x00007ffab01fd000 	C:\WINDOWS\SYSTEM32\IPHLPAPI.DLL
0x00007ffab25d0000 - 0x00007ffab25d9000 	C:\WINDOWS\System32\NSI.dll
0x0000000062130000 - 0x0000000062156000 	C:\Program Files\Bonjour\mdnsNSP.dll
0x00007ffaa9a50000 - 0x00007ffaa9a5a000 	C:\Windows\System32\rasadhlp.dll
0x00007ffaabd90000 - 0x00007ffaabe13000 	C:\WINDOWS\System32\fwpuclnt.dll
0x00007ffaa2c80000 - 0x00007ffaa2c8a000 	C:\Users\phaml\.jdks\openjdk-22.0.2\bin\management.dll
0x00007ffaa2bb0000 - 0x00007ffaa2bbb000 	C:\Users\phaml\.jdks\openjdk-22.0.2\bin\management_ext.dll
0x00007ffab42f0000 - 0x00007ffab42f8000 	C:\WINDOWS\System32\PSAPI.DLL
0x00007ffab0da0000 - 0x00007ffab0dbb000 	C:\WINDOWS\SYSTEM32\CRYPTSP.dll
0x00007ffab0680000 - 0x00007ffab06b7000 	C:\WINDOWS\system32\rsaenh.dll
0x00007ffab0c40000 - 0x00007ffab0c68000 	C:\WINDOWS\SYSTEM32\USERENV.dll
0x00007ffab0dc0000 - 0x00007ffab0dcc000 	C:\WINDOWS\SYSTEM32\CRYPTBASE.dll
0x00007ffa7a170000 - 0x00007ffa7a187000 	C:\WINDOWS\system32\napinsp.dll
0x00007ffa7a110000 - 0x00007ffa7a12b000 	C:\WINDOWS\system32\pnrpnsp.dll
0x00007ffa7a130000 - 0x00007ffa7a141000 	C:\WINDOWS\System32\winrnr.dll
0x00007ffaaca40000 - 0x00007ffaaca55000 	C:\WINDOWS\system32\wshbth.dll
0x00007ffa7a0e0000 - 0x00007ffa7a107000 	C:\WINDOWS\system32\nlansp_c.dll
0x00007ffa7efc0000 - 0x00007ffa7f010000 	C:\WINDOWS\SYSTEM32\pdh.dll
0x00007ffa76f50000 - 0x00007ffa76f61000 	C:\WINDOWS\System32\perfproc.dll
0x00007ffa78460000 - 0x00007ffa78470000 	C:\WINDOWS\System32\perfos.dll
0x00007ffaae960000 - 0x00007ffaae970000 	C:\WINDOWS\SYSTEM32\pfclient.dll

dbghelp: loaded successfully - version: 4.0.5 - missing functions: none
symbol engine: initialized successfully - sym options: 0x614 - pdb path: .;C:\Users\phaml\.jdks\openjdk-22.0.2\bin;C:\WINDOWS\SYSTEM32;C:\WINDOWS\WinSxS\amd64_microsoft.windows.common-controls_6595b64144ccf1df_6.0.22621.5090_none_2715ec9973802129;C:\Users\phaml\.jdks\openjdk-22.0.2\bin\server;C:\Program Files\JetBrains\IntelliJ IDEA 2024.2.0.1\bin;C:\Program Files\Bonjour

VM Arguments:
jvm_args: -XX:TieredStopAtLevel=1 -Dspring.output.ansi.enabled=always -Dcom.sun.management.jmxremote -Dspring.jmx.enabled=true -Dspring.liveBeansView.mbeanDomain -Dspring.application.admin.enabled=true -Dmanagement.endpoints.jmx.exposure.include=* -javaagent:C:\Program Files\JetBrains\IntelliJ IDEA 2024.2.0.1\lib\idea_rt.jar=58567:C:\Program Files\JetBrains\IntelliJ IDEA 2024.2.0.1\bin -Dfile.encoding=UTF-8 -Dsun.stdout.encoding=UTF-8 -Dsun.stderr.encoding=UTF-8 
java_command: com.fpt.config.JpapracticeApplication
java_class_path (initial): C:\FPTU\OJT\Spring\jpapractice\jpapractice\target\classes;C:\Users\phaml\.m2\repository\org\springframework\boot\spring-boot-starter-data-jpa\3.4.3\spring-boot-starter-data-jpa-3.4.3.jar;C:\Users\phaml\.m2\repository\org\springframework\boot\spring-boot-starter\3.4.3\spring-boot-starter-3.4.3.jar;C:\Users\phaml\.m2\repository\org\springframework\boot\spring-boot-starter-logging\3.4.3\spring-boot-starter-logging-3.4.3.jar;C:\Users\phaml\.m2\repository\ch\qos\logback\logback-classic\1.5.16\logback-classic-1.5.16.jar;C:\Users\phaml\.m2\repository\ch\qos\logback\logback-core\1.5.16\logback-core-1.5.16.jar;C:\Users\phaml\.m2\repository\org\apache\logging\log4j\log4j-to-slf4j\2.24.3\log4j-to-slf4j-2.24.3.jar;C:\Users\phaml\.m2\repository\org\apache\logging\log4j\log4j-api\2.24.3\log4j-api-2.24.3.jar;C:\Users\phaml\.m2\repository\org\slf4j\jul-to-slf4j\2.0.16\jul-to-slf4j-2.0.16.jar;C:\Users\phaml\.m2\repository\org\yaml\snakeyaml\2.3\snakeyaml-2.3.jar;C:\Users\phaml\.m2\repository\org\springframework\boot\spring-boot-starter-jdbc\3.4.3\spring-boot-starter-jdbc-3.4.3.jar;C:\Users\phaml\.m2\repository\com\zaxxer\HikariCP\5.1.0\HikariCP-5.1.0.jar;C:\Users\phaml\.m2\repository\org\springframework\spring-jdbc\6.2.3\spring-jdbc-6.2.3.jar;C:\Users\phaml\.m2\repository\org\springframework\data\spring-data-jpa\3.4.3\spring-data-jpa-3.4.3.jar;C:\Users\phaml\.m2\repository\org\springframework\data\spring-data-commons\3.4.3\spring-data-commons-3.4.3.jar;C:\Users\phaml\.m2\repository\org\springframework\spring-orm\6.2.3\spring-orm-6.2.3.jar;C:\Users\phaml\.m2\repository\org\springframework\spring-context\6.2.3\spring-context-6.2.3.jar;C:\Users\phaml\.m2\repository\org\springframework\spring-aop\6.2.3\spring-aop-6.2.3.jar;C:\Users\phaml\.m2\repository\org\springframework\spring-tx\6.2.3\spring-tx-6.2.3.jar;C:\Users\phaml\.m2\repository\org\springframework\spring-beans\6.2.3\spring-beans-6.2.3.jar;C:\Users\phaml\.m2\repository\org\slf4j\slf4j-api\2.0.16\slf4j-api-2.0.16.jar;C:\Users\phaml\.m2\repository\org\springframework\spring-aspects\6.2.3\spring-aspects-6.2.3.jar;C:\Users\phaml\.m2\repository\org\aspectj\aspectjweaver\1.9.22.1\aspectjweaver-1.9.22.1.jar;C:\Users\phaml\.m2\repository\com\microsoft\sqlserver\mssql-jdbc\12.4.2.jre11\mssql-jdbc-12.4.2.jre11.jar;C:\Users\phaml\.m2\repository\jakarta\xml\bind\jakarta.xml.bind-api\4.0.2\jakarta.xml.bind-api-4.0.2.jar;C:\Users\phaml\.m2\repository\jakarta\activation\jakarta.activation-api\2.1.3\jakarta.activation-api-2.1.3.jar;C:\Users\phaml\.m2\repository\org\springframework\spring-core\6.2.3\spring-core-6.2.3.jar;C:\Users\phaml\.m2\repository\org\springframework\spring-jcl\6.2.3\spring-jcl-6.2.3.jar;C:\Users\phaml\.m2\repository\org\springframework\boot\spring-boot-devtools\3.4.3\spring-boot-devtools-3.4.3.jar;C:\Users\phaml\.m2\repository\org\springframework\boot\spring-boot\3.4.3\spring-boot-3.4.3.jar;C:\Users\phaml\.m2\repository\org\springframework\boot\spring-boot-autoconfigure\3.4.3\spring-boot-autoconfigure-3.4.3.jar;C:\Users\phaml\.m2\repository\org\springframework\boot\spring-boot-starter-thymeleaf\3.4.3\spring-boot-starter-thymeleaf-3.4.3.jar;C:\Users\phaml\.m2\repository\org\thymeleaf\thymeleaf-spring6\3.1.3.RELEASE\thymeleaf-spring6-3.1.3.RELEASE.jar;C:\Users\phaml\.m2\repository\org\thymeleaf\thymeleaf\3.1.3.RELEASE\thymeleaf-3.1.3.RELEASE.jar;C:\Users\phaml\.m2\repository\org\attoparser\attoparser\2.0.7.RELEASE\attoparser-2.0.7.RELEASE.jar;C:\Users\phaml\.m2\repository\org\unbescape\unbescape\1.1.6.RELEASE\unbescape-1.1.6.RELEASE.jar;C:\Users\phaml\.m2\repository\org\springframework\boot\spring-boot-starter-tomcat\3.4.3\spring-boot-starter-tomcat-3.4.3.jar;C:\Users\phaml\.m2\repository\jakarta\annotation\jakarta.annotation-api\2.1.1\jakarta.annotation-api-2.1.1.jar;C:\Users\phaml\.m2\repository\org\apache\tomcat\embed\tomcat-embed-core\10.1.36\tomcat-embed-core-10.1.36.jar;C:\Users\phaml\.m2\repository\org\apache\tomcat\embed\tomcat-embed-el\10.1.36\tomcat-embed-el-10.1.36.jar;C:\Users\phaml\.m2\repository\org\apache\tomcat\embed\tomcat-embed-websocket\10.1.36\tomcat-embed-websocket-10.1.36.jar;C:\Users\phaml\.m2\repository\org\apache\tomcat\embed\tomcat-embed-jasper\10.1.36\tomcat-embed-jasper-10.1.36.jar;C:\Users\phaml\.m2\repository\org\eclipse\jdt\ecj\3.33.0\ecj-3.33.0.jar;C:\Users\phaml\.m2\repository\org\springframework\boot\spring-boot-starter-web\3.4.3\spring-boot-starter-web-3.4.3.jar;C:\Users\phaml\.m2\repository\org\springframework\boot\spring-boot-starter-json\3.4.3\spring-boot-starter-json-3.4.3.jar;C:\Users\phaml\.m2\repository\com\fasterxml\jackson\core\jackson-databind\2.18.2\jackson-databind-2.18.2.jar;C:\Users\phaml\.m2\repository\com\fasterxml\jackson\core\jackson-annotations\2.18.2\jackson-annotations-2.18.2.jar;C:\Users\phaml\.m2\repository\com\fasterxml\jackson\core\jackson-core\2.18.2\jackson-core-2.18.2.jar;C:\Users\phaml\.m2\repository\com\fasterxml\jackson\datatype\jackson-datatype-jdk8\2.18.2\jackson-datatype-jdk8-2.18.2.jar;C:\Users\phaml\.m2\repository\com\fasterxml\jackson\datatype\jackson-datatype-jsr310\2.18.2\jackson-datatype-jsr310-2.18.2.jar;C:\Users\phaml\.m2\repository\com\fasterxml\jackson\module\jackson-module-parameter-names\2.18.2\jackson-module-parameter-names-2.18.2.jar;C:\Users\phaml\.m2\repository\org\springframework\spring-web\6.2.3\spring-web-6.2.3.jar;C:\Users\phaml\.m2\repository\org\springframework\spring-webmvc\6.2.3\spring-webmvc-6.2.3.jar;C:\Users\phaml\.m2\repository\org\springframework\spring-expression\6.2.3\spring-expression-6.2.3.jar;C:\Users\phaml\.m2\repository\javax\servlet\javax.servlet-api\4.0.1\javax.servlet-api-4.0.1.jar;C:\Users\phaml\.m2\repository\org\hibernate\orm\hibernate-core\6.2.3.Final\hibernate-core-6.2.3.Final.jar;C:\Users\phaml\.m2\repository\jakarta\persistence\jakarta.persistence-api\3.1.0\jakarta.persistence-api-3.1.0.jar;C:\Users\phaml\.m2\repository\jakarta\transaction\jakarta.transaction-api\2.0.1\jakarta.transaction-api-2.0.1.jar;C:\Users\phaml\.m2\repository\org\jboss\logging\jboss-logging\3.6.1.Final\jboss-logging-3.6.1.Final.jar;C:\Users\phaml\.m2\repository\org\hibernate\common\hibernate-commons-annotations\6.0.6.Final\hibernate-commons-annotations-6.0.6.Final.jar;C:\Users\phaml\.m2\repository\io\smallrye\jandex\3.0.5\jandex-3.0.5.jar;C:\Users\phaml\.m2\repository\com\fasterxml\classmate\1.7.0\classmate-1.7.0.jar;C:\Users\phaml\.m2\repository\net\bytebuddy\byte-buddy\1.15.11\byte-buddy-1.15.11.jar;C:\Users\phaml\.m2\repository\org\glassfish\jaxb\jaxb-runtime\4.0.5\jaxb-runtime-4.0.5.jar;C:\Users\phaml\.m2\repository\org\glassfish\jaxb\jaxb-core\4.0.5\jaxb-core-4.0.5.jar;C:\Users\phaml\.m2\repository\org\eclipse\angus\angus-activation\2.0.2\angus-activation-2.0.2.jar;C:\Users\phaml\.m2\repository\org\glassfish\jaxb\txw2\4.0.5\txw2-4.0.5.jar;C:\Users\phaml\.m2\repository\com\sun\istack\istack-commons-runtime\4.1.2\istack-commons-runtime-4.1.2.jar;C:\Users\phaml\.m2\repository\jakarta\inject\jakarta.inject-api\2.0.1\jakarta.inject-api-2.0.1.jar;C:\Users\phaml\.m2\repository\org\antlr\antlr4-runtime\4.10.1\antlr4-runtime-4.10.1.jar;C:\Users\phaml\.m2\repository\org\springframework\boot\spring-boot-starter-actuator\3.4.3\spring-boot-starter-actuator-3.4.3.jar;C:\Users\phaml\.m2\repository\org\springframework\boot\spring-boot-actuator-autoconfigure\3.4.3\spring-boot-actuator-autoconfigure-3.4.3.jar;C:\Users\phaml\.m2\repository\org\springframework\boot\spring-boot-actuator\3.4.3\spring-boot-actuator-3.4.3.jar;C:\Users\phaml\.m2\repository\io\micrometer\micrometer-observation\1.14.4\micrometer-observation-1.14.4.jar;C:\Users\phaml\.m2\repository\io\micrometer\micrometer-commons\1.14.4\micrometer-commons-1.14.4.jar;C:\Users\phaml\.m2\repository\io\micrometer\micrometer-jakarta9\1.14.4\micrometer-jakarta9-1.14.4.jar;C:\Users\phaml\.m2\repository\io\micrometer\micrometer-core\1.14.4\micrometer-core-1.14.4.jar;C:\Users\phaml\.m2\repository\org\hdrhistogram\HdrHistogram\2.2.2\HdrHistogram-2.2.2.jar;C:\Users\phaml\.m2\repository\org\latencyutils\LatencyUtils\2.0.3\LatencyUtils-2.0.3.jar;C:\Users\phaml\.m2\repository\org\projectlombok\lombok\1.18.36\lombok-1.18.36.jar;C:\Users\phaml\.m2\repository\org\springframework\boot\spring-boot-starter-validation\3.4.3\spring-boot-starter-validation-3.4.3.jar;C:\Users\phaml\.m2\repository\org\hibernate\validator\hibernate-validator\8.0.2.Final\hibernate-validator-8.0.2.Final.jar;C:\Users\phaml\.m2\repository\jakarta\validation\jakarta.validation-api\3.0.2\jakarta.validation-api-3.0.2.jar
Launcher Type: SUN_STANDARD

[Global flags]
     intx CICompilerCount                          = 4                                         {product} {ergonomic}
     uint ConcGCThreads                            = 2                                         {product} {ergonomic}
     uint G1ConcRefinementThreads                  = 8                                         {product} {ergonomic}
   size_t G1HeapRegionSize                         = 4194304                                   {product} {ergonomic}
   size_t InitialHeapSize                          = 402653184                                 {product} {ergonomic}
     bool ManagementServer                         = true                                      {product} {command line}
   size_t MarkStackSize                            = 4194304                                   {product} {ergonomic}
   size_t MaxHeapSize                              = 6392119296                                {product} {ergonomic}
   size_t MaxNewSize                               = 3833593856                                {product} {ergonomic}
   size_t MinHeapDeltaBytes                        = 4194304                                   {product} {ergonomic}
   size_t MinHeapSize                              = 8388608                                   {product} {ergonomic}
    uintx NonNMethodCodeHeapSize                   = 4096                                   {pd product} {ergonomic}
    uintx NonProfiledCodeHeapSize                  = 0                                      {pd product} {ergonomic}
     bool ProfileInterpreter                       = false                                  {pd product} {command line}
    uintx ProfiledCodeHeapSize                     = 0                                      {pd product} {ergonomic}
   size_t SoftMaxHeapSize                          = 6392119296                             {manageable} {ergonomic}
     intx TieredStopAtLevel                        = 1                                         {product} {command line}
     bool UseCompressedOops                        = true                           {product lp64_product} {ergonomic}
     bool UseG1GC                                  = true                                      {product} {ergonomic}
     bool UseLargePagesIndividualAllocation        = false                                  {pd product} {ergonomic}

Logging:
Log output configuration:
 #0: stdout all=warning uptime,level,tags foldmultilines=false
 #1: stderr all=off uptime,level,tags foldmultilines=false

Environment Variables:
PATH=c:\Users\phaml\AppData\Local\Programs\cursor\resources\app\bin;C:\Program Files\Common Files\Oracle\Java\javapath_target_4825531;C:\Python312\;C:\Program Files\Common Files\Oracle\Java\javapath;C:\Program Files (x86)\VMware\VMware Workstation\bin\;C:\WINDOWS\system32;C:\WINDOWS;C:\WINDOWS\System32\Wbem;C:\WINDOWS\System32\WindowsPowerShell\v1.0\;C:\WINDOWS\System32\OpenSSH\;C:\Program Files\dotnet\;C:\msys64\mingw64\bin;C:\Program Files\nodejs\;C:\ProgramData\chocolatey\bin;C:\Program Files (x86)\Microsoft SQL Server\160\DTS\Binn\;C:\Program Files\Azure Data Studio\bin;C:\Program Files (x86)\Microsoft SQL Server\160\Tools\Binn\;C:\Program Files\Microsoft SQL Server\160\Tools\Binn\;C:\Program Files\Microsoft SQL Server\Client SDK\ODBC\170\Tools\Binn\;C:\Program Files\Microsoft SQL Server\160\DTS\Binn\;C:\Program Files\Microsoft SQL Server\120\Tools\Binn\;C:\Program Files\Java\jdk-17\bin;C:\Python312\~cripts;C:\Program Files\Docker\Docker\resources\bin;C:\;C:\Program Files\MongoDB\Server\8.0\bin;C:\Users\phaml\Downloads\mongosh-2.3.8-win32-x64\mongosh-2.3.8-win32-x64\bin;C:\Users\phaml\AppData\Local\Programs\Python\Python313\Scripts;C:\Users\phaml\AppData\Local\Programs\Python\Python313\Scripts;C:\Program Files\PowerShell\7\;C:\Program Files\JetBrains\IntelliJ IDEA 2024.2.0.1\bin\idea64.exe;C:\apache-maven-3.9.9-bin\apache-maven-3.9.9\bin;C:\Program Files\Git\cmd;C:\Users\phaml\AppData\Local\Microsoft\WindowsApps;C:\MinGW\bin;C:\Users\phaml\AppData\Roaming\npm;C:\Program Files\Azure Data Studio\bin;C:\Users\phaml\AppData\Local\Programs\Azure Data Studio\bin;C:\Program Files\Azure Data Studio\bin;C:\Program Files\JetBrains\IntelliJ IDEA 2024.2.0.1\bin;;C:\Program Files\JetBrains\PyCharm 2024.1.1\bin;;C:\Program Files\JetBrains\GoLand 2024.1.1\bin;;C:\Users\phaml\AppData\Local\GitHubDesktop\bin;C:\Program Files\NetBeans-17\netbeans\java\gradle\bin;C:\Users\phaml\Downloads\gradle-8.10.1-bin\gradle\bin;C:\FALL24\apache-maven-3.9.9\bin;C:\Users\phaml\AppData\Local\Programs\mongosh\;C:\Program Files\JetBrains\IntelliJ IDEA 2024.2.0.1\bin\idea64.exe;C:\Users\phaml\AppData\Local\Microsoft\WinGet\Packages\Schniz.fnm_Microsoft.Winget.Source_8wekyb3d8bbwe;C:\Users\phaml\AppData\Local\Programs\cursor\resources\app\bin
USERNAME=phaml
OS=Windows_NT
PROCESSOR_IDENTIFIER=Intel64 Family 6 Model 140 Stepping 1, GenuineIntel
TMP=C:\Users\phaml\AppData\Local\Temp
TEMP=C:\Users\phaml\AppData\Local\Temp




Periodic native trim disabled

---------------  S Y S T E M  ---------------

OS:
 Windows 11 , 64 bit Build 22621 (10.0.22621.5015)
OS uptime: 7 days 12:54 hours
Hyper-V role detected

CPU: total 8 (initial active 8) (4 cores per cpu, 2 threads per core) family 6 model 140 stepping 1 microcode 0x8a, cx8, cmov, fxsr, ht, mmx, 3dnowpref, sse, sse2, sse3, ssse3, sse4.1, sse4.2, popcnt, lzcnt, tsc, tscinvbit, avx, avx2, aes, erms, clmul, bmi1, bmi2, adx, avx512f, avx512dq, avx512cd, avx512bw, avx512vl, sha, fma, vzeroupper, avx512_vpopcntdq, avx512_vpclmulqdq, avx512_vaes, avx512_vnni, clflush, clflushopt, clwb, avx512_vbmi2, avx512_vbmi, hv, rdtscp, rdpid, fsrm, gfni, avx512_bitalg, f16c, cet_ibt, cet_ss, avx512_ifma
Processor Information for all 8 processors :
  Max Mhz: 2419, Current Mhz: 2419, Mhz Limit: 2419

Memory: 4k page, system-wide physical 24375M (4652M free)
TotalPageFile size 32567M (AvailPageFile size 0M)
current process WorkingSet (physical memory assigned to process): 119M, peak: 119M
current process commit charge ("private bytes"): 509M, peak: 509M

vm_info: OpenJDK 64-Bit Server VM (22.0.2+9-70) for windows-amd64 JRE (22.0.2+9-70), built on 2024-06-04T16:52:23Z by "mach5one" with MS VC++ 17.6 (VS2022)

END.
