#
# There is insufficient memory for the Java Runtime Environment to continue.
# Native memory allocation (mmap) failed to map 65536 bytes. Error detail: Failed to commit metaspace.
# Possible reasons:
#   The system is out of physical RAM or swap space
#   This process is running with CompressedOops enabled, and the Java Heap may be blocking the growth of the native heap
# Possible solutions:
#   Reduce memory load on the system
#   Increase physical memory or swap space
#   Check if swap backing store is full
#   Decrease Java heap size (-Xmx/-Xms)
#   Decrease number of Java threads
#   Decrease Java thread stack sizes (-Xss)
#   Set larger code cache with -XX:ReservedCodeCacheSize=
#   JVM is running with Zero Based Compressed Oops mode in which the Java heap is
#     placed in the first 32GB address space. The Java Heap base address is the
#     maximum limit for the native heap growth. Please use -XX:HeapBaseMinAddress
#     to set the Java Heap base and to place the Java Heap above 32GB virtual address.
# This output file may be truncated or incomplete.
#
#  Out of Memory Error (virtualSpaceNode.cpp:112), pid=16884, tid=11360
#
# JRE version: OpenJDK Runtime Environment (22.0.2+9) (build 22.0.2+9-70)
# Java VM: OpenJDK 64-Bit Server VM (22.0.2+9-70, mixed mode, emulated-client, sharing, tiered, compressed oops, compressed class ptrs, g1 gc, windows-amd64)
# No core dump will be written. Minidumps are not enabled by default on client versions of Windows
#

---------------  S U M M A R Y ------------

Command Line: -XX:TieredStopAtLevel=1 -Dspring.output.ansi.enabled=always -Dcom.sun.management.jmxremote -Dspring.jmx.enabled=true -Dspring.liveBeansView.mbeanDomain -Dspring.application.admin.enabled=true -Dmanagement.endpoints.jmx.exposure.include=* -javaagent:C:\Program Files\JetBrains\IntelliJ IDEA 2024.2.0.1\lib\idea_rt.jar=58681:C:\Program Files\JetBrains\IntelliJ IDEA 2024.2.0.1\bin -Dfile.encoding=UTF-8 -Dsun.stdout.encoding=UTF-8 -Dsun.stderr.encoding=UTF-8 com.fpt.config.JpapracticeApplication

Host: 11th Gen Intel(R) Core(TM) i5-1135G7 @ 2.40GHz, 8 cores, 23G,  Windows 11 , 64 bit Build 22621 (10.0.22621.5015)
Time: Wed Mar 26 21:33:54 2025 SE Asia Standard Time elapsed time: 2.050105 seconds (0d 0h 0m 2s)

---------------  T H R E A D  ---------------

Current thread (0x00000203caf42270):  JavaThread "background-preinit"        [_thread_in_vm, id=11360, stack(0x000000b292800000,0x000000b292900000) (1024K)]

Stack: [0x000000b292800000,0x000000b292900000]
Native frames: (J=compiled Java code, j=interpreted, Vv=VM code, C=native code)
V  [jvm.dll+0x6e26e9]  (no source info available)
V  [jvm.dll+0x875753]  (no source info available)
V  [jvm.dll+0x877b7e]  (no source info available)
V  [jvm.dll+0x878253]  (no source info available)
V  [jvm.dll+0x27fc86]  (no source info available)
V  [jvm.dll+0x87139e]  (no source info available)
V  [jvm.dll+0x685755]  (no source info available)
V  [jvm.dll+0x6857ba]  (no source info available)
V  [jvm.dll+0x687ffa]  (no source info available)
V  [jvm.dll+0x224f6c]  (no source info available)
V  [jvm.dll+0x68616e]  (no source info available)
V  [jvm.dll+0x690408]  (no source info available)
V  [jvm.dll+0x2151c1]  (no source info available)
V  [jvm.dll+0x21564a]  (no source info available)
V  [jvm.dll+0x216071]  (no source info available)
V  [jvm.dll+0x20b3ae]  (no source info available)
V  [jvm.dll+0x5c4a8f]  (no source info available)
V  [jvm.dll+0x21cb2a]  (no source info available)
V  [jvm.dll+0x7ebe8c]  (no source info available)
V  [jvm.dll+0x7ecf26]  (no source info available)
V  [jvm.dll+0x7ed534]  (no source info available)
V  [jvm.dll+0x483fdb]  (no source info available)
C  [java.dll+0x1a25]  (no source info available)
C  0x00000203bd4a2dc1  (no source info available)

The last pc belongs to native nmethod (printed below).
Java frames: (J=compiled Java code, j=interpreted, Vv=VM code)
J 1410  java.lang.ClassLoader.findBootstrapClass(Ljava/lang/String;)Ljava/lang/Class; java.base@22.0.2 (0 bytes) @ 0x00000203bd4a2d2a [0x00000203bd4a2cc0+0x000000000000006a]
J 1421 c1 jdk.internal.loader.ClassLoaders$BootClassLoader.loadClassOrNull(Ljava/lang/String;Z)Ljava/lang/Class; java.base@22.0.2 (10 bytes) @ 0x00000203bd4a733c [0x00000203bd4a72c0+0x000000000000007c]
J 1322 c1 jdk.internal.loader.BuiltinClassLoader.loadClassOrNull(Ljava/lang/String;Z)Ljava/lang/Class; java.base@22.0.2 (143 bytes) @ 0x00000203bd47d314 [0x00000203bd47cfe0+0x0000000000000334]
J 1428 c1 jdk.internal.loader.ClassLoaders$AppClassLoader.loadClass(Ljava/lang/String;Z)Ljava/lang/Class; java.base@22.0.2 (40 bytes) @ 0x00000203bd4aa00c [0x00000203bd4a9fc0+0x000000000000004c]
J 1411 c1 java.lang.ClassLoader.loadClass(Ljava/lang/String;)Ljava/lang/Class; java.base@22.0.2 (7 bytes) @ 0x00000203bd4a3b74 [0x00000203bd4a3b20+0x0000000000000054]
v  ~StubRoutines::call_stub 0x00000203bcfb100d
j  com.fasterxml.jackson.databind.ObjectMapper.<init>(Lcom/fasterxml/jackson/core/JsonFactory;Lcom/fasterxml/jackson/databind/ser/DefaultSerializerProvider;Lcom/fasterxml/jackson/databind/deser/DefaultDeserializationContext;)V+25
j  com.fasterxml.jackson.databind.ObjectMapper.<init>()V+4
j  org.springframework.http.converter.json.Jackson2ObjectMapperBuilder.build()Lcom/fasterxml/jackson/databind/ObjectMapper;+81
j  org.springframework.http.converter.json.MappingJackson2HttpMessageConverter.<init>()V+4
j  org.springframework.http.converter.support.AllEncompassingFormHttpMessageConverter.<init>()V+55
j  org.springframework.boot.autoconfigure.BackgroundPreinitializer$MessageConverterInitializer.run()V+4
j  org.springframework.boot.autoconfigure.BackgroundPreinitializer$1.runSafely(Ljava/lang/Runnable;)Z+1
j  org.springframework.boot.autoconfigure.BackgroundPreinitializer$1.run()V+32
j  java.lang.Thread.runWith(Ljava/lang/Object;Ljava/lang/Runnable;)V+5 java.base@22.0.2
j  java.lang.Thread.run()V+19 java.base@22.0.2
v  ~StubRoutines::call_stub 0x00000203bcfb100d

Compiled method (n/a) 2112 1410     n 0       java.lang.ClassLoader::findBootstrapClass (native)
 total in heap  [0x00000203bd4a2b10,0x00000203bd4a3208] = 1784
 relocation     [0x00000203bd4a2c68,0x00000203bd4a2ca8] = 64
 main code      [0x00000203bd4a2cc0,0x00000203bd4a3204] = 1348
 stub code      [0x00000203bd4a3204,0x00000203bd4a3208] = 4

[Constant Pool (empty)]

[MachCode]
[Entry Point]
  # {method} {0x00000203cb3fdcf8} 'findBootstrapClass' '(Ljava/lang/String;)Ljava/lang/Class;' in 'java/lang/ClassLoader'
  # parm0:    rdx:rdx   = 'java/lang/String'
  #           [sp+0x70]  (sp of caller)
  0x00000203bd4a2cc0: 448b 5208 | 49bb 0000 | 00cb 0302 | 0000 4d03 | d349 3bc2 | 0f84 0600 

  0x00000203bd4a2cd8: ;   {runtime_call ic_miss_stub}
  0x00000203bd4a2cd8: 0000 e9a1 | bcb5 ff90 
[Verified Entry Point]
  0x00000203bd4a2ce0: 8984 2400 | 80ff ff55 | 488b ec48 | 83ec 6090 | 4181 7f20 | 0100 0000 

  0x00000203bd4a2cf8: ;   {runtime_call StubRoutines (final stubs)}
  0x00000203bd4a2cf8: 7405 e8c1 | 42b4 ff48 | 8954 2420 | 4883 fa00 | 4c8d 4424 | 204c 0f44 

  0x00000203bd4a2d10: ;   {oop(a 'java/lang/Class'{0x00000006835b56b0} = 'java/lang/ClassLoader')}
  0x00000203bd4a2d10: 4424 2049 | beb0 565b | 8306 0000 | 004c 8974 | 2450 4c8d | 7424 5049 | 8bd6 c5f8 

  0x00000203bd4a2d2c: ;   {internal_word}
  0x00000203bd4a2d2c: 7749 ba2a | 2d4a bd03 | 0200 004d | 8997 a803 | 0000 4989 | a7a0 0300 

  0x00000203bd4a2d44: ;   {external_word}
  0x00000203bd4a2d44: 0049 ba6c | 401b fef9 | 7f00 0041 | 803a 000f | 844a 0000 | 0052 4150 

  0x00000203bd4a2d5c: ;   {metadata({method} {0x00000203cb3fdcf8} 'findBootstrapClass' '(Ljava/lang/String;)Ljava/lang/Class;' in 'java/lang/ClassLoader')}
  0x00000203bd4a2d5c: 48ba f0dc | 3fcb 0302 | 0000 498b | cf48 83ec | 2040 f6c4 | 0f0f 8419 | 0000 0048 

  0x00000203bd4a2d78: ;   {runtime_call}
  0x00000203bd4a2d78: 83ec 0848 | b880 b9cb | fdf9 7f00 | 00ff d048 | 83c4 08e9 | 0c00 0000 

  0x00000203bd4a2d90: ;   {runtime_call}
  0x00000203bd4a2d90: 48b8 80b9 | cbfd f97f | 0000 ffd0 | 4883 c420 | 4158 5a49 | 8d8f c003 | 0000 41c7 | 8754 0400 
  0x00000203bd4a2db0: 0004 0000 

  0x00000203bd4a2db4: ;   {runtime_call}
  0x00000203bd4a2db4: 0048 b8b8 | 19a7 a2fa | 7f00 00ff | d0c5 f877 | 41c7 8754 | 0400 0005 | 0000 00f0 | 8344 24c0 
  0x00000203bd4a2dd4: 0049 3baf | 5804 0000 | 0f87 0e00 | 0000 4183 | bf50 0400 | 0000 0f84 | 2b00 0000 | c5f8 7748 
  0x00000203bd4a2df4: 8945 f849 | 8bcf 4c8b | e448 83ec | 2048 83e4 

  0x00000203bd4a2e04: ;   {runtime_call}
  0x00000203bd4a2e04: f048 b840 | 2396 fdf9 | 7f00 00ff | d049 8be4 | 4d33 e448 | 8b45 f841 | c787 5404 | 0000 0800 
  0x00000203bd4a2e24: 0000 4183 | bfd0 0400 | 0002 0f84 | a303 0000 

  0x00000203bd4a2e34: ;   {external_word}
  0x00000203bd4a2e34: 49ba 6c40 | 1bfe f97f | 0000 4180 | 3a00 0f84 | 4c00 0000 | 4889 45f8 

  0x00000203bd4a2e4c: ;   {metadata({method} {0x00000203cb3fdcf8} 'findBootstrapClass' '(Ljava/lang/String;)Ljava/lang/Class;' in 'java/lang/ClassLoader')}
  0x00000203bd4a2e4c: 48ba f0dc | 3fcb 0302 | 0000 498b | cf48 83ec | 2040 f6c4 | 0f0f 8419 | 0000 0048 

  0x00000203bd4a2e68: ;   {runtime_call}
  0x00000203bd4a2e68: 83ec 0848 | b880 b9cb | fdf9 7f00 | 00ff d048 | 83c4 08e9 | 0c00 0000 

  0x00000203bd4a2e80: ;   {runtime_call}
  0x00000203bd4a2e80: 48b8 80b9 | cbfd f97f | 0000 ffd0 | 4883 c420 | 488b 45f8 | 49c7 87a0 | 0300 0000 | 0000 0049 
  0x00000203bd4a2ea0: c787 a803 | 0000 0000 | 0000 c5f8 | 7748 85c0 | 0f84 fe02 | 0000 a803 | 0f85 0800 | 0000 488b 
  0x00000203bd4a2ec0: 00e9 ee02 | 0000 a801 | 0f85 0900 | 0000 488b | 40fe e9dd | 0200 0048 | 8b40 ff41 | 807f 3800 
  0x00000203bd4a2ee0: 0f84 ce02 | 0000 4883 | f800 0f84 | c402 0000 | 498b 4f28 | 4883 f900 | 0f84 1400 | 0000 4883 
  0x00000203bd4a2f00: e908 4989 | 4f28 4903 | 4f30 4889 | 01e9 a202 | 0000 4881 | ec50 0100 | 0048 8904 | 2448 894c 
  0x00000203bd4a2f20: 2408 4889 | 5424 1048 | 8974 2418 | 4889 7c24 | 204c 8944 | 2428 4c89 | 4c24 304c | 8954 2438 
  0x00000203bd4a2f40: 4c89 5c24 | 40c5 fb11 | 4424 50c5 | fb11 4c24 | 58c5 fb11 | 5424 60c5 | fb11 5c24 | 68c5 fb11 
  0x00000203bd4a2f60: 6424 70c5 | fb11 6c24 | 78c5 fb11 | b424 8000 | 0000 c5fb | 11bc 2488 | 0000 00c5 

  0x00000203bd4a2f7c: ;   {no_reloc}
  0x00000203bd4a2f7c: 7b11 8424 | 9000 0000 | c57b 118c | 2498 0000 | 00c5 7b11 | 9424 a000 | 0000 c57b | 119c 24a8 
  0x00000203bd4a2f9c: 0000 00c5 | 7b11 a424 | b000 0000 | c57b 11ac | 24b8 0000 | 00c5 7b11 | b424 c000 | 0000 c57b 
  0x00000203bd4a2fbc: 11bc 24c8 | 0000 0062 | e1ff 0811 | 4424 1a62 | e1ff 0811 | 4c24 1b62 | e1ff 0811 | 5424 1c62 
  0x00000203bd4a2fdc: e1ff 0811 | 5c24 1d62 | e1ff 0811 | 6424 1e62 | e1ff 0811 | 6c24 1f62 | e1ff 0811 | 7424 2062 
  0x00000203bd4a2ffc: e1ff 0811 | 7c24 2162 | 61ff 0811 | 4424 2262 | 61ff 0811 | 4c24 2362 | 61ff 0811 | 5424 2462 
  0x00000203bd4a301c: 61ff 0811 | 5c24 2562 | 61ff 0811 | 6424 2662 | 61ff 0811 | 6c24 2762 | 61ff 0811 | 7424 2862 
  0x00000203bd4a303c: 61ff 0811 | 7c24 2949 | 8bd7 488b | c848 83ec | 2040 f6c4 | 0f0f 8419 | 0000 0048 

  0x00000203bd4a3058: ;   {runtime_call}
  0x00000203bd4a3058: 83ec 0848 | b830 3f89 | fdf9 7f00 | 00ff d048 | 83c4 08e9 | 0c00 0000 

  0x00000203bd4a3070: ;   {runtime_call}
  0x00000203bd4a3070: 48b8 303f | 89fd f97f | 0000 ffd0 | 4883 c420 | 6261 ff08 | 107c 2429 | 6261 ff08 | 1074 2428 
  0x00000203bd4a3090: 6261 ff08 | 106c 2427 | 6261 ff08 | 1064 2426 | 6261 ff08 | 105c 2425 | 6261 ff08 | 1054 2424 
  0x00000203bd4a30b0: 6261 ff08 | 104c 2423 | 6261 ff08 | 1044 2422 | 62e1 ff08 | 107c 2421 | 62e1 ff08 | 1074 2420 
  0x00000203bd4a30d0: 62e1 ff08 | 106c 241f | 62e1 ff08 | 1064 241e | 62e1 ff08 | 105c 241d | 62e1 ff08 | 1054 241c 
  0x00000203bd4a30f0: 62e1 ff08 | 104c 241b | 62e1 ff08 | 1044 241a | c57b 10bc | 24c8 0000 | 00c5 7b10 | b424 c000 
  0x00000203bd4a3110: 0000 c57b | 10ac 24b8 | 0000 00c5 | 7b10 a424 | b000 0000 | c57b 109c | 24a8 0000 | 00c5 7b10 
  0x00000203bd4a3130: 9424 a000 | 0000 c57b | 108c 2498 | 0000 00c5 | 7b10 8424 | 9000 0000 | c5fb 10bc | 2488 0000 
  0x00000203bd4a3150: 00c5 fb10 | b424 8000 | 0000 c5fb | 106c 2478 | c5fb 1064 | 2470 c5fb | 105c 2468 

  0x00000203bd4a316c: ;   {no_reloc}
  0x00000203bd4a316c: c5fb 1054 | 2460 c5fb | 104c 2458 | c5fb 1044 | 2450 4c8b | 5c24 404c | 8b54 2438 | 4c8b 4c24 
  0x00000203bd4a318c: 304c 8b44 | 2428 488b | 7c24 2048 | 8b74 2418 | 488b 5424 | 1048 8b4c | 2408 488b | 0424 4881 
  0x00000203bd4a31ac: c450 0100 | 00c5 f877 | 498b 8f30 | 0400 00c7 | 8100 0100 | 0000 0000 | 00c9 4983 | 7f08 000f 
  0x00000203bd4a31cc: 8501 0000 

  0x00000203bd4a31d0: ;   {runtime_call StubRoutines (initial stubs)}
  0x00000203bd4a31d0: 00c3 e929 | ddb0 ffc5 | f877 4889 | 45f8 4c8b | e448 83ec | 2048 83e4 

  0x00000203bd4a31e8: ;   {runtime_call}
  0x00000203bd4a31e8: f048 b8d0 | f1cb fdf9 | 7f00 00ff | d049 8be4 | 4d33 e448 | 8b45 f8e9 | 30fc ffff 
[Stub Code]
  0x00000203bd4a3204: f4f4 f4f4 
[/MachCode]


Compiled method (c1) 2125 1421       1       jdk.internal.loader.ClassLoaders$BootClassLoader::loadClassOrNull (10 bytes)
 total in heap  [0x00000203bd4a7110,0x00000203bd4a7480] = 880
 relocation     [0x00000203bd4a7268,0x00000203bd4a72b0] = 72
 main code      [0x00000203bd4a72c0,0x00000203bd4a73a0] = 224
 stub code      [0x00000203bd4a73a0,0x00000203bd4a73f0] = 80
 metadata       [0x00000203bd4a73f0,0x00000203bd4a7408] = 24
 scopes data    [0x00000203bd4a7408,0x00000203bd4a7438] = 48
 scopes pcs     [0x00000203bd4a7438,0x00000203bd4a7478] = 64
 dependencies   [0x00000203bd4a7478,0x00000203bd4a7480] = 8

[Constant Pool (empty)]

[MachCode]
[Entry Point]
  # {method} {0x00000203cb1381c8} 'loadClassOrNull' '(Ljava/lang/String;Z)Ljava/lang/Class;' in 'jdk/internal/loader/ClassLoaders$BootClassLoader'
  # this:     rdx:rdx   = 'jdk/internal/loader/ClassLoaders$BootClassLoader'
  # parm0:    r8:r8     = 'java/lang/String'
  # parm1:    r9        = boolean
  #           [sp+0x60]  (sp of caller)
  0x00000203bd4a72c0: 448b 5208 | 49bb 0000 | 00cb 0302 | 0000 4d03 | d34c 3bd0 

  0x00000203bd4a72d4: ;   {runtime_call ic_miss_stub}
  0x00000203bd4a72d4: 0f85 a676 | b5ff 660f | 1f44 0000 
[Verified Entry Point]
  0x00000203bd4a72e0: 8984 2400 | 80ff ff55 | 4883 ec50 | 4181 7f20 | 0100 0000 

  0x00000203bd4a72f4: ;   {runtime_call StubRoutines (final stubs)}
  0x00000203bd4a72f4: 7405 e8c5 | fcb3 ff49 | 8bd0 4c89 | 4424 380f 

  0x00000203bd4a7304: ;   {static_call}
  0x00000203bd4a7304: 1f40 00e8 

  0x00000203bd4a7308: ; ImmutableOopMap {[56]=Oop }
                      ;*invokestatic checkName {reexecute=0 rethrow=0 return_oop=0}
                      ; - java.lang.ClassLoader::findBootstrapClassOrNull@1 (line 1270)
                      ; - java.lang.System$2::findBootstrapClassOrNull@1 (line 2405)
                      ; - jdk.internal.loader.ClassLoaders$BootClassLoader::loadClassOrNull@4 (line 140)
  0x00000203bd4a7308: b465 faff 

  0x00000203bd4a730c: ;   {other}
  0x00000203bd4a730c: 0f1f 8400 | fc01 0000 | 85c0 0f85 | 0f00 0000 

  0x00000203bd4a731c: ;   {oop(nullptr)}
  0x00000203bd4a731c: 48be 0000 | 0000 0000 | 0000 e91c | 0000 004c | 8b44 2438 | 498b d00f 

  0x00000203bd4a7334: ;   {static_call}
  0x00000203bd4a7334: 1f40 00e8 

  0x00000203bd4a7338: ; ImmutableOopMap {}
                      ;*invokestatic findBootstrapClass {reexecute=0 rethrow=0 return_oop=0}
                      ; - java.lang.ClassLoader::findBootstrapClassOrNull@10 (line 1272)
                      ; - java.lang.System$2::findBootstrapClassOrNull@1 (line 2405)
                      ; - jdk.internal.loader.ClassLoaders$BootClassLoader::loadClassOrNull@4 (line 140)
  0x00000203bd4a7338: a4b9 ffff 

  0x00000203bd4a733c: ;   {other}
  0x00000203bd4a733c: 0f1f 8400 | 2c02 0001 | 488b f048 | 8bc6 4883 

  0x00000203bd4a734c: ;   {poll_return}
  0x00000203bd4a734c: c450 5d49 | 3ba7 5804 | 0000 0f87 | 0100 0000 

  0x00000203bd4a735c: ;   {internal_word}
  0x00000203bd4a735c: c349 ba4f | 734a bd03 | 0200 004d | 8997 7004 

  0x00000203bd4a736c: ;   {runtime_call SafepointBlob}
  0x00000203bd4a736c: 0000 e90d | f8b5 ff49 | 8b87 0805 | 0000 49c7 | 8708 0500 | 0000 0000 | 0049 c787 | 1005 0000 
  0x00000203bd4a738c: 0000 0000 | 4883 c450 

  0x00000203bd4a7394: ;   {runtime_call unwind_exception Runtime1 stub}
  0x00000203bd4a7394: 5de9 6694 | c1ff f4f4 | f4f4 f4f4 
[Stub Code]
  0x00000203bd4a73a0: ;   {no_reloc}
  0x00000203bd4a73a0: 48bb 0000 | 0000 0000 

  0x00000203bd4a73a8: ;   {runtime_call}
  0x00000203bd4a73a8: 0000 e9fb 

  0x00000203bd4a73ac: ;   {static_stub}
  0x00000203bd4a73ac: ffff ff48 | bb00 0000 | 0000 0000 

  0x00000203bd4a73b8: ;   {runtime_call}
  0x00000203bd4a73b8: 00e9 fbff 

  0x00000203bd4a73bc: ;   {runtime_call handle_exception_from_callee Runtime1 stub}
  0x00000203bd4a73bc: ffff e8bd 

  0x00000203bd4a73c0: ;   {external_word}
  0x00000203bd4a73c0: f8c1 ff48 | b9b0 28f3 | fdf9 7f00 | 0048 83e4 

  0x00000203bd4a73d0: ;   {runtime_call}
  0x00000203bd4a73d0: f048 b830 | 99ba fdf9 | 7f00 00ff 

  0x00000203bd4a73dc: ;   {section_word}
  0x00000203bd4a73dc: d0f4 49ba | de73 4abd | 0302 0000 

  0x00000203bd4a73e8: ;   {runtime_call DeoptimizationBlob}
  0x00000203bd4a73e8: 4152 e931 | 0cb6 fff4 
[/MachCode]


Compiled method (c1) 2128 1322   !   1       jdk.internal.loader.BuiltinClassLoader::loadClassOrNull (143 bytes)
 total in heap  [0x00000203bd47cd90,0x00000203bd47dcf8] = 3944
 relocation     [0x00000203bd47cee8,0x00000203bd47cfe0] = 248
 main code      [0x00000203bd47cfe0,0x00000203bd47d610] = 1584
 stub code      [0x00000203bd47d610,0x00000203bd47d6f0] = 224
 metadata       [0x00000203bd47d6f0,0x00000203bd47d768] = 120
 scopes data    [0x00000203bd47d768,0x00000203bd47d960] = 504
 scopes pcs     [0x00000203bd47d960,0x00000203bd47daf0] = 400
 dependencies   [0x00000203bd47daf0,0x00000203bd47db08] = 24
 handler table  [0x00000203bd47db08,0x00000203bd47dcb8] = 432
 nul chk table  [0x00000203bd47dcb8,0x00000203bd47dcf8] = 64

[Constant Pool (empty)]

[MachCode]
[Entry Point]
  # {method} {0x00000203cb05a158} 'loadClassOrNull' '(Ljava/lang/String;Z)Ljava/lang/Class;' in 'jdk/internal/loader/BuiltinClassLoader'
  # this:     rdx:rdx   = 'jdk/internal/loader/BuiltinClassLoader'
  # parm0:    r8:r8     = 'java/lang/String'
  # parm1:    r9        = boolean
  #           [sp+0x100]  (sp of caller)
  0x00000203bd47cfe0: 448b 5208 | 49bb 0000 | 00cb 0302 | 0000 4d03 | d34c 3bd0 

  0x00000203bd47cff4: ;   {runtime_call ic_miss_stub}
  0x00000203bd47cff4: 0f85 8619 | b8ff 660f | 1f44 0000 
[Verified Entry Point]
  0x00000203bd47d000: 8984 2400 | 80ff ff55 | 4881 ecf0 | 0000 0090 | 4181 7f20 | 0100 0000 

  0x00000203bd47d018: ;   {runtime_call StubRoutines (final stubs)}
  0x00000203bd47d018: 7405 e8a1 | 9fb6 ff48 | 8994 24a0 | 0000 004c | 8984 2498 | 0000 008b | 5a28 48c1 | e303 4885 
  0x00000203bd47d038: db0f 8510 | 0000 0048 | 8bf2 4489 | 8c24 a800 | 0000 e999 | 0000 0044 | 898c 24a8 

  0x00000203bd47d054: ;   {metadata('java/lang/Object')}
  0x00000203bd47d054: 0000 0048 | ba80 0e00 | cb03 0200 | 0049 8b87 | b801 0000 | 488d 7810 | 493b bfc8 | 0100 000f 
  0x00000203bd47d074: 87cb 0400 | 0049 89bf | b801 0000 | 48c7 0001 | 0000 0048 | 8bca 49ba | 0000 00cb | 0302 0000 
  0x00000203bd47d094: 492b ca89 | 4808 4833 | c989 480c | 4833 c948 | 3b03 498b | f04c 8bc6 | 4c8b c8bf | 0100 0000 
  0x00000203bd47d0b4: 488b d348 | 8984 2490 

  0x00000203bd47d0bc: ;   {optimized virtual_call}
  0x00000203bd47d0bc: 0000 00e8 

  0x00000203bd47d0c0: ; ImmutableOopMap {[144]=Oop [152]=Oop [160]=Oop }
                      ;*invokevirtual putVal {reexecute=0 rethrow=0 return_oop=0}
                      ; - java.util.concurrent.ConcurrentHashMap::putIfAbsent@4 (line 1541)
                      ; - java.lang.ClassLoader::getClassLoadingLock@23 (line 680)
                      ; - jdk.internal.loader.BuiltinClassLoader::loadClassOrNull@2 (line 651)
  0x00000203bd47d0c0: 9c66 c6ff 

  0x00000203bd47d0c4: ;   {other}
  0x00000203bd47d0c4: 0f1f 8400 | 3403 0000 | 4885 c00f | 8408 0000 | 0048 8bf0 | e90b 0000 | 0048 8b84 | 2490 0000 
  0x00000203bd47d0e4: 0048 8bf0 | 488d 9424 | d000 0000 | 4889 7208 

  0x00000203bd47d0f4: ; implicit exception: dispatches to 0x00000203bd47d556
  0x00000203bd47d0f4: 488b 0648 | 83c8 0148 | 8902 f048 | 0fb1 160f | 8412 0000 | 0048 2bc4 | 4825 07f0 | ffff 4889 
  0x00000203bd47d114: 020f 8540 | 0400 0049 | ff87 5805 | 0000 488b | 9424 9800 | 0000 4889 | b424 b000 | 0000 0f1f 
  0x00000203bd47d134: ;   {static_call}
  0x00000203bd47d134: 4400 00e8 

  0x00000203bd47d138: ; ImmutableOopMap {[152]=Oop [160]=Oop [176]=Oop [216]=Oop }
                      ;*invokestatic checkName {reexecute=0 rethrow=0 return_oop=0}
                      ; - java.lang.ClassLoader::findLoadedClass@1 (line 1293)
                      ; - jdk.internal.loader.BuiltinClassLoader::loadClassOrNull@10 (line 653)
  0x00000203bd47d138: 8407 fdff 

  0x00000203bd47d13c: ;   {other}
  0x00000203bd47d13c: 0f1f 8400 | ac03 0001 | 85c0 0f85 | 0f00 0000 

  0x00000203bd47d14c: ;   {oop(nullptr)}
  0x00000203bd47d14c: 48be 0000 | 0000 0000 | 0000 e924 | 0000 004c | 8b84 2498 | 0000 0048 | 8b94 24a0 | 0000 000f 
  0x00000203bd47d16c: ;   {optimized virtual_call}
  0x00000203bd47d16c: 1f40 00e8 

  0x00000203bd47d170: ; ImmutableOopMap {[152]=Oop [160]=Oop [176]=Oop [216]=Oop }
                      ;*invokevirtual findLoadedClass0 {reexecute=0 rethrow=0 return_oop=0}
                      ; - java.lang.ClassLoader::findLoadedClass@11 (line 1295)
                      ; - jdk.internal.loader.BuiltinClassLoader::loadClassOrNull@10 (line 653)
  0x00000203bd47d170: ccb3 ffff 

  0x00000203bd47d174: ;   {other}
  0x00000203bd47d174: 0f1f 8400 | e403 0002 | 488b f048 | 85f6 0f85 | 6f02 0000 | 4889 b424 | b800 0000 | 4c8b 8424 
  0x00000203bd47d194: 9800 0000 

  0x00000203bd47d198: ; implicit exception: dispatches to 0x00000203bd47d56e
  0x00000203bd47d198: 418b 4814 | 48c1 e103 

  0x00000203bd47d1a0: ; implicit exception: dispatches to 0x00000203bd47d573
  0x00000203bd47d1a0: 448b 490c | 410f be48 | 10c1 e118 | c1f9 1841 | d3f9 41ff | c949 8bf8 | 41b8 2e00 | 0000 488b 
  0x00000203bd47d1c0: d766 0f1f 

  0x00000203bd47d1c4: ;   {optimized virtual_call}
  0x00000203bd47d1c4: 4400 00e8 

  0x00000203bd47d1c8: ; ImmutableOopMap {[152]=Oop [160]=Oop [176]=Oop [184]=Oop [216]=Oop }
                      ;*invokevirtual lastIndexOf {reexecute=0 rethrow=0 return_oop=0}
                      ; - java.lang.String::lastIndexOf@8 (line 2577)
                      ; - jdk.internal.loader.BuiltinClassLoader::findLoadedModule@3 (line 709)
                      ; - jdk.internal.loader.BuiltinClassLoader::loadClassOrNull@22 (line 658)
  0x00000203bd47d1c8: 145a ebff 

  0x00000203bd47d1cc: ;   {other}
  0x00000203bd47d1cc: 0f1f 8400 | 3c04 0003 | 85c0 0f8d | 0f00 0000 

  0x00000203bd47d1dc: ;   {oop(nullptr)}
  0x00000203bd47d1dc: 48be 0000 | 0000 0000 | 0000 e979 | 0000 0041 | b800 0000 | 004c 8bc8 | 488b 9424 | 9800 0000 
  0x00000203bd47d1fc: ;   {optimized virtual_call}
  0x00000203bd47d1fc: 6666 90e8 

  0x00000203bd47d200: ; ImmutableOopMap {[152]=Oop [160]=Oop [176]=Oop [184]=Oop [216]=Oop }
                      ;*invokevirtual substring {reexecute=0 rethrow=0 return_oop=0}
                      ; - jdk.internal.loader.BuiltinClassLoader::findLoadedModule@16 (line 713)
                      ; - jdk.internal.loader.BuiltinClassLoader::loadClassOrNull@22 (line 658)
  0x00000203bd47d200: fc61 dbff 

  0x00000203bd47d204: ;   {other}
  0x00000203bd47d204: 0f1f 8400 | 7404 0004 

  0x00000203bd47d20c: ;   {oop(a 'java/util/concurrent/ConcurrentHashMap'{0x00000006837a50e8})}
  0x00000203bd47d20c: 4c8b c048 | bae8 507a | 8306 0000 | 0066 0f1f 

  0x00000203bd47d21c: ;   {optimized virtual_call}
  0x00000203bd47d21c: 4400 00e8 

  0x00000203bd47d220: ; ImmutableOopMap {[152]=Oop [160]=Oop [176]=Oop [184]=Oop [216]=Oop }
                      ;*invokeinterface get {reexecute=0 rethrow=0 return_oop=0}
                      ; - jdk.internal.loader.BuiltinClassLoader::findLoadedModule@24 (line 714)
                      ; - jdk.internal.loader.BuiltinClassLoader::loadClassOrNull@22 (line 658)
  0x00000203bd47d220: 9c63 c8ff 

  0x00000203bd47d224: ;   {other}
  0x00000203bd47d224: 0f1f 8400 | 9404 0005 | 4885 c00f | 8429 0000 

  0x00000203bd47d234: ;   {metadata('jdk/internal/loader/BuiltinClassLoader$LoadedModule')}
  0x00000203bd47d234: 0048 bec0 | 3713 cb03 | 0200 0044 | 8b48 0849 | ba00 0000 | cb03 0200 | 004d 03ca | 493b f10f 
  0x00000203bd47d254: 851f 0300 | 00e9 0000 | 0000 4c8b | c049 8bf0 | 4885 f648 | 8b94 24a0 | 0000 000f | 84af 0000 
  0x00000203bd47d274: 008b 7e0c | 48c1 e703 | 483b fa0f | 8567 0000 

  0x00000203bd47d284: ;   {oop(a 'java/lang/Class'{0x000000068379a370} = 'jdk/internal/misc/VM')}
  0x00000203bd47d284: 0049 b870 | a379 8306 | 0000 0045 | 8b80 9400 | 0000 4183 | f802 41b8 | 0000 0000 | 7c06 41b8 
  0x00000203bd47d2a4: 0100 0000 | 4183 e001 | 4585 c00f | 850d 0000 | 0048 8bb4 | 24b8 0000 | 00e9 3501 | 0000 4c8b 
  0x00000203bd47d2c4: 8424 9800 | 0000 4c8b | ce48 8bf2 | 488b d60f 

  0x00000203bd47d2d4: ;   {optimized virtual_call}
  0x00000203bd47d2d4: 1f40 00e8 

  0x00000203bd47d2d8: ; ImmutableOopMap {[160]=Oop [176]=Oop [216]=Oop }
                      ;*invokevirtual defineClass {reexecute=0 rethrow=0 return_oop=0}
                      ; - jdk.internal.loader.BuiltinClassLoader::findClassInModuleOrNull@9 (line 741)
                      ; - jdk.internal.loader.BuiltinClassLoader::loadClassOrNull@55 (line 665)
  0x00000203bd47d2d8: b303 0000 

  0x00000203bd47d2dc: ;   {other}
  0x00000203bd47d2dc: 0f1f 8400 | 4c05 0006 | 488b f0e9 | 0b01 0000 

  0x00000203bd47d2ec: ; implicit exception: dispatches to 0x00000203bd47d586
  0x00000203bd47d2ec: 483b 074c | 8b84 2498 | 0000 0041 | b900 0000 | 0048 8bd7 | 0f1f 4400 | 0048 b888 | 7e13 cb03 
  0x00000203bd47d30c: ;   {virtual_call}
  0x00000203bd47d30c: 0200 00e8 

  0x00000203bd47d310: ; ImmutableOopMap {[160]=Oop [176]=Oop [216]=Oop }
                      ;*invokevirtual loadClassOrNull {reexecute=0 rethrow=0 return_oop=0}
                      ; - jdk.internal.loader.BuiltinClassLoader::loadClassOrNull@3 (line 700)
                      ; - jdk.internal.loader.BuiltinClassLoader::loadClassOrNull@66 (line 669)
  0x00000203bd47d310: ccf4 b7ff 

  0x00000203bd47d314: ;   {other}
  0x00000203bd47d314: 0f1f 8400 | 8405 0007 | 488b f0e9 | d300 0000 | 8b72 5448 | c1e6 0348 | 85f6 0f85 | 0d00 0000 
  0x00000203bd47d334: 488b b424 | b800 0000 | e92e 0000 | 0048 3b06 | 4c8b 8424 | 9800 0000 | 41b9 0000 | 0000 488b 
  0x00000203bd47d354: d648 b8ff | ffff ffff 

  0x00000203bd47d35c: ;   {virtual_call}
  0x00000203bd47d35c: ffff ffe8 

  0x00000203bd47d360: ; ImmutableOopMap {[152]=Oop [160]=Oop [176]=Oop [216]=Oop }
                      ;*invokevirtual loadClassOrNull {reexecute=0 rethrow=0 return_oop=0}
                      ; - jdk.internal.loader.BuiltinClassLoader::loadClassOrNull@3 (line 700)
                      ; - jdk.internal.loader.BuiltinClassLoader::loadClassOrNull@86 (line 676)
  0x00000203bd47d360: 1c4d c5ff 

  0x00000203bd47d364: ;   {other}
  0x00000203bd47d364: 0f1f 8400 | d405 0008 | 488b f048 | 85f6 0f85 | 7f00 0000 | 488b 9424 | a000 0000 | 448b 4258 
  0x00000203bd47d384: 49c1 e003 | 4d85 c041 | b800 0000 | 0074 0641 | b801 0000 | 0041 83e0 | 0145 85c0 | 0f84 5100 
  0x00000203bd47d3a4: ;   {oop(a 'java/lang/Class'{0x000000068379a370} = 'jdk/internal/misc/VM')}
  0x00000203bd47d3a4: 0000 49b8 | 70a3 7983 | 0600 0000 | 458b 8094 | 0000 0041 | 83f8 0241 | b800 0000 | 007c 0641 
  0x00000203bd47d3c4: b801 0000 | 0041 83e0 | 0145 85c0 | 0f84 2100 | 0000 4c8b | 8424 9800 | 0000 488b | f248 8bd6 
  0x00000203bd47d3e4: ;   {optimized virtual_call}
  0x00000203bd47d3e4: 6666 90e8 

  0x00000203bd47d3e8: ; ImmutableOopMap {[160]=Oop [176]=Oop [216]=Oop }
                      ;*invokevirtual findClassOnClassPathOrNull {reexecute=0 rethrow=0 return_oop=0}
                      ; - jdk.internal.loader.BuiltinClassLoader::loadClassOrNull@111 (line 681)
  0x00000203bd47d3e8: 14d5 0600 

  0x00000203bd47d3ec: ;   {other}
  0x00000203bd47d3ec: 0f1f 8400 | 5c06 0009 | 488b f044 | 8b8c 24a8 | 0000 0045 | 85c9 0f84 | 1200 0000 | 4885 f60f 
  0x00000203bd47d40c: 8409 0000 | 0048 85f6 | 0f84 4300 | 0000 488d | 8424 d000 | 0000 488b | 1048 85d2 | 0f84 0f00 
  0x00000203bd47d42c: 0000 488b | 7808 f048 | 0fb1 170f | 8553 0100 | 0049 ff8f | 5805 0000 | 488b c648 | 81c4 f000 
  0x00000203bd47d44c: ;   {poll_return}
  0x00000203bd47d44c: 0000 5d49 | 3ba7 5804 | 0000 0f87 | 4a01 0000 | c348 89b4 | 24c8 0000 

  0x00000203bd47d464: ;   {metadata('java/lang/NullPointerException')}
  0x00000203bd47d464: 0048 ba10 | e105 cb03 | 0200 0049 | 8b87 b801 | 0000 488d | 7830 493b | bfc8 0100 | 000f 8735 
  0x00000203bd47d484: 0100 0049 | 89bf b801 | 0000 48c7 | 0001 0000 | 0048 8bca | 49ba 0000 | 00cb 0302 | 0000 492b 
  0x00000203bd47d4a4: ca89 4808 | 4833 c989 | 480c 4833 | c948 8948 | 1048 8948 | 1848 8948 | 2048 8948 | 2848 8bd0 
  0x00000203bd47d4c4: 4889 8424 | c000 0000 

  0x00000203bd47d4cc: ;   {optimized virtual_call}
  0x00000203bd47d4cc: 6666 90e8 

  0x00000203bd47d4d0: ; ImmutableOopMap {[176]=Oop [192]=Oop [200]=Oop [216]=Oop }
                      ;*invokespecial <init> {reexecute=0 rethrow=0 return_oop=0}
                      ; - java.lang.ClassLoader::resolveClass@8 (line 1233)
                      ; - jdk.internal.loader.BuiltinClassLoader::loadClassOrNull@128 (line 688)
  0x00000203bd47d4d0: ac19 b8ff 

  0x00000203bd47d4d4: ;   {other}
  0x00000203bd47d4d4: 0f1f 8400 | 4407 000a | 488b 8424 

  0x00000203bd47d4e0: ; ImmutableOopMap {rax=Oop [176]=Oop [200]=Oop [216]=Oop }
                      ;*athrow {reexecute=1 rethrow=0 return_oop=0}
                      ; - (reexecute) java.lang.ClassLoader::resolveClass@11 (line 1233)
                      ; - jdk.internal.loader.BuiltinClassLoader::loadClassOrNull@128 (line 688)
  0x00000203bd47d4e0: c000 0000 

  0x00000203bd47d4e4: ;   {section_word}
  0x00000203bd47d4e4: 48ba e4d4 | 47bd 0302 

  0x00000203bd47d4ec: ;   {runtime_call handle_exception_nofpu Runtime1 stub}
  0x00000203bd47d4ec: 0000 e88d | 90c4 ff90 | 498b 8708 | 0500 004d | 33d2 4d89 | 9708 0500 | 004d 33d2 | 4d89 9710 
  0x00000203bd47d50c: 0500 0048 | 8bf0 488d | 8424 d000 | 0000 488b | 3848 85ff | 0f84 0f00 | 0000 488b | 5808 f048 
  0x00000203bd47d52c: 0fb1 3b0f | 8594 0000 | 0049 ff8f | 5805 0000 | 488b c6e9 | b800 0000 

  0x00000203bd47d544: ;   {runtime_call fast_new_instance Runtime1 stub}
  0x00000203bd47d544: 488b d2e8 

  0x00000203bd47d548: ; ImmutableOopMap {r8=Oop rbx=Oop [152]=Oop [160]=Oop }
                      ;*new {reexecute=0 rethrow=0 return_oop=0}
                      ; - java.lang.ClassLoader::getClassLoadingLock@9 (line 679)
                      ; - jdk.internal.loader.BuiltinClassLoader::loadClassOrNull@2 (line 651)
  0x00000203bd47d548: 3464 c4ff | e952 fbff 

  0x00000203bd47d550: ;   {runtime_call throw_null_pointer_exception Runtime1 stub}
  0x00000203bd47d550: ffe8 4a4d 

  0x00000203bd47d554: ; ImmutableOopMap {r8=Oop rbx=Oop rax=Oop [152]=Oop [160]=Oop }
                      ;*invokevirtual putIfAbsent {reexecute=0 rethrow=0 return_oop=0}
                      ; - java.lang.ClassLoader::getClassLoadingLock@23 (line 680)
                      ; - jdk.internal.loader.BuiltinClassLoader::loadClassOrNull@2 (line 651)
                      ;   {runtime_call throw_null_pointer_exception Runtime1 stub}
  0x00000203bd47d554: c4ff e845 

  0x00000203bd47d558: ; ImmutableOopMap {rsi=Oop [152]=Oop [160]=Oop }
                      ;*monitorenter {reexecute=0 rethrow=0 return_oop=0}
                      ; - jdk.internal.loader.BuiltinClassLoader::loadClassOrNull@7 (line 651)
  0x00000203bd47d558: 4dc4 ff48 | 8974 2408 | 4889 1424 

  0x00000203bd47d564: ;   {runtime_call monitorenter_nofpu Runtime1 stub}
  0x00000203bd47d564: e897 afc4 

  0x00000203bd47d568: ; ImmutableOopMap {rsi=Oop [152]=Oop [160]=Oop [216]=Oop }
                      ;*monitorenter {reexecute=0 rethrow=0 return_oop=0}
                      ; - jdk.internal.loader.BuiltinClassLoader::loadClassOrNull@7 (line 651)
  0x00000203bd47d568: ffe9 b4fb 

  0x00000203bd47d56c: ;   {runtime_call throw_null_pointer_exception Runtime1 stub}
  0x00000203bd47d56c: ffff e82d 

  0x00000203bd47d570: ; ImmutableOopMap {r8=Oop [152]=Oop [160]=Oop [176]=Oop [184]=Oop [216]=Oop }
                      ;*invokevirtual lastIndexOf {reexecute=0 rethrow=0 return_oop=0}
                      ; - jdk.internal.loader.BuiltinClassLoader::findLoadedModule@3 (line 709)
                      ; - jdk.internal.loader.BuiltinClassLoader::loadClassOrNull@22 (line 658)
                      ;   {runtime_call throw_null_pointer_exception Runtime1 stub}
  0x00000203bd47d570: 4dc4 ffe8 

  0x00000203bd47d574: ; ImmutableOopMap {r8=Oop [152]=Oop [160]=Oop [176]=Oop [184]=Oop [216]=Oop }
                      ;*arraylength {reexecute=0 rethrow=0 return_oop=0}
                      ; - java.lang.String::length@4 (line 1546)
                      ; - java.lang.String::lastIndexOf@3 (line 2577)
                      ; - jdk.internal.loader.BuiltinClassLoader::findLoadedModule@3 (line 709)
                      ; - jdk.internal.loader.BuiltinClassLoader::loadClassOrNull@22 (line 658)
  0x00000203bd47d574: 284d c4ff | 4889 0424 

  0x00000203bd47d57c: ;   {runtime_call throw_class_cast_exception Runtime1 stub}
  0x00000203bd47d57c: e81f 9dc4 

  0x00000203bd47d580: ; ImmutableOopMap {[152]=Oop [160]=Oop [176]=Oop [184]=Oop [216]=Oop }
                      ;*checkcast {reexecute=0 rethrow=0 return_oop=0}
                      ; - jdk.internal.loader.BuiltinClassLoader::findLoadedModule@29 (line 714)
                      ; - jdk.internal.loader.BuiltinClassLoader::loadClassOrNull@22 (line 658)
                      ;   {runtime_call throw_null_pointer_exception Runtime1 stub}
  0x00000203bd47d580: ffe8 1a4d 

  0x00000203bd47d584: ; ImmutableOopMap {rsi=Oop rdx=Oop [152]=Oop [160]=Oop [176]=Oop [184]=Oop [216]=Oop }
                      ;*invokevirtual loader {reexecute=0 rethrow=0 return_oop=0}
                      ; - jdk.internal.loader.BuiltinClassLoader::loadClassOrNull@34 (line 662)
                      ;   {runtime_call throw_null_pointer_exception Runtime1 stub}
  0x00000203bd47d584: c4ff e815 

  0x00000203bd47d588: ; ImmutableOopMap {rdi=Oop [152]=Oop [160]=Oop [176]=Oop [216]=Oop }
                      ;*invokevirtual loadClassOrNull {reexecute=0 rethrow=0 return_oop=0}
                      ; - jdk.internal.loader.BuiltinClassLoader::loadClassOrNull@66 (line 669)
                      ;   {runtime_call throw_null_pointer_exception Runtime1 stub}
  0x00000203bd47d588: 4dc4 ffe8 

  0x00000203bd47d58c: ; ImmutableOopMap {rsi=Oop [152]=Oop [160]=Oop [176]=Oop [216]=Oop }
                      ;*invokevirtual loadClassOrNull {reexecute=0 rethrow=0 return_oop=0}
                      ; - jdk.internal.loader.BuiltinClassLoader::loadClassOrNull@86 (line 676)
  0x00000203bd47d58c: 104d c4ff | 488d 8424 | d000 0000 | 4889 0424 

  0x00000203bd47d59c: ;   {runtime_call monitorexit_nofpu Runtime1 stub}
  0x00000203bd47d59c: e8df b5c4 | ffe9 9efe 

  0x00000203bd47d5a4: ;   {internal_word}
  0x00000203bd47d5a4: ffff 49ba | 4fd4 47bd | 0302 0000 | 4d89 9770 

  0x00000203bd47d5b4: ;   {runtime_call SafepointBlob}
  0x00000203bd47d5b4: 0400 00e9 | c495 b8ff 

  0x00000203bd47d5bc: ;   {runtime_call fast_new_instance Runtime1 stub}
  0x00000203bd47d5bc: 488b d2e8 

  0x00000203bd47d5c0: ; ImmutableOopMap {[176]=Oop [200]=Oop [216]=Oop }
                      ;*new {reexecute=0 rethrow=0 return_oop=0}
                      ; - java.lang.ClassLoader::resolveClass@4 (line 1233)
                      ; - jdk.internal.loader.BuiltinClassLoader::loadClassOrNull@128 (line 688)
  0x00000203bd47d5c0: bc63 c4ff | e9f8 feff | ff48 8d84 | 24d0 0000 | 0048 8904 

  0x00000203bd47d5d4: ;   {runtime_call monitorexit_nofpu Runtime1 stub}
  0x00000203bd47d5d4: 24e8 a6b5 | c4ff e95d | ffff ff49 | 8b87 0805 | 0000 49c7 | 8708 0500 | 0000 0000 | 0049 c787 
  0x00000203bd47d5f4: 1005 0000 | 0000 0000 | 4881 c4f0 | 0000 005d 

  0x00000203bd47d604: ;   {runtime_call unwind_exception Runtime1 stub}
  0x00000203bd47d604: e9f7 31c4 | fff4 f4f4 | f4f4 f4f4 
[Stub Code]
  0x00000203bd47d610: ;   {no_reloc}
  0x00000203bd47d610: 0f1f 4400 

  0x00000203bd47d614: ;   {static_stub}
  0x00000203bd47d614: 0048 bb00 | 0000 0000 

  0x00000203bd47d61c: ;   {runtime_call}
  0x00000203bd47d61c: 0000 00e9 | fbff ffff 

  0x00000203bd47d624: ;   {static_stub}
  0x00000203bd47d624: 9048 bb00 | 0000 0000 

  0x00000203bd47d62c: ;   {runtime_call}
  0x00000203bd47d62c: 0000 00e9 | fbff ffff 

  0x00000203bd47d634: ;   {static_stub}
  0x00000203bd47d634: 9048 bb00 | 0000 0000 

  0x00000203bd47d63c: ;   {runtime_call}
  0x00000203bd47d63c: 0000 00e9 | fbff ffff 

  0x00000203bd47d644: ;   {static_stub}
  0x00000203bd47d644: 48bb 0000 | 0000 0000 

  0x00000203bd47d64c: ;   {runtime_call}
  0x00000203bd47d64c: 0000 e9fb 

  0x00000203bd47d650: ;   {static_stub}
  0x00000203bd47d650: ffff ff48 | bb00 0000 | 0000 0000 

  0x00000203bd47d65c: ;   {runtime_call}
  0x00000203bd47d65c: 00e9 fbff 

  0x00000203bd47d660: ;   {static_stub}
  0x00000203bd47d660: ffff 48bb | 0000 0000 | 0000 0000 

  0x00000203bd47d66c: ;   {runtime_call}
  0x00000203bd47d66c: e9fb ffff 

  0x00000203bd47d670: ;   {static_stub}
  0x00000203bd47d670: ff48 bb00 | 0000 0000 

  0x00000203bd47d678: ;   {runtime_call}
  0x00000203bd47d678: 0000 00e9 | fbff ffff 

  0x00000203bd47d680: ;   {static_stub}
  0x00000203bd47d680: 48bb 0000 | 0000 0000 

  0x00000203bd47d688: ;   {runtime_call}
  0x00000203bd47d688: 0000 e9fb 

  0x00000203bd47d68c: ;   {static_stub}
  0x00000203bd47d68c: ffff ff48 | bb68 a405 | cb03 0200 

  0x00000203bd47d698: ;   {runtime_call I2C/C2I adapters}
  0x00000203bd47d698: 00e9 edd9 

  0x00000203bd47d69c: ;   {static_stub}
  0x00000203bd47d69c: b7ff 48bb | e0a8 05cb | 0302 0000 

  0x00000203bd47d6a8: ;   {runtime_call I2C/C2I adapters}
  0x00000203bd47d6a8: e95a 78b8 

  0x00000203bd47d6ac: ;   {static_stub}
  0x00000203bd47d6ac: ff48 bb00 | 0000 0000 

  0x00000203bd47d6b4: ;   {runtime_call}
  0x00000203bd47d6b4: 0000 00e9 | fbff ffff 
[Exception Handler]
  0x00000203bd47d6bc: ;   {runtime_call handle_exception_from_callee Runtime1 stub}
  0x00000203bd47d6bc: e8bf 95c4 

  0x00000203bd47d6c0: ;   {external_word}
  0x00000203bd47d6c0: ff48 b9b0 | 28f3 fdf9 | 7f00 0048 

  0x00000203bd47d6cc: ;   {runtime_call}
  0x00000203bd47d6cc: 83e4 f048 | b830 99ba | fdf9 7f00 | 00ff d0f4 
[Deopt Handler Code]
  0x00000203bd47d6dc: ;   {section_word}
  0x00000203bd47d6dc: 49ba dcd6 | 47bd 0302 | 0000 4152 

  0x00000203bd47d6e8: ;   {runtime_call DeoptimizationBlob}
  0x00000203bd47d6e8: e933 a9b8 | fff4 f4f4 
[/MachCode]


---------------  P R O C E S S  ---------------

Threads class SMR info:
_java_thread_list=0x000002041099e050, length=24, elements={
0x00000203b4c87170, 0x00000203ca08ae70, 0x00000203ca08be40, 0x00000203ca08ea60,
0x00000203ca0929a0, 0x00000203ca093760, 0x00000203ca0942f0, 0x00000203ca09f800,
0x00000203ca473690, 0x00000203ca4d3bf0, 0x00000203ca4d5060, 0x00000203ca4d2780,
0x00000203ca978870, 0x00000203ca978ee0, 0x00000203cac6a3e0, 0x00000203cacb6430,
0x00000203cace4050, 0x00000203cad0c9c0, 0x00000203caf42f90, 0x00000203caf40ec0,
0x00000203caf41550, 0x00000203caf42270, 0x00000203caf43620, 0x00000203caf41be0
}

Java Threads: ( => current thread )
  0x00000203b4c87170 JavaThread "main"                              [_thread_blocked, id=14096, stack(0x000000b290500000,0x000000b290600000) (1024K)]
  0x00000203ca08ae70 JavaThread "Reference Handler"          daemon [_thread_blocked, id=29500, stack(0x000000b290d00000,0x000000b290e00000) (1024K)]
  0x00000203ca08be40 JavaThread "Finalizer"                  daemon [_thread_blocked, id=19148, stack(0x000000b290e00000,0x000000b290f00000) (1024K)]
  0x00000203ca08ea60 JavaThread "Signal Dispatcher"          daemon [_thread_blocked, id=23868, stack(0x000000b290f00000,0x000000b291000000) (1024K)]
  0x00000203ca0929a0 JavaThread "Attach Listener"            daemon [_thread_blocked, id=32440, stack(0x000000b291000000,0x000000b291100000) (1024K)]
  0x00000203ca093760 JavaThread "Service Thread"             daemon [_thread_blocked, id=15356, stack(0x000000b291100000,0x000000b291200000) (1024K)]
  0x00000203ca0942f0 JavaThread "Monitor Deflation Thread"   daemon [_thread_blocked, id=21500, stack(0x000000b291200000,0x000000b291300000) (1024K)]
  0x00000203ca09f800 JavaThread "C1 CompilerThread0"         daemon [_thread_blocked, id=29420, stack(0x000000b291300000,0x000000b291400000) (1024K)]
  0x00000203ca473690 JavaThread "Common-Cleaner"             daemon [_thread_blocked, id=19100, stack(0x000000b291400000,0x000000b291500000) (1024K)]
  0x00000203ca4d3bf0 JavaThread "C1 CompilerThread1"         daemon [_thread_blocked, id=22208, stack(0x000000b291500000,0x000000b291600000) (1024K)]
  0x00000203ca4d5060 JavaThread "C1 CompilerThread2"         daemon [_thread_blocked, id=27080, stack(0x000000b291600000,0x000000b291700000) (1024K)]
  0x00000203ca4d2780 JavaThread "C1 CompilerThread3"         daemon [_thread_blocked, id=23392, stack(0x000000b291700000,0x000000b291800000) (1024K)]
  0x00000203ca978870 JavaThread "Monitor Ctrl-Break"         daemon [_thread_in_native, id=12480, stack(0x000000b291800000,0x000000b291900000) (1024K)]
  0x00000203ca978ee0 JavaThread "Notification Thread"        daemon [_thread_blocked, id=24152, stack(0x000000b291900000,0x000000b291a00000) (1024K)]
  0x00000203cac6a3e0 JavaThread "RMI TCP Accept-0"           daemon [_thread_in_native, id=31484, stack(0x000000b291a00000,0x000000b291b00000) (1024K)]
  0x00000203cacb6430 JavaThread "RMI TCP Connection(1)-172.16.11.182" daemon [_thread_in_Java, id=31300, stack(0x000000b291b00000,0x000000b291c00000) (1024K)]
  0x00000203cace4050 JavaThread "RMI Scheduler(0)"           daemon [_thread_blocked, id=21972, stack(0x000000b291c00000,0x000000b291d00000) (1024K)]
  0x00000203cad0c9c0 JavaThread "JMX server connection timeout 26" daemon [_thread_blocked, id=10008, stack(0x000000b291d00000,0x000000b291e00000) (1024K)]
  0x00000203caf42f90 JavaThread "Thread-0"                          [_thread_blocked, id=10648, stack(0x000000b292500000,0x000000b292600000) (1024K)]
  0x00000203caf40ec0 JavaThread "restartedMain"                     [_thread_in_vm, id=11036, stack(0x000000b292600000,0x000000b292700000) (1024K)]
  0x00000203caf41550 JavaThread "RMI TCP Connection(2)-172.16.11.182" daemon [_thread_in_native, id=30588, stack(0x000000b292700000,0x000000b292800000) (1024K)]
=>0x00000203caf42270 JavaThread "background-preinit"                [_thread_in_vm, id=11360, stack(0x000000b292800000,0x000000b292900000) (1024K)]
  0x00000203caf43620 JavaThread "Thread-3"                          [_thread_blocked, id=27072, stack(0x000000b292900000,0x000000b292a00000) (1024K)]
  0x00000203caf41be0 JavaThread "JMX server connection timeout 43" daemon [_thread_blocked, id=29564, stack(0x000000b292a00000,0x000000b292b00000) (1024K)]
Total: 24

Other Threads:
  0x00000203ca070330 VMThread "VM Thread"                           [id=14548, stack(0x000000b290c00000,0x000000b290d00000) (1024K)]
  0x00000203ca05a060 WatcherThread "VM Periodic Task Thread"        [id=14400, stack(0x000000b290b00000,0x000000b290c00000) (1024K)]
  0x00000203b4d0bea0 WorkerThread "GC Thread#0"                     [id=11524, stack(0x000000b290600000,0x000000b290700000) (1024K)]
  0x00000203cadb3190 WorkerThread "GC Thread#1"                     [id=32264, stack(0x000000b291e00000,0x000000b291f00000) (1024K)]
  0x00000203cadb4810 WorkerThread "GC Thread#2"                     [id=35708, stack(0x000000b291f00000,0x000000b292000000) (1024K)]
  0x00000203cadb4fc0 WorkerThread "GC Thread#3"                     [id=14260, stack(0x000000b292000000,0x000000b292100000) (1024K)]
  0x00000203cadb65e0 WorkerThread "GC Thread#4"                     [id=18984, stack(0x000000b292100000,0x000000b292200000) (1024K)]
  0x00000203cadb4c10 WorkerThread "GC Thread#5"                     [id=18456, stack(0x000000b292200000,0x000000b292300000) (1024K)]
  0x00000203cadb5370 WorkerThread "GC Thread#6"                     [id=13928, stack(0x000000b292300000,0x000000b292400000) (1024K)]
  0x00000203cadb5e80 WorkerThread "GC Thread#7"                     [id=5304, stack(0x000000b292400000,0x000000b292500000) (1024K)]
  0x00000203b4d18dd0 ConcurrentGCThread "G1 Main Marker"            [id=32516, stack(0x000000b290700000,0x000000b290800000) (1024K)]
  0x00000203b4d197f0 WorkerThread "G1 Conc#0"                       [id=16312, stack(0x000000b290800000,0x000000b290900000) (1024K)]
  0x00000203c9f2bbe0 ConcurrentGCThread "G1 Refine#0"               [id=4336, stack(0x000000b290900000,0x000000b290a00000) (1024K)]
  0x00000203c9f2c670 ConcurrentGCThread "G1 Service"                [id=30928, stack(0x000000b290a00000,0x000000b290b00000) (1024K)]
Total: 14

Threads with active compile tasks:
Total: 0

VM state: not at safepoint (normal execution)

VM Mutex/Monitor currently owned by a thread:  ([mutex/lock_event])
[0x00007ff9fe1dab00] Metaspace_lock - owner thread: 0x00000203caf42270

OutOfMemory and StackOverflow Exception counts:
OutOfMemoryError java_heap_errors=3
LinkageErrors=63

Heap address: 0x0000000683000000, size: 6096 MB, Compressed Oops mode: Zero based, Oop shift amount: 3

CDS archive(s) mapped at: [0x00000203cb000000-0x00000203cbc60000-0x00000203cbc60000), size 12976128, SharedBaseAddress: 0x00000203cb000000, ArchiveRelocationMode: 1.
Compressed class space mapped at: 0x00000203cc000000-0x000002040c000000, reserved size: 1073741824
Narrow klass base: 0x00000203cb000000, Narrow klass shift: 0, Narrow klass range: 0x41000000

GC Precious Log:
 CardTable entry size: 512
 Card Set container configuration: InlinePtr #cards 4 size 8 Array Of Cards #cards 32 size 80 Howl #buckets 8 coarsen threshold 7372 Howl Bitmap #cards 1024 size 144 coarsen threshold 921 Card regions per heap region 1 cards per card region 8192
 CPUs: 8 total, 8 available
 Memory: 24375M
 Large Page Support: Disabled
 NUMA Support: Disabled
 Compressed Oops: Enabled (Zero based)
 Heap Region Size: 4M
 Heap Min Capacity: 8M
 Heap Initial Capacity: 384M
 Heap Max Capacity: 6096M
 Pre-touch: Disabled
 Parallel Workers: 8
 Concurrent Workers: 2
 Concurrent Refinement Workers: 8
 Periodic GC: Disabled

Heap:
 garbage-first heap   total reserved 6242304K, committed 393216K, used 58928K [0x0000000683000000, 0x0000000800000000)
  region size 4096K, 14 young (57344K), 1 survivors (4096K)
 Metaspace       used 20524K, committed 20928K, reserved 1114112K
  class space    used 2826K, committed 3008K, reserved 1048576K

Heap Regions: E=young(eden), S=young(survivor), O=old, HS=humongous(starts), HC=humongous(continues), CS=collection set, F=free, TAMS=top-at-mark-start, PB=parsable bottom
|   0|0x0000000683000000, 0x0000000683400000, 0x0000000683400000|100%| O|  |TAMS 0x0000000683000000| PB 0x0000000683000000| Untracked |  0
|   1|0x0000000683400000, 0x0000000683800000, 0x0000000683800000|100%| O|  |TAMS 0x0000000683400000| PB 0x0000000683400000| Untracked |  0
|   2|0x0000000683800000, 0x0000000683823b58, 0x0000000683c00000|  3%| O|  |TAMS 0x0000000683800000| PB 0x0000000683800000| Untracked |  0
|   3|0x0000000683c00000, 0x0000000683c00000, 0x0000000684000000|  0%| F|  |TAMS 0x0000000683c00000| PB 0x0000000683c00000| Untracked |  0
|   4|0x0000000684000000, 0x0000000684000000, 0x0000000684400000|  0%| F|  |TAMS 0x0000000684000000| PB 0x0000000684000000| Untracked |  0
|   5|0x0000000684400000, 0x0000000684400000, 0x0000000684800000|  0%| F|  |TAMS 0x0000000684400000| PB 0x0000000684400000| Untracked |  0
|   6|0x0000000684800000, 0x0000000684800000, 0x0000000684c00000|  0%| F|  |TAMS 0x0000000684800000| PB 0x0000000684800000| Untracked |  0
|   7|0x0000000684c00000, 0x0000000684c00000, 0x0000000685000000|  0%| F|  |TAMS 0x0000000684c00000| PB 0x0000000684c00000| Untracked |  0
|   8|0x0000000685000000, 0x0000000685000000, 0x0000000685400000|  0%| F|  |TAMS 0x0000000685000000| PB 0x0000000685000000| Untracked |  0
|   9|0x0000000685400000, 0x0000000685400000, 0x0000000685800000|  0%| F|  |TAMS 0x0000000685400000| PB 0x0000000685400000| Untracked |  0
|  10|0x0000000685800000, 0x0000000685800000, 0x0000000685c00000|  0%| F|  |TAMS 0x0000000685800000| PB 0x0000000685800000| Untracked |  0
|  11|0x0000000685c00000, 0x0000000685c00000, 0x0000000686000000|  0%| F|  |TAMS 0x0000000685c00000| PB 0x0000000685c00000| Untracked |  0
|  12|0x0000000686000000, 0x0000000686000000, 0x0000000686400000|  0%| F|  |TAMS 0x0000000686000000| PB 0x0000000686000000| Untracked |  0
|  13|0x0000000686400000, 0x0000000686400000, 0x0000000686800000|  0%| F|  |TAMS 0x0000000686400000| PB 0x0000000686400000| Untracked |  0
|  14|0x0000000686800000, 0x0000000686800000, 0x0000000686c00000|  0%| F|  |TAMS 0x0000000686800000| PB 0x0000000686800000| Untracked |  0
|  15|0x0000000686c00000, 0x0000000686c00000, 0x0000000687000000|  0%| F|  |TAMS 0x0000000686c00000| PB 0x0000000686c00000| Untracked |  0
|  16|0x0000000687000000, 0x0000000687000000, 0x0000000687400000|  0%| F|  |TAMS 0x0000000687000000| PB 0x0000000687000000| Untracked |  0
|  17|0x0000000687400000, 0x0000000687400000, 0x0000000687800000|  0%| F|  |TAMS 0x0000000687400000| PB 0x0000000687400000| Untracked |  0
|  18|0x0000000687800000, 0x0000000687800000, 0x0000000687c00000|  0%| F|  |TAMS 0x0000000687800000| PB 0x0000000687800000| Untracked |  0
|  19|0x0000000687c00000, 0x0000000687c00000, 0x0000000688000000|  0%| F|  |TAMS 0x0000000687c00000| PB 0x0000000687c00000| Untracked |  0
|  20|0x0000000688000000, 0x0000000688000000, 0x0000000688400000|  0%| F|  |TAMS 0x0000000688000000| PB 0x0000000688000000| Untracked |  0
|  21|0x0000000688400000, 0x0000000688400000, 0x0000000688800000|  0%| F|  |TAMS 0x0000000688400000| PB 0x0000000688400000| Untracked |  0
|  22|0x0000000688800000, 0x0000000688800000, 0x0000000688c00000|  0%| F|  |TAMS 0x0000000688800000| PB 0x0000000688800000| Untracked |  0
|  23|0x0000000688c00000, 0x0000000688c00000, 0x0000000689000000|  0%| F|  |TAMS 0x0000000688c00000| PB 0x0000000688c00000| Untracked |  0
|  24|0x0000000689000000, 0x0000000689000000, 0x0000000689400000|  0%| F|  |TAMS 0x0000000689000000| PB 0x0000000689000000| Untracked |  0
|  25|0x0000000689400000, 0x0000000689400000, 0x0000000689800000|  0%| F|  |TAMS 0x0000000689400000| PB 0x0000000689400000| Untracked |  0
|  26|0x0000000689800000, 0x0000000689800000, 0x0000000689c00000|  0%| F|  |TAMS 0x0000000689800000| PB 0x0000000689800000| Untracked |  0
|  27|0x0000000689c00000, 0x0000000689c00000, 0x000000068a000000|  0%| F|  |TAMS 0x0000000689c00000| PB 0x0000000689c00000| Untracked |  0
|  28|0x000000068a000000, 0x000000068a000000, 0x000000068a400000|  0%| F|  |TAMS 0x000000068a000000| PB 0x000000068a000000| Untracked |  0
|  29|0x000000068a400000, 0x000000068a400000, 0x000000068a800000|  0%| F|  |TAMS 0x000000068a400000| PB 0x000000068a400000| Untracked |  0
|  30|0x000000068a800000, 0x000000068a800000, 0x000000068ac00000|  0%| F|  |TAMS 0x000000068a800000| PB 0x000000068a800000| Untracked |  0
|  31|0x000000068ac00000, 0x000000068ac00000, 0x000000068b000000|  0%| F|  |TAMS 0x000000068ac00000| PB 0x000000068ac00000| Untracked |  0
|  32|0x000000068b000000, 0x000000068b000000, 0x000000068b400000|  0%| F|  |TAMS 0x000000068b000000| PB 0x000000068b000000| Untracked |  0
|  33|0x000000068b400000, 0x000000068b400000, 0x000000068b800000|  0%| F|  |TAMS 0x000000068b400000| PB 0x000000068b400000| Untracked |  0
|  34|0x000000068b800000, 0x000000068b800000, 0x000000068bc00000|  0%| F|  |TAMS 0x000000068b800000| PB 0x000000068b800000| Untracked |  0
|  35|0x000000068bc00000, 0x000000068bc00000, 0x000000068c000000|  0%| F|  |TAMS 0x000000068bc00000| PB 0x000000068bc00000| Untracked |  0
|  36|0x000000068c000000, 0x000000068c000000, 0x000000068c400000|  0%| F|  |TAMS 0x000000068c000000| PB 0x000000068c000000| Untracked |  0
|  37|0x000000068c400000, 0x000000068c400000, 0x000000068c800000|  0%| F|  |TAMS 0x000000068c400000| PB 0x000000068c400000| Untracked |  0
|  38|0x000000068c800000, 0x000000068c800000, 0x000000068cc00000|  0%| F|  |TAMS 0x000000068c800000| PB 0x000000068c800000| Untracked |  0
|  39|0x000000068cc00000, 0x000000068cc00000, 0x000000068d000000|  0%| F|  |TAMS 0x000000068cc00000| PB 0x000000068cc00000| Untracked |  0
|  40|0x000000068d000000, 0x000000068d000000, 0x000000068d400000|  0%| F|  |TAMS 0x000000068d000000| PB 0x000000068d000000| Untracked |  0
|  41|0x000000068d400000, 0x000000068d400000, 0x000000068d800000|  0%| F|  |TAMS 0x000000068d400000| PB 0x000000068d400000| Untracked |  0
|  42|0x000000068d800000, 0x000000068d800000, 0x000000068dc00000|  0%| F|  |TAMS 0x000000068d800000| PB 0x000000068d800000| Untracked |  0
|  43|0x000000068dc00000, 0x000000068dc00000, 0x000000068e000000|  0%| F|  |TAMS 0x000000068dc00000| PB 0x000000068dc00000| Untracked |  0
|  44|0x000000068e000000, 0x000000068e000000, 0x000000068e400000|  0%| F|  |TAMS 0x000000068e000000| PB 0x000000068e000000| Untracked |  0
|  45|0x000000068e400000, 0x000000068e400000, 0x000000068e800000|  0%| F|  |TAMS 0x000000068e400000| PB 0x000000068e400000| Untracked |  0
|  46|0x000000068e800000, 0x000000068e800000, 0x000000068ec00000|  0%| F|  |TAMS 0x000000068e800000| PB 0x000000068e800000| Untracked |  0
|  47|0x000000068ec00000, 0x000000068ec00000, 0x000000068f000000|  0%| F|  |TAMS 0x000000068ec00000| PB 0x000000068ec00000| Untracked |  0
|  48|0x000000068f000000, 0x000000068f000000, 0x000000068f400000|  0%| F|  |TAMS 0x000000068f000000| PB 0x000000068f000000| Untracked |  0
|  49|0x000000068f400000, 0x000000068f400000, 0x000000068f800000|  0%| F|  |TAMS 0x000000068f400000| PB 0x000000068f400000| Untracked |  0
|  50|0x000000068f800000, 0x000000068f800000, 0x000000068fc00000|  0%| F|  |TAMS 0x000000068f800000| PB 0x000000068f800000| Untracked |  0
|  51|0x000000068fc00000, 0x000000068fc00000, 0x0000000690000000|  0%| F|  |TAMS 0x000000068fc00000| PB 0x000000068fc00000| Untracked |  0
|  52|0x0000000690000000, 0x0000000690000000, 0x0000000690400000|  0%| F|  |TAMS 0x0000000690000000| PB 0x0000000690000000| Untracked |  0
|  53|0x0000000690400000, 0x0000000690400000, 0x0000000690800000|  0%| F|  |TAMS 0x0000000690400000| PB 0x0000000690400000| Untracked |  0
|  54|0x0000000690800000, 0x0000000690800000, 0x0000000690c00000|  0%| F|  |TAMS 0x0000000690800000| PB 0x0000000690800000| Untracked |  0
|  55|0x0000000690c00000, 0x0000000690c00000, 0x0000000691000000|  0%| F|  |TAMS 0x0000000690c00000| PB 0x0000000690c00000| Untracked |  0
|  56|0x0000000691000000, 0x0000000691000000, 0x0000000691400000|  0%| F|  |TAMS 0x0000000691000000| PB 0x0000000691000000| Untracked |  0
|  57|0x0000000691400000, 0x0000000691400000, 0x0000000691800000|  0%| F|  |TAMS 0x0000000691400000| PB 0x0000000691400000| Untracked |  0
|  58|0x0000000691800000, 0x0000000691800000, 0x0000000691c00000|  0%| F|  |TAMS 0x0000000691800000| PB 0x0000000691800000| Untracked |  0
|  59|0x0000000691c00000, 0x0000000691c00000, 0x0000000692000000|  0%| F|  |TAMS 0x0000000691c00000| PB 0x0000000691c00000| Untracked |  0
|  60|0x0000000692000000, 0x0000000692000000, 0x0000000692400000|  0%| F|  |TAMS 0x0000000692000000| PB 0x0000000692000000| Untracked |  0
|  61|0x0000000692400000, 0x0000000692400000, 0x0000000692800000|  0%| F|  |TAMS 0x0000000692400000| PB 0x0000000692400000| Untracked |  0
|  62|0x0000000692800000, 0x0000000692800000, 0x0000000692c00000|  0%| F|  |TAMS 0x0000000692800000| PB 0x0000000692800000| Untracked |  0
|  63|0x0000000692c00000, 0x0000000692c00000, 0x0000000693000000|  0%| F|  |TAMS 0x0000000692c00000| PB 0x0000000692c00000| Untracked |  0
|  64|0x0000000693000000, 0x0000000693000000, 0x0000000693400000|  0%| F|  |TAMS 0x0000000693000000| PB 0x0000000693000000| Untracked |  0
|  65|0x0000000693400000, 0x0000000693400000, 0x0000000693800000|  0%| F|  |TAMS 0x0000000693400000| PB 0x0000000693400000| Untracked |  0
|  66|0x0000000693800000, 0x0000000693800000, 0x0000000693c00000|  0%| F|  |TAMS 0x0000000693800000| PB 0x0000000693800000| Untracked |  0
|  67|0x0000000693c00000, 0x0000000693c00000, 0x0000000694000000|  0%| F|  |TAMS 0x0000000693c00000| PB 0x0000000693c00000| Untracked |  0
|  68|0x0000000694000000, 0x0000000694000000, 0x0000000694400000|  0%| F|  |TAMS 0x0000000694000000| PB 0x0000000694000000| Untracked |  0
|  69|0x0000000694400000, 0x0000000694400000, 0x0000000694800000|  0%| F|  |TAMS 0x0000000694400000| PB 0x0000000694400000| Untracked |  0
|  70|0x0000000694800000, 0x0000000694800000, 0x0000000694c00000|  0%| F|  |TAMS 0x0000000694800000| PB 0x0000000694800000| Untracked |  0
|  71|0x0000000694c00000, 0x0000000694c00000, 0x0000000695000000|  0%| F|  |TAMS 0x0000000694c00000| PB 0x0000000694c00000| Untracked |  0
|  72|0x0000000695000000, 0x0000000695000000, 0x0000000695400000|  0%| F|  |TAMS 0x0000000695000000| PB 0x0000000695000000| Untracked |  0
|  73|0x0000000695400000, 0x0000000695400000, 0x0000000695800000|  0%| F|  |TAMS 0x0000000695400000| PB 0x0000000695400000| Untracked |  0
|  74|0x0000000695800000, 0x0000000695800000, 0x0000000695c00000|  0%| F|  |TAMS 0x0000000695800000| PB 0x0000000695800000| Untracked |  0
|  75|0x0000000695c00000, 0x0000000695c00000, 0x0000000696000000|  0%| F|  |TAMS 0x0000000695c00000| PB 0x0000000695c00000| Untracked |  0
|  76|0x0000000696000000, 0x0000000696000000, 0x0000000696400000|  0%| F|  |TAMS 0x0000000696000000| PB 0x0000000696000000| Untracked |  0
|  77|0x0000000696400000, 0x0000000696400000, 0x0000000696800000|  0%| F|  |TAMS 0x0000000696400000| PB 0x0000000696400000| Untracked |  0
|  78|0x0000000696800000, 0x0000000696800000, 0x0000000696c00000|  0%| F|  |TAMS 0x0000000696800000| PB 0x0000000696800000| Untracked |  0
|  79|0x0000000696c00000, 0x0000000696c00000, 0x0000000697000000|  0%| F|  |TAMS 0x0000000696c00000| PB 0x0000000696c00000| Untracked |  0
|  80|0x0000000697000000, 0x0000000697000000, 0x0000000697400000|  0%| F|  |TAMS 0x0000000697000000| PB 0x0000000697000000| Untracked |  0
|  81|0x0000000697400000, 0x0000000697400000, 0x0000000697800000|  0%| F|  |TAMS 0x0000000697400000| PB 0x0000000697400000| Untracked |  0
|  82|0x0000000697800000, 0x0000000697875400, 0x0000000697c00000| 11%| E|  |TAMS 0x0000000697800000| PB 0x0000000697800000| Complete |  0
|  83|0x0000000697c00000, 0x0000000698000000, 0x0000000698000000|100%| E|CS|TAMS 0x0000000697c00000| PB 0x0000000697c00000| Complete |  0
|  84|0x0000000698000000, 0x0000000698400000, 0x0000000698400000|100%| E|CS|TAMS 0x0000000698000000| PB 0x0000000698000000| Complete |  0
|  85|0x0000000698400000, 0x0000000698800000, 0x0000000698800000|100%| E|CS|TAMS 0x0000000698400000| PB 0x0000000698400000| Complete |  0
|  86|0x0000000698800000, 0x0000000698c00000, 0x0000000698c00000|100%| E|CS|TAMS 0x0000000698800000| PB 0x0000000698800000| Complete |  0
|  87|0x0000000698c00000, 0x0000000699000000, 0x0000000699000000|100%| E|CS|TAMS 0x0000000698c00000| PB 0x0000000698c00000| Complete |  0
|  88|0x0000000699000000, 0x0000000699400000, 0x0000000699400000|100%| E|CS|TAMS 0x0000000699000000| PB 0x0000000699000000| Complete |  0
|  89|0x0000000699400000, 0x0000000699800000, 0x0000000699800000|100%| E|CS|TAMS 0x0000000699400000| PB 0x0000000699400000| Complete |  0
|  90|0x0000000699800000, 0x0000000699968600, 0x0000000699c00000| 35%| S|CS|TAMS 0x0000000699800000| PB 0x0000000699800000| Complete |  0
|  91|0x0000000699c00000, 0x000000069a000000, 0x000000069a000000|100%| E|CS|TAMS 0x0000000699c00000| PB 0x0000000699c00000| Complete |  0
|  92|0x000000069a000000, 0x000000069a400000, 0x000000069a400000|100%| E|CS|TAMS 0x000000069a000000| PB 0x000000069a000000| Complete |  0
|  93|0x000000069a400000, 0x000000069a800000, 0x000000069a800000|100%| E|CS|TAMS 0x000000069a400000| PB 0x000000069a400000| Complete |  0
|  94|0x000000069a800000, 0x000000069ac00000, 0x000000069ac00000|100%| E|CS|TAMS 0x000000069a800000| PB 0x000000069a800000| Complete |  0
|  95|0x000000069ac00000, 0x000000069b000000, 0x000000069b000000|100%| E|CS|TAMS 0x000000069ac00000| PB 0x000000069ac00000| Complete |  0

Card table byte_map: [0x00000203c0cb0000,0x00000203c18a0000] _byte_map_base: 0x00000203bd898000

Marking Bits: (CMBitMap*) 0x00000203b4d0c4c0
 Bits: [0x00000203c18a0000, 0x00000203c77e0000)

Polling page: 0x00000203b4430000

Metaspace:

Usage:
  Non-class:     17.28 MB used.
      Class:      2.76 MB used.
       Both:     20.04 MB used.

Virtual space:
  Non-class space:       64.00 MB reserved,      17.50 MB ( 27%) committed,  1 nodes.
      Class space:        1.00 GB reserved,       2.94 MB ( <1%) committed,  1 nodes.
             Both:        1.06 GB reserved,      20.44 MB (  2%) committed. 

Chunk freelists:
   Non-Class:  14.42 MB
       Class:  12.92 MB
        Both:  27.34 MB

MaxMetaspaceSize: unlimited
CompressedClassSpaceSize: 1.00 GB
Initial GC threshold: 21.00 MB
Current GC threshold: 21.00 MB
CDS: on
 - commit_granule_bytes: 65536.
 - commit_granule_words: 8192.
 - virtual_space_node_default_size: 8388608.
 - enlarge_chunks_in_place: 1.
 - use_allocation_guard: 0.


Internal statistics:

num_allocs_failed_limit: 0.
num_arena_births: 454.
num_arena_deaths: 0.
num_vsnodes_births: 2.
num_vsnodes_deaths: 0.
num_space_committed: 327.
num_space_uncommitted: 0.
num_chunks_returned_to_freelist: 0.
num_chunks_taken_from_freelist: 1046.
num_chunk_merges: 0.
num_chunk_splits: 695.
num_chunks_enlarged: 460.
num_inconsistent_stats: 0.

CodeCache: size=49152Kb used=7244Kb max_used=7244Kb free=41907Kb
 bounds [0x00000203bcfb0000, 0x00000203bd6d0000, 0x00000203bffb0000]
 total_blobs=3288 nmethods=2750 adapters=458
 compilation: disabled (not enough contiguous free space left)
              stopped_count=1, restarted_count=0
 full_count=1

Compilation events (20 events):
Event: 2.012 Thread 0x00000203ca4d3bf0 nmethod 2743 0x00000203bd6bcb90 code [0x00000203bd6bcd20, 0x00000203bd6bce20]
Event: 2.012 Thread 0x00000203ca4d3bf0 2744       1       sun.util.locale.BaseLocale::<init> (76 bytes)
Event: 2.012 Thread 0x00000203ca4d5060 nmethod 2742 0x00000203bd6bcf10 code [0x00000203bd6bd0c0, 0x00000203bd6bd2e8]
Event: 2.012 Thread 0x00000203ca4d5060 2745       1       sun.util.locale.LocaleObjectCache::get (126 bytes)
Event: 2.012 Thread 0x00000203ca4d2780 nmethod 2740 0x00000203bd6bd410 code [0x00000203bd6bd5c0, 0x00000203bd6bd830]
Event: 2.012 Thread 0x00000203ca4d2780 2746       1       sun.util.locale.LocaleObjectCache::cleanStaleEntries (34 bytes)
Event: 2.012 Thread 0x00000203ca4d3bf0 nmethod 2744 0x00000203bd6bda90 code [0x00000203bd6bdca0, 0x00000203bd6be1a8]
Event: 2.012 Thread 0x00000203ca4d3bf0 2751       1       sun.util.locale.InternalLocaleBuilder::clearExtensions (50 bytes)
Event: 2.012 Thread 0x00000203ca4d2780 nmethod 2746 0x00000203bd6be390 code [0x00000203bd6be540, 0x00000203bd6be6e0]
Event: 2.012 Thread 0x00000203ca4d2780 2747       1       sun.util.locale.LanguageTag::getLanguage (5 bytes)
Event: 2.012 Thread 0x00000203ca4d3bf0 nmethod 2751 0x00000203bd6be810 code [0x00000203bd6be9c0, 0x00000203bd6beb50]
Event: 2.012 Thread 0x00000203ca4d3bf0 2748       1       sun.util.locale.LanguageTag::getScript (5 bytes)
Event: 2.013 Thread 0x00000203ca4d2780 nmethod 2747 0x00000203bd6bec10 code [0x00000203bd6beda0, 0x00000203bd6bee70]
Event: 2.013 Thread 0x00000203ca4d2780 2749       1       sun.util.locale.LanguageTag::getRegion (5 bytes)
Event: 2.013 Thread 0x00000203ca4d3bf0 nmethod 2748 0x00000203bd6bef10 code [0x00000203bd6bf0a0, 0x00000203bd6bf170]
Event: 2.013 Thread 0x00000203ca4d3bf0 2750       1       sun.util.locale.LanguageTag::getPrivateuse (5 bytes)
Event: 2.013 Thread 0x00000203ca4d2780 nmethod 2749 0x00000203bd6bf210 code [0x00000203bd6bf3a0, 0x00000203bd6bf470]
Event: 2.013 Thread 0x00000203ca4d3bf0 nmethod 2750 0x00000203bd6bf510 code [0x00000203bd6bf6a0, 0x00000203bd6bf770]
Event: 2.013 Thread 0x00000203ca09f800 

Event: 2.013 Thread 0x00000203ca4d5060 nmethod 2745 0x00000203bd6bf810 code [0x00000203bd6bfa40, 0x00000203bd6c00f8]

GC Heap History (4 events):
Event: 0.833 GC heap before
{Heap before GC invocations=0 (full 0):
 garbage-first heap   total reserved 6242304K, committed 393216K, used 20480K [0x0000000683000000, 0x0000000800000000)
  region size 4096K, 6 young (24576K), 0 survivors (0K)
 Metaspace       used 6680K, committed 6976K, reserved 1114112K
  class space    used 817K, committed 960K, reserved 1048576K
}
Event: 0.840 GC heap after
{Heap after GC invocations=1 (full 0):
 garbage-first heap   total reserved 6242304K, committed 393216K, used 8192K [0x0000000683000000, 0x0000000800000000)
  region size 4096K, 1 young (4096K), 1 survivors (4096K)
 Metaspace       used 6680K, committed 6976K, reserved 1114112K
  class space    used 817K, committed 960K, reserved 1048576K
}
Event: 1.332 GC heap before
{Heap before GC invocations=1 (full 0):
 garbage-first heap   total reserved 6242304K, committed 393216K, used 28672K [0x0000000683000000, 0x0000000800000000)
  region size 4096K, 6 young (24576K), 1 survivors (4096K)
 Metaspace       used 10333K, committed 10624K, reserved 1114112K
  class space    used 1359K, committed 1472K, reserved 1048576K
}
Event: 1.336 GC heap after
{Heap after GC invocations=2 (full 0):
 garbage-first heap   total reserved 6242304K, committed 393216K, used 9776K [0x0000000683000000, 0x0000000800000000)
  region size 4096K, 1 young (4096K), 1 survivors (4096K)
 Metaspace       used 10333K, committed 10624K, reserved 1114112K
  class space    used 1359K, committed 1472K, reserved 1048576K
}

Dll operation events (11 events):
Event: 0.013 Loaded shared library C:\Users\phaml\.jdks\openjdk-22.0.2\bin\java.dll
Event: 0.166 Loaded shared library C:\Users\phaml\.jdks\openjdk-22.0.2\bin\zip.dll
Event: 0.170 Loaded shared library C:\Users\phaml\.jdks\openjdk-22.0.2\bin\instrument.dll
Event: 0.176 Loaded shared library C:\Users\phaml\.jdks\openjdk-22.0.2\bin\net.dll
Event: 0.178 Loaded shared library C:\Users\phaml\.jdks\openjdk-22.0.2\bin\nio.dll
Event: 0.182 Loaded shared library C:\Users\phaml\.jdks\openjdk-22.0.2\bin\zip.dll
Event: 0.286 Loaded shared library C:\Users\phaml\.jdks\openjdk-22.0.2\bin\jimage.dll
Event: 0.351 Loaded shared library C:\Program Files\JetBrains\IntelliJ IDEA 2024.2.0.1\bin\breakgen64.dll
Event: 0.364 Loaded shared library C:\Users\phaml\.jdks\openjdk-22.0.2\bin\extnet.dll
Event: 0.378 Loaded shared library C:\Users\phaml\.jdks\openjdk-22.0.2\bin\management.dll
Event: 0.395 Loaded shared library C:\Users\phaml\.jdks\openjdk-22.0.2\bin\management_ext.dll

Deoptimization events (0 events):
No events

Classes loaded (20 events):
Event: 1.995 Loading class java/util/concurrent/ConcurrentLinkedQueue$Node done
Event: 1.996 Loading class java/util/concurrent/atomic/AtomicLongArray
Event: 1.997 Loading class java/util/concurrent/atomic/AtomicLongArray done
Event: 1.997 Loading class java/lang/invoke/VarHandleLongs$Array
Event: 1.997 Loading class java/lang/invoke/VarHandleLongs$Array done
Event: 1.997 Loading class java/util/concurrent/atomic/AtomicReferenceArray
Event: 1.997 Loading class java/util/concurrent/atomic/AtomicReferenceArray done
Event: 1.997 Loading class java/lang/invoke/VarHandleReferences$Array
Event: 1.997 Loading class java/lang/invoke/VarHandleReferences$Array done
Event: 2.004 Loading class javax/naming/ldap/LdapContext
Event: 2.004 Loading class javax/naming/directory/DirContext
Event: 2.004 Loading class javax/naming/directory/DirContext done
Event: 2.004 Loading class javax/naming/ldap/LdapContext done
Event: 2.032 Loading class sun/text/resources/cldr/FormatData_en
Event: 2.032 Loading class sun/text/resources/cldr/FormatData_en done
Event: 2.032 Loading class sun/text/resources/cldr/FormatData_en_US
Event: 2.032 Loading class sun/text/resources/cldr/FormatData_en_US done
Event: 2.037 Loading class javax/naming/Referenceable
Event: 2.037 Loading class javax/naming/Referenceable done
Event: 2.049 Loading class java/io/CharArrayReader

Classes unloaded (0 events):
No events

Classes redefined (0 events):
No events

Internal exceptions (20 events):
Event: 1.392 Thread 0x00000203caf40ec0 Exception <a 'java/lang/NoSuchMethodError'{0x000000069af20368}: 'int java.lang.invoke.DirectMethodHandle$Holder.invokeVirtual(java.lang.Object, java.lang.Object)'> (0x000000069af20368) 
thrown [s\open\src\hotspot\share\interpreter\linkResolver.cpp, line 774]
Event: 1.409 Thread 0x00000203caf40ec0 Exception <a 'java/lang/NoSuchMethodError'{0x000000069afbaa70}: 'java.lang.Object java.lang.invoke.DirectMethodHandle$Holder.invokeSpecial(java.lang.Object, java.lang.Object, java.lang.Object, int, java.lang.Object)'> (0x000000069afbaa70) 
thrown [s\open\src\hotspot\share\interpreter\linkResolver.cpp, line 774]
Event: 1.409 Thread 0x00000203caf40ec0 Exception <a 'java/lang/NoSuchMethodError'{0x000000069afc2418}: 'java.lang.Object java.lang.invoke.DirectMethodHandle$Holder.newInvokeSpecial(java.lang.Object, java.lang.Object, java.lang.Object, int, java.lang.Object)'> (0x000000069afc2418) 
thrown [s\open\src\hotspot\share\interpreter\linkResolver.cpp, line 774]
Event: 1.409 Thread 0x00000203caf40ec0 Exception <a 'java/lang/NoSuchMethodError'{0x000000069afc99f8}: 'java.lang.Object java.lang.invoke.Invokers$Holder.linkToTargetMethod(java.lang.Object, java.lang.Object, int, java.lang.Object, java.lang.Object)'> (0x000000069afc99f8) 
thrown [s\open\src\hotspot\share\interpreter\linkResolver.cpp, line 774]
Event: 1.411 Thread 0x00000203caf40ec0 Exception <a 'java/lang/NoSuchMethodError'{0x000000069afd7b30}: 'java.lang.Object java.lang.invoke.DirectMethodHandle$Holder.newInvokeSpecial(java.lang.Object, int, java.lang.Object)'> (0x000000069afd7b30) 
thrown [s\open\src\hotspot\share\interpreter\linkResolver.cpp, line 774]
Event: 1.411 Thread 0x00000203caf40ec0 Exception <a 'java/lang/NoSuchMethodError'{0x000000069afdbc28}: 'int java.lang.invoke.DirectMethodHandle$Holder.invokeSpecialIFC(java.lang.Object, java.lang.Object, java.lang.Object, java.lang.Object)'> (0x000000069afdbc28) 
thrown [s\open\src\hotspot\share\interpreter\linkResolver.cpp, line 774]
Event: 1.430 Thread 0x00000203caf40ec0 Exception <a 'java/lang/NoSuchMethodError'{0x000000069a8c4708}: 'void java.lang.invoke.DirectMethodHandle$Holder.invokeInterface(java.lang.Object, java.lang.Object, java.lang.Object)'> (0x000000069a8c4708) 
thrown [s\open\src\hotspot\share\interpreter\linkResolver.cpp, line 774]
Event: 1.453 Thread 0x00000203caf40ec0 Exception <a 'java/lang/NoSuchMethodError'{0x000000069a969ef0}: 'java.lang.Object java.lang.invoke.DirectMethodHandle$Holder.invokeVirtual(java.lang.Object, java.lang.Object, java.lang.Object)'> (0x000000069a969ef0) 
thrown [s\open\src\hotspot\share\interpreter\linkResolver.cpp, line 774]
Event: 1.475 Thread 0x00000203caf40ec0 Exception <a 'java/lang/NoSuchMethodError'{0x000000069aa4eb10}: 'void java.lang.invoke.DirectMethodHandle$Holder.invokeStatic(java.lang.Object, java.lang.Object, int)'> (0x000000069aa4eb10) 
thrown [s\open\src\hotspot\share\interpreter\linkResolver.cpp, line 774]
Event: 1.479 Thread 0x00000203caf40ec0 Exception <a 'java/lang/NoSuchMethodError'{0x000000069aa5f140}: 'void java.lang.invoke.DirectMethodHandle$Holder.invokeStaticInit(java.lang.Object, java.lang.Object, java.lang.Object)'> (0x000000069aa5f140) 
thrown [s\open\src\hotspot\share\interpreter\linkResolver.cpp, line 774]
Event: 1.494 Thread 0x00000203caf40ec0 Exception <a 'java/lang/NoSuchMethodError'{0x000000069ab026a0}: 'void java.lang.invoke.DirectMethodHandle$Holder.invokeVirtual(java.lang.Object, java.lang.Object, java.lang.Object, java.lang.Object)'> (0x000000069ab026a0) 
thrown [s\open\src\hotspot\share\interpreter\linkResolver.cpp, line 774]
Event: 1.554 Thread 0x00000203caf40ec0 Exception <a 'java/lang/NoSuchMethodError'{0x000000069a57d978}: 'java.lang.reflect.Field[] java.lang.Class.getDeclaredFields(java.lang.Class)'> (0x000000069a57d978) 
thrown [s\open\src\hotspot\share\interpreter\linkResolver.cpp, line 774]
Event: 1.555 Thread 0x00000203caf40ec0 Exception <a 'java/lang/NoSuchMethodError'{0x000000069a582278}: 'java.lang.Object java.lang.invoke.DirectMethodHandle$Holder.invokeStatic(java.lang.Object, java.lang.Object, int)'> (0x000000069a582278) 
thrown [s\open\src\hotspot\share\interpreter\linkResolver.cpp, line 774]
Event: 1.555 Thread 0x00000203caf40ec0 Exception <a 'java/lang/NoSuchMethodError'{0x000000069a5b8aa0}: 'void java.lang.invoke.DelegatingMethodHandle$Holder.delegate(java.lang.Object, java.lang.Object, int, java.lang.Object)'> (0x000000069a5b8aa0) 
thrown [s\open\src\hotspot\share\interpreter\linkResolver.cpp, line 774]
Event: 1.567 Thread 0x00000203caf40ec0 Exception <a 'java/lang/IncompatibleClassChangeError'{0x000000069a6ebf28}: Found class java.lang.Object, but interface was expected> (0x000000069a6ebf28) 
thrown [s\open\src\hotspot\share\interpreter\linkResolver.cpp, line 841]
Event: 1.851 Thread 0x00000203caf40ec0 Exception <a 'java/lang/NoSuchMethodError'{0x0000000698fef348}: 'int java.lang.invoke.DirectMethodHandle$Holder.invokeSpecial(java.lang.Object, java.lang.Object, java.lang.Object, java.lang.Object, java.lang.Object)'> (0x0000000698fef348) 
thrown [s\open\src\hotspot\share\interpreter\linkResolver.cpp, line 774]
Event: 1.853 Thread 0x00000203caf40ec0 Exception <a 'java/lang/NoSuchMethodError'{0x0000000698ff7388}: 'void java.lang.invoke.DirectMethodHandle$Holder.invokeVirtual(java.lang.Object, java.lang.Object)'> (0x0000000698ff7388) 
thrown [s\open\src\hotspot\share\interpreter\linkResolver.cpp, line 774]
Event: 2.014 Thread 0x00000203caf40ec0 Exception <a 'java/lang/OutOfMemoryError'{0x0000000697c3ad30}> (0x0000000697c3ad30) 
thrown [s\open\src\hotspot\share\prims\jni.cpp, line 539]
Event: 2.045 Thread 0x00000203caf40ec0 Exception <a 'java/lang/OutOfMemoryError'{0x0000000697f7c688}> (0x0000000697f7c688) 
thrown [s\open\src\hotspot\share\prims\jni.cpp, line 539]
Event: 2.048 Thread 0x00000203caf43620 Exception <a 'java/lang/OutOfMemoryError'{0x0000000697f14e00}> (0x0000000697f14e00) 
thrown [s\open\src\hotspot\share\prims\jni.cpp, line 539]

ZGC Phase Switch (0 events):
No events

VM Operations (20 events):
Event: 0.792 Executing VM operation: ICBufferFull
Event: 0.792 Executing VM operation: ICBufferFull done
Event: 0.832 Executing VM operation: G1CollectForAllocation (G1 Evacuation Pause)
Event: 0.840 Executing VM operation: G1CollectForAllocation (G1 Evacuation Pause) done
Event: 1.161 Executing VM operation: HandshakeAllThreads (Deoptimize)
Event: 1.161 Executing VM operation: HandshakeAllThreads (Deoptimize) done
Event: 1.332 Executing VM operation: G1CollectForAllocation (G1 Evacuation Pause)
Event: 1.336 Executing VM operation: G1CollectForAllocation (G1 Evacuation Pause) done
Event: 1.388 Executing VM operation: HandshakeAllThreads (Deoptimize)
Event: 1.388 Executing VM operation: HandshakeAllThreads (Deoptimize) done
Event: 1.541 Executing VM operation: HandshakeAllThreads (Deoptimize)
Event: 1.541 Executing VM operation: HandshakeAllThreads (Deoptimize) done
Event: 1.545 Executing VM operation: HandshakeAllThreads (Deoptimize)
Event: 1.545 Executing VM operation: HandshakeAllThreads (Deoptimize) done
Event: 1.726 Executing VM operation: ICBufferFull
Event: 1.726 Executing VM operation: ICBufferFull done
Event: 1.778 Executing VM operation: HandshakeAllThreads (Deoptimize)
Event: 1.778 Executing VM operation: HandshakeAllThreads (Deoptimize) done
Event: 1.834 Executing VM operation: HandshakeAllThreads (Deoptimize)
Event: 1.834 Executing VM operation: HandshakeAllThreads (Deoptimize) done

Memory protections (0 events):
No events

Nmethod flushes (0 events):
No events

Events (20 events):
Event: 0.052 Thread 0x00000203b4c87170 Thread added: 0x00000203ca09f800
Event: 0.141 Thread 0x00000203b4c87170 Thread added: 0x00000203ca473690
Event: 0.150 Thread 0x00000203ca09f800 Thread added: 0x00000203ca4d3bf0
Event: 0.150 Thread 0x00000203ca09f800 Thread added: 0x00000203ca4d5060
Event: 0.271 Thread 0x00000203ca4d3bf0 Thread added: 0x00000203ca4d2780
Event: 0.352 Thread 0x00000203b4c87170 Thread added: 0x00000203ca978870
Event: 0.352 Thread 0x00000203b4c87170 Thread added: 0x00000203ca978ee0
Event: 0.703 Thread 0x00000203ca0929a0 Thread added: 0x00000203cac6a3e0
Event: 0.720 Thread 0x00000203cac6a3e0 Thread added: 0x00000203cacb6430
Event: 0.749 Thread 0x00000203cacb6430 Thread added: 0x00000203cace4050
Event: 0.759 Thread 0x00000203cacb6430 Thread added: 0x00000203cad0c9c0
Event: 1.075 Thread 0x00000203b4c87170 Thread added: 0x00000203caf42f90
Event: 1.080 Thread 0x00000203caf42f90 Thread added: 0x00000203caf40ec0
Event: 1.118 Thread 0x00000203cac6a3e0 Thread added: 0x00000203caf41550
Event: 1.119 Thread 0x00000203caf41550 Thread added: 0x00000203caf41be0
Event: 1.135 Thread 0x00000203caf41be0 Thread exited: 0x00000203caf41be0
Event: 1.550 Thread 0x00000203caf40ec0 Thread added: 0x00000203caf42270
Event: 1.638 Thread 0x00000203cacb6430 Thread added: 0x00000203caf41be0
Event: 1.645 Thread 0x00000203caf41be0 Thread exited: 0x00000203caf41be0
Event: 1.975 Thread 0x00000203caf40ec0 Thread added: 0x00000203caf43620


Dynamic libraries:
0x00007ff692610000 - 0x00007ff69261e000 	C:\Users\phaml\.jdks\openjdk-22.0.2\bin\java.exe
0x00007ffab4610000 - 0x00007ffab4827000 	C:\WINDOWS\SYSTEM32\ntdll.dll
0x00007ffab2df0000 - 0x00007ffab2eb4000 	C:\WINDOWS\System32\KERNEL32.DLL
0x00007ffab1980000 - 0x00007ffab1d53000 	C:\WINDOWS\System32\KERNELBASE.dll
0x00007ffab17e0000 - 0x00007ffab18f1000 	C:\WINDOWS\System32\ucrtbase.dll
0x00007ffaab800000 - 0x00007ffaab817000 	C:\Users\phaml\.jdks\openjdk-22.0.2\bin\jli.dll
0x00007ffaa2af0000 - 0x00007ffaa2b0b000 	C:\Users\phaml\.jdks\openjdk-22.0.2\bin\VCRUNTIME140.dll
0x00007ffab4130000 - 0x00007ffab42e1000 	C:\WINDOWS\System32\USER32.dll
0x00007ffab21d0000 - 0x00007ffab21f6000 	C:\WINDOWS\System32\win32u.dll
0x00007ffaa0520000 - 0x00007ffaa07ba000 	C:\WINDOWS\WinSxS\amd64_microsoft.windows.common-controls_6595b64144ccf1df_6.0.22621.5090_none_2715ec9973802129\COMCTL32.dll
0x00007ffab24b0000 - 0x00007ffab2557000 	C:\WINDOWS\System32\msvcrt.dll
0x00007ffab2dc0000 - 0x00007ffab2de9000 	C:\WINDOWS\System32\GDI32.dll
0x00007ffab1d60000 - 0x00007ffab1e7b000 	C:\WINDOWS\System32\gdi32full.dll
0x00007ffab2130000 - 0x00007ffab21ca000 	C:\WINDOWS\System32\msvcp_win.dll
0x00007ffab2b20000 - 0x00007ffab2b51000 	C:\WINDOWS\System32\IMM32.DLL
0x00007ffaab880000 - 0x00007ffaab88c000 	C:\Users\phaml\.jdks\openjdk-22.0.2\bin\vcruntime140_1.dll
0x00007ffa67cb0000 - 0x00007ffa67d3e000 	C:\Users\phaml\.jdks\openjdk-22.0.2\bin\msvcp140.dll
0x00007ff9fd570000 - 0x00007ff9fe2b9000 	C:\Users\phaml\.jdks\openjdk-22.0.2\bin\server\jvm.dll
0x00007ffab2370000 - 0x00007ffab2421000 	C:\WINDOWS\System32\ADVAPI32.dll
0x00007ffab2d10000 - 0x00007ffab2db7000 	C:\WINDOWS\System32\sechost.dll
0x00007ffab2280000 - 0x00007ffab22a8000 	C:\WINDOWS\System32\bcrypt.dll
0x00007ffab2600000 - 0x00007ffab2714000 	C:\WINDOWS\System32\RPCRT4.dll
0x00007ffab2430000 - 0x00007ffab24a1000 	C:\WINDOWS\System32\WS2_32.dll
0x00007ffab0ff0000 - 0x00007ffab103d000 	C:\WINDOWS\SYSTEM32\POWRPROF.dll
0x00007ffaa9c20000 - 0x00007ffaa9c54000 	C:\WINDOWS\SYSTEM32\WINMM.dll
0x00007ffaa9a90000 - 0x00007ffaa9a9a000 	C:\WINDOWS\SYSTEM32\VERSION.dll
0x00007ffab0fd0000 - 0x00007ffab0fe3000 	C:\WINDOWS\SYSTEM32\UMPDC.dll
0x00007ffab0720000 - 0x00007ffab0738000 	C:\WINDOWS\SYSTEM32\kernel.appcore.dll
0x00007ffaa7f50000 - 0x00007ffaa7f5a000 	C:\Users\phaml\.jdks\openjdk-22.0.2\bin\jimage.dll
0x00007ffaaea20000 - 0x00007ffaaec52000 	C:\WINDOWS\SYSTEM32\DBGHELP.DLL
0x00007ffab2720000 - 0x00007ffab2ab2000 	C:\WINDOWS\System32\combase.dll
0x00007ffab3760000 - 0x00007ffab3837000 	C:\WINDOWS\System32\OLEAUT32.dll
0x00007ffa7fc30000 - 0x00007ffa7fc62000 	C:\WINDOWS\SYSTEM32\dbgcore.DLL
0x00007ffab1900000 - 0x00007ffab197b000 	C:\WINDOWS\System32\bcryptPrimitives.dll
0x00007ffaa7770000 - 0x00007ffaa777f000 	C:\Users\phaml\.jdks\openjdk-22.0.2\bin\instrument.dll
0x00007ffaa2a70000 - 0x00007ffaa2a8e000 	C:\Users\phaml\.jdks\openjdk-22.0.2\bin\java.dll
0x00007ffab2ec0000 - 0x00007ffab375b000 	C:\WINDOWS\System32\SHELL32.dll
0x00007ffab1e80000 - 0x00007ffab1fbf000 	C:\WINDOWS\System32\wintypes.dll
0x00007ffab2b60000 - 0x00007ffab2d01000 	C:\WINDOWS\System32\ole32.dll
0x00007ffaaf610000 - 0x00007ffaaff2e000 	C:\WINDOWS\SYSTEM32\windows.storage.dll
0x00007ffab44c0000 - 0x00007ffab45ca000 	C:\WINDOWS\System32\SHCORE.dll
0x00007ffab2560000 - 0x00007ffab25c8000 	C:\WINDOWS\System32\shlwapi.dll
0x00007ffab1650000 - 0x00007ffab167b000 	C:\WINDOWS\SYSTEM32\profapi.dll
0x00007ffa9fb00000 - 0x00007ffa9fb17000 	C:\Users\phaml\.jdks\openjdk-22.0.2\bin\zip.dll
0x00007ffaa5b80000 - 0x00007ffaa5b90000 	C:\Users\phaml\.jdks\openjdk-22.0.2\bin\net.dll
0x00007ffab0ba0000 - 0x00007ffab0c0a000 	C:\WINDOWS\system32\mswsock.dll
0x00007ffaa0bb0000 - 0x00007ffaa0bc6000 	C:\Users\phaml\.jdks\openjdk-22.0.2\bin\nio.dll
0x00007ffa99b10000 - 0x00007ffa99b2a000 	C:\Program Files\JetBrains\IntelliJ IDEA 2024.2.0.1\bin\breakgen64.dll
0x00007ffab0200000 - 0x00007ffab0302000 	C:\WINDOWS\SYSTEM32\DNSAPI.dll
0x00007ffab01d0000 - 0x00007ffab01fd000 	C:\WINDOWS\SYSTEM32\IPHLPAPI.DLL
0x00007ffab25d0000 - 0x00007ffab25d9000 	C:\WINDOWS\System32\NSI.dll
0x00007ffaa43e0000 - 0x00007ffaa43e9000 	C:\Users\phaml\.jdks\openjdk-22.0.2\bin\extnet.dll
0x0000000062130000 - 0x0000000062156000 	C:\Program Files\Bonjour\mdnsNSP.dll
0x00007ffaa9a50000 - 0x00007ffaa9a5a000 	C:\Windows\System32\rasadhlp.dll
0x00007ffaabd90000 - 0x00007ffaabe13000 	C:\WINDOWS\System32\fwpuclnt.dll
0x00007ffaa3a30000 - 0x00007ffaa3a3a000 	C:\Users\phaml\.jdks\openjdk-22.0.2\bin\management.dll
0x00007ffaa2eb0000 - 0x00007ffaa2ebb000 	C:\Users\phaml\.jdks\openjdk-22.0.2\bin\management_ext.dll
0x00007ffab42f0000 - 0x00007ffab42f8000 	C:\WINDOWS\System32\PSAPI.DLL
0x00007ffab0da0000 - 0x00007ffab0dbb000 	C:\WINDOWS\SYSTEM32\CRYPTSP.dll
0x00007ffab0680000 - 0x00007ffab06b7000 	C:\WINDOWS\system32\rsaenh.dll
0x00007ffab0c40000 - 0x00007ffab0c68000 	C:\WINDOWS\SYSTEM32\USERENV.dll
0x00007ffab0dc0000 - 0x00007ffab0dcc000 	C:\WINDOWS\SYSTEM32\CRYPTBASE.dll
0x00007ffa7a170000 - 0x00007ffa7a187000 	C:\WINDOWS\system32\napinsp.dll
0x00007ffa7a110000 - 0x00007ffa7a12b000 	C:\WINDOWS\system32\pnrpnsp.dll
0x00007ffa7a130000 - 0x00007ffa7a141000 	C:\WINDOWS\System32\winrnr.dll
0x00007ffaaca40000 - 0x00007ffaaca55000 	C:\WINDOWS\system32\wshbth.dll
0x00007ffa7a0e0000 - 0x00007ffa7a107000 	C:\WINDOWS\system32\nlansp_c.dll
0x00007ffa7efc0000 - 0x00007ffa7f010000 	C:\WINDOWS\SYSTEM32\pdh.dll
0x00007ffa76f50000 - 0x00007ffa76f61000 	C:\WINDOWS\System32\perfproc.dll
0x00007ffa78460000 - 0x00007ffa78470000 	C:\WINDOWS\System32\perfos.dll
0x00007ffaae960000 - 0x00007ffaae970000 	C:\WINDOWS\SYSTEM32\pfclient.dll

dbghelp: loaded successfully - version: 4.0.5 - missing functions: none
symbol engine: initialized successfully - sym options: 0x614 - pdb path: .;C:\Users\phaml\.jdks\openjdk-22.0.2\bin;C:\WINDOWS\SYSTEM32;C:\WINDOWS\WinSxS\amd64_microsoft.windows.common-controls_6595b64144ccf1df_6.0.22621.5090_none_2715ec9973802129;C:\Users\phaml\.jdks\openjdk-22.0.2\bin\server;C:\Program Files\JetBrains\IntelliJ IDEA 2024.2.0.1\bin;C:\Program Files\Bonjour

VM Arguments:
jvm_args: -XX:TieredStopAtLevel=1 -Dspring.output.ansi.enabled=always -Dcom.sun.management.jmxremote -Dspring.jmx.enabled=true -Dspring.liveBeansView.mbeanDomain -Dspring.application.admin.enabled=true -Dmanagement.endpoints.jmx.exposure.include=* -javaagent:C:\Program Files\JetBrains\IntelliJ IDEA 2024.2.0.1\lib\idea_rt.jar=58681:C:\Program Files\JetBrains\IntelliJ IDEA 2024.2.0.1\bin -Dfile.encoding=UTF-8 -Dsun.stdout.encoding=UTF-8 -Dsun.stderr.encoding=UTF-8 
java_command: com.fpt.config.JpapracticeApplication
java_class_path (initial): C:\FPTU\OJT\Spring\jpapractice\jpapractice\target\classes;C:\Users\phaml\.m2\repository\org\springframework\boot\spring-boot-starter-data-jpa\3.4.3\spring-boot-starter-data-jpa-3.4.3.jar;C:\Users\phaml\.m2\repository\org\springframework\boot\spring-boot-starter\3.4.3\spring-boot-starter-3.4.3.jar;C:\Users\phaml\.m2\repository\org\springframework\boot\spring-boot-starter-logging\3.4.3\spring-boot-starter-logging-3.4.3.jar;C:\Users\phaml\.m2\repository\ch\qos\logback\logback-classic\1.5.16\logback-classic-1.5.16.jar;C:\Users\phaml\.m2\repository\ch\qos\logback\logback-core\1.5.16\logback-core-1.5.16.jar;C:\Users\phaml\.m2\repository\org\apache\logging\log4j\log4j-to-slf4j\2.24.3\log4j-to-slf4j-2.24.3.jar;C:\Users\phaml\.m2\repository\org\apache\logging\log4j\log4j-api\2.24.3\log4j-api-2.24.3.jar;C:\Users\phaml\.m2\repository\org\slf4j\jul-to-slf4j\2.0.16\jul-to-slf4j-2.0.16.jar;C:\Users\phaml\.m2\repository\org\yaml\snakeyaml\2.3\snakeyaml-2.3.jar;C:\Users\phaml\.m2\repository\org\springframework\boot\spring-boot-starter-jdbc\3.4.3\spring-boot-starter-jdbc-3.4.3.jar;C:\Users\phaml\.m2\repository\com\zaxxer\HikariCP\5.1.0\HikariCP-5.1.0.jar;C:\Users\phaml\.m2\repository\org\springframework\spring-jdbc\6.2.3\spring-jdbc-6.2.3.jar;C:\Users\phaml\.m2\repository\org\springframework\data\spring-data-jpa\3.4.3\spring-data-jpa-3.4.3.jar;C:\Users\phaml\.m2\repository\org\springframework\data\spring-data-commons\3.4.3\spring-data-commons-3.4.3.jar;C:\Users\phaml\.m2\repository\org\springframework\spring-orm\6.2.3\spring-orm-6.2.3.jar;C:\Users\phaml\.m2\repository\org\springframework\spring-context\6.2.3\spring-context-6.2.3.jar;C:\Users\phaml\.m2\repository\org\springframework\spring-aop\6.2.3\spring-aop-6.2.3.jar;C:\Users\phaml\.m2\repository\org\springframework\spring-tx\6.2.3\spring-tx-6.2.3.jar;C:\Users\phaml\.m2\repository\org\springframework\spring-beans\6.2.3\spring-beans-6.2.3.jar;C:\Users\phaml\.m2\repository\org\slf4j\slf4j-api\2.0.16\slf4j-api-2.0.16.jar;C:\Users\phaml\.m2\repository\org\springframework\spring-aspects\6.2.3\spring-aspects-6.2.3.jar;C:\Users\phaml\.m2\repository\org\aspectj\aspectjweaver\1.9.22.1\aspectjweaver-1.9.22.1.jar;C:\Users\phaml\.m2\repository\com\microsoft\sqlserver\mssql-jdbc\12.4.2.jre11\mssql-jdbc-12.4.2.jre11.jar;C:\Users\phaml\.m2\repository\jakarta\xml\bind\jakarta.xml.bind-api\4.0.2\jakarta.xml.bind-api-4.0.2.jar;C:\Users\phaml\.m2\repository\jakarta\activation\jakarta.activation-api\2.1.3\jakarta.activation-api-2.1.3.jar;C:\Users\phaml\.m2\repository\org\springframework\spring-core\6.2.3\spring-core-6.2.3.jar;C:\Users\phaml\.m2\repository\org\springframework\spring-jcl\6.2.3\spring-jcl-6.2.3.jar;C:\Users\phaml\.m2\repository\org\springframework\boot\spring-boot-devtools\3.4.3\spring-boot-devtools-3.4.3.jar;C:\Users\phaml\.m2\repository\org\springframework\boot\spring-boot\3.4.3\spring-boot-3.4.3.jar;C:\Users\phaml\.m2\repository\org\springframework\boot\spring-boot-autoconfigure\3.4.3\spring-boot-autoconfigure-3.4.3.jar;C:\Users\phaml\.m2\repository\org\springframework\boot\spring-boot-starter-thymeleaf\3.4.3\spring-boot-starter-thymeleaf-3.4.3.jar;C:\Users\phaml\.m2\repository\org\thymeleaf\thymeleaf-spring6\3.1.3.RELEASE\thymeleaf-spring6-3.1.3.RELEASE.jar;C:\Users\phaml\.m2\repository\org\thymeleaf\thymeleaf\3.1.3.RELEASE\thymeleaf-3.1.3.RELEASE.jar;C:\Users\phaml\.m2\repository\org\attoparser\attoparser\2.0.7.RELEASE\attoparser-2.0.7.RELEASE.jar;C:\Users\phaml\.m2\repository\org\unbescape\unbescape\1.1.6.RELEASE\unbescape-1.1.6.RELEASE.jar;C:\Users\phaml\.m2\repository\org\springframework\boot\spring-boot-starter-tomcat\3.4.3\spring-boot-starter-tomcat-3.4.3.jar;C:\Users\phaml\.m2\repository\jakarta\annotation\jakarta.annotation-api\2.1.1\jakarta.annotation-api-2.1.1.jar;C:\Users\phaml\.m2\repository\org\apache\tomcat\embed\tomcat-embed-core\10.1.36\tomcat-embed-core-10.1.36.jar;C:\Users\phaml\.m2\repository\org\apache\tomcat\embed\tomcat-embed-el\10.1.36\tomcat-embed-el-10.1.36.jar;C:\Users\phaml\.m2\repository\org\apache\tomcat\embed\tomcat-embed-websocket\10.1.36\tomcat-embed-websocket-10.1.36.jar;C:\Users\phaml\.m2\repository\org\apache\tomcat\embed\tomcat-embed-jasper\10.1.36\tomcat-embed-jasper-10.1.36.jar;C:\Users\phaml\.m2\repository\org\eclipse\jdt\ecj\3.33.0\ecj-3.33.0.jar;C:\Users\phaml\.m2\repository\org\springframework\boot\spring-boot-starter-web\3.4.3\spring-boot-starter-web-3.4.3.jar;C:\Users\phaml\.m2\repository\org\springframework\boot\spring-boot-starter-json\3.4.3\spring-boot-starter-json-3.4.3.jar;C:\Users\phaml\.m2\repository\com\fasterxml\jackson\core\jackson-databind\2.18.2\jackson-databind-2.18.2.jar;C:\Users\phaml\.m2\repository\com\fasterxml\jackson\core\jackson-annotations\2.18.2\jackson-annotations-2.18.2.jar;C:\Users\phaml\.m2\repository\com\fasterxml\jackson\core\jackson-core\2.18.2\jackson-core-2.18.2.jar;C:\Users\phaml\.m2\repository\com\fasterxml\jackson\datatype\jackson-datatype-jdk8\2.18.2\jackson-datatype-jdk8-2.18.2.jar;C:\Users\phaml\.m2\repository\com\fasterxml\jackson\datatype\jackson-datatype-jsr310\2.18.2\jackson-datatype-jsr310-2.18.2.jar;C:\Users\phaml\.m2\repository\com\fasterxml\jackson\module\jackson-module-parameter-names\2.18.2\jackson-module-parameter-names-2.18.2.jar;C:\Users\phaml\.m2\repository\org\springframework\spring-web\6.2.3\spring-web-6.2.3.jar;C:\Users\phaml\.m2\repository\org\springframework\spring-webmvc\6.2.3\spring-webmvc-6.2.3.jar;C:\Users\phaml\.m2\repository\org\springframework\spring-expression\6.2.3\spring-expression-6.2.3.jar;C:\Users\phaml\.m2\repository\javax\servlet\javax.servlet-api\4.0.1\javax.servlet-api-4.0.1.jar;C:\Users\phaml\.m2\repository\org\hibernate\orm\hibernate-core\6.2.3.Final\hibernate-core-6.2.3.Final.jar;C:\Users\phaml\.m2\repository\jakarta\persistence\jakarta.persistence-api\3.1.0\jakarta.persistence-api-3.1.0.jar;C:\Users\phaml\.m2\repository\jakarta\transaction\jakarta.transaction-api\2.0.1\jakarta.transaction-api-2.0.1.jar;C:\Users\phaml\.m2\repository\org\jboss\logging\jboss-logging\3.6.1.Final\jboss-logging-3.6.1.Final.jar;C:\Users\phaml\.m2\repository\org\hibernate\common\hibernate-commons-annotations\6.0.6.Final\hibernate-commons-annotations-6.0.6.Final.jar;C:\Users\phaml\.m2\repository\io\smallrye\jandex\3.0.5\jandex-3.0.5.jar;C:\Users\phaml\.m2\repository\com\fasterxml\classmate\1.7.0\classmate-1.7.0.jar;C:\Users\phaml\.m2\repository\net\bytebuddy\byte-buddy\1.15.11\byte-buddy-1.15.11.jar;C:\Users\phaml\.m2\repository\org\glassfish\jaxb\jaxb-runtime\4.0.5\jaxb-runtime-4.0.5.jar;C:\Users\phaml\.m2\repository\org\glassfish\jaxb\jaxb-core\4.0.5\jaxb-core-4.0.5.jar;C:\Users\phaml\.m2\repository\org\eclipse\angus\angus-activation\2.0.2\angus-activation-2.0.2.jar;C:\Users\phaml\.m2\repository\org\glassfish\jaxb\txw2\4.0.5\txw2-4.0.5.jar;C:\Users\phaml\.m2\repository\com\sun\istack\istack-commons-runtime\4.1.2\istack-commons-runtime-4.1.2.jar;C:\Users\phaml\.m2\repository\jakarta\inject\jakarta.inject-api\2.0.1\jakarta.inject-api-2.0.1.jar;C:\Users\phaml\.m2\repository\org\antlr\antlr4-runtime\4.10.1\antlr4-runtime-4.10.1.jar;C:\Users\phaml\.m2\repository\org\springframework\boot\spring-boot-starter-actuator\3.4.3\spring-boot-starter-actuator-3.4.3.jar;C:\Users\phaml\.m2\repository\org\springframework\boot\spring-boot-actuator-autoconfigure\3.4.3\spring-boot-actuator-autoconfigure-3.4.3.jar;C:\Users\phaml\.m2\repository\org\springframework\boot\spring-boot-actuator\3.4.3\spring-boot-actuator-3.4.3.jar;C:\Users\phaml\.m2\repository\io\micrometer\micrometer-observation\1.14.4\micrometer-observation-1.14.4.jar;C:\Users\phaml\.m2\repository\io\micrometer\micrometer-commons\1.14.4\micrometer-commons-1.14.4.jar;C:\Users\phaml\.m2\repository\io\micrometer\micrometer-jakarta9\1.14.4\micrometer-jakarta9-1.14.4.jar;C:\Users\phaml\.m2\repository\io\micrometer\micrometer-core\1.14.4\micrometer-core-1.14.4.jar;C:\Users\phaml\.m2\repository\org\hdrhistogram\HdrHistogram\2.2.2\HdrHistogram-2.2.2.jar;C:\Users\phaml\.m2\repository\org\latencyutils\LatencyUtils\2.0.3\LatencyUtils-2.0.3.jar;C:\Users\phaml\.m2\repository\org\projectlombok\lombok\1.18.36\lombok-1.18.36.jar;C:\Users\phaml\.m2\repository\org\springframework\boot\spring-boot-starter-validation\3.4.3\spring-boot-starter-validation-3.4.3.jar;C:\Users\phaml\.m2\repository\org\hibernate\validator\hibernate-validator\8.0.2.Final\hibernate-validator-8.0.2.Final.jar;C:\Users\phaml\.m2\repository\jakarta\validation\jakarta.validation-api\3.0.2\jakarta.validation-api-3.0.2.jar
Launcher Type: SUN_STANDARD

[Global flags]
     intx CICompilerCount                          = 4                                         {product} {ergonomic}
     uint ConcGCThreads                            = 2                                         {product} {ergonomic}
     uint G1ConcRefinementThreads                  = 8                                         {product} {ergonomic}
   size_t G1HeapRegionSize                         = 4194304                                   {product} {ergonomic}
   size_t InitialHeapSize                          = 402653184                                 {product} {ergonomic}
     bool ManagementServer                         = true                                      {product} {command line}
   size_t MarkStackSize                            = 4194304                                   {product} {ergonomic}
   size_t MaxHeapSize                              = 6392119296                                {product} {ergonomic}
   size_t MaxNewSize                               = 3833593856                                {product} {ergonomic}
   size_t MinHeapDeltaBytes                        = 4194304                                   {product} {ergonomic}
   size_t MinHeapSize                              = 8388608                                   {product} {ergonomic}
    uintx NonNMethodCodeHeapSize                   = 4096                                   {pd product} {ergonomic}
    uintx NonProfiledCodeHeapSize                  = 0                                      {pd product} {ergonomic}
     bool ProfileInterpreter                       = false                                  {pd product} {command line}
    uintx ProfiledCodeHeapSize                     = 0                                      {pd product} {ergonomic}
   size_t SoftMaxHeapSize                          = 6392119296                             {manageable} {ergonomic}
     intx TieredStopAtLevel                        = 1                                         {product} {command line}
     bool UseCompressedOops                        = true                           {product lp64_product} {ergonomic}
     bool UseG1GC                                  = true                                      {product} {ergonomic}
     bool UseLargePagesIndividualAllocation        = false                                  {pd product} {ergonomic}

Logging:
Log output configuration:
 #0: stdout all=warning uptime,level,tags foldmultilines=false
 #1: stderr all=off uptime,level,tags foldmultilines=false

Environment Variables:
PATH=c:\Users\phaml\AppData\Local\Programs\cursor\resources\app\bin;C:\Program Files\Common Files\Oracle\Java\javapath_target_4825531;C:\Python312\;C:\Program Files\Common Files\Oracle\Java\javapath;C:\Program Files (x86)\VMware\VMware Workstation\bin\;C:\WINDOWS\system32;C:\WINDOWS;C:\WINDOWS\System32\Wbem;C:\WINDOWS\System32\WindowsPowerShell\v1.0\;C:\WINDOWS\System32\OpenSSH\;C:\Program Files\dotnet\;C:\msys64\mingw64\bin;C:\Program Files\nodejs\;C:\ProgramData\chocolatey\bin;C:\Program Files (x86)\Microsoft SQL Server\160\DTS\Binn\;C:\Program Files\Azure Data Studio\bin;C:\Program Files (x86)\Microsoft SQL Server\160\Tools\Binn\;C:\Program Files\Microsoft SQL Server\160\Tools\Binn\;C:\Program Files\Microsoft SQL Server\Client SDK\ODBC\170\Tools\Binn\;C:\Program Files\Microsoft SQL Server\160\DTS\Binn\;C:\Program Files\Microsoft SQL Server\120\Tools\Binn\;C:\Program Files\Java\jdk-17\bin;C:\Python312\~cripts;C:\Program Files\Docker\Docker\resources\bin;C:\;C:\Program Files\MongoDB\Server\8.0\bin;C:\Users\phaml\Downloads\mongosh-2.3.8-win32-x64\mongosh-2.3.8-win32-x64\bin;C:\Users\phaml\AppData\Local\Programs\Python\Python313\Scripts;C:\Users\phaml\AppData\Local\Programs\Python\Python313\Scripts;C:\Program Files\PowerShell\7\;C:\Program Files\JetBrains\IntelliJ IDEA 2024.2.0.1\bin\idea64.exe;C:\apache-maven-3.9.9-bin\apache-maven-3.9.9\bin;C:\Program Files\Git\cmd;C:\Users\phaml\AppData\Local\Microsoft\WindowsApps;C:\MinGW\bin;C:\Users\phaml\AppData\Roaming\npm;C:\Program Files\Azure Data Studio\bin;C:\Users\phaml\AppData\Local\Programs\Azure Data Studio\bin;C:\Program Files\Azure Data Studio\bin;C:\Program Files\JetBrains\IntelliJ IDEA 2024.2.0.1\bin;;C:\Program Files\JetBrains\PyCharm 2024.1.1\bin;;C:\Program Files\JetBrains\GoLand 2024.1.1\bin;;C:\Users\phaml\AppData\Local\GitHubDesktop\bin;C:\Program Files\NetBeans-17\netbeans\java\gradle\bin;C:\Users\phaml\Downloads\gradle-8.10.1-bin\gradle\bin;C:\FALL24\apache-maven-3.9.9\bin;C:\Users\phaml\AppData\Local\Programs\mongosh\;C:\Program Files\JetBrains\IntelliJ IDEA 2024.2.0.1\bin\idea64.exe;C:\Users\phaml\AppData\Local\Microsoft\WinGet\Packages\Schniz.fnm_Microsoft.Winget.Source_8wekyb3d8bbwe;C:\Users\phaml\AppData\Local\Programs\cursor\resources\app\bin
USERNAME=phaml
OS=Windows_NT
PROCESSOR_IDENTIFIER=Intel64 Family 6 Model 140 Stepping 1, GenuineIntel
TMP=C:\Users\phaml\AppData\Local\Temp
TEMP=C:\Users\phaml\AppData\Local\Temp




Periodic native trim disabled

---------------  S Y S T E M  ---------------

OS:
 Windows 11 , 64 bit Build 22621 (10.0.22621.5015)
OS uptime: 7 days 12:55 hours
Hyper-V role detected

CPU: total 8 (initial active 8) (4 cores per cpu, 2 threads per core) family 6 model 140 stepping 1 microcode 0x8a, cx8, cmov, fxsr, ht, mmx, 3dnowpref, sse, sse2, sse3, ssse3, sse4.1, sse4.2, popcnt, lzcnt, tsc, tscinvbit, avx, avx2, aes, erms, clmul, bmi1, bmi2, adx, avx512f, avx512dq, avx512cd, avx512bw, avx512vl, sha, fma, vzeroupper, avx512_vpopcntdq, avx512_vpclmulqdq, avx512_vaes, avx512_vnni, clflush, clflushopt, clwb, avx512_vbmi2, avx512_vbmi, hv, rdtscp, rdpid, fsrm, gfni, avx512_bitalg, f16c, cet_ibt, cet_ss, avx512_ifma
Processor Information for all 8 processors :
  Max Mhz: 2419, Current Mhz: 2419, Mhz Limit: 2419

Memory: 4k page, system-wide physical 24375M (4181M free)
TotalPageFile size 32567M (AvailPageFile size 3M)
current process WorkingSet (physical memory assigned to process): 145M, peak: 145M
current process commit charge ("private bytes"): 517M, peak: 517M

vm_info: OpenJDK 64-Bit Server VM (22.0.2+9-70) for windows-amd64 JRE (22.0.2+9-70), built on 2024-06-04T16:52:23Z by "mach5one" with MS VC++ 17.6 (VS2022)

END.
